Archive member included to satisfy reference by file (symbol)

c:/siliconlabs/simplicitystudio/v5/developer/toolchains/gnu_arm/12.2.rel1_2023.7/bin/../lib/gcc/arm-none-eabi/12.2.1/thumb/v7e-m+fp/softfp\libgcc.a(_arm_addsubdf3.o)
                              ./wiseconnect3_sdk_3.3.0/components/device/silabs/si91x/mcu/drivers/peripheral_drivers/src/clock_update.o (__aeabi_dadd)
c:/siliconlabs/simplicitystudio/v5/developer/toolchains/gnu_arm/12.2.rel1_2023.7/bin/../lib/gcc/arm-none-eabi/12.2.1/thumb/v7e-m+fp/softfp\libgcc.a(_arm_muldivdf3.o)
                              ./wiseconnect3_sdk_3.3.0/components/device/silabs/si91x/mcu/drivers/peripheral_drivers/src/clock_update.o (__aeabi_ddiv)
c:/siliconlabs/simplicitystudio/v5/developer/toolchains/gnu_arm/12.2.rel1_2023.7/bin/../lib/gcc/arm-none-eabi/12.2.1/thumb/v7e-m+fp/softfp\libgcc.a(_arm_fixunsdfsi.o)
                              ./wiseconnect3_sdk_3.3.0/components/device/silabs/si91x/mcu/drivers/peripheral_drivers/src/clock_update.o (__aeabi_d2uiz)
c:/siliconlabs/simplicitystudio/v5/developer/toolchains/gnu_arm/12.2.rel1_2023.7/bin/../lib/gcc/arm-none-eabi/12.2.1/thumb/v7e-m+fp/softfp\libc_nano.a(libc_a-exit.o)
                              c:/siliconlabs/simplicitystudio/v5/developer/toolchains/gnu_arm/12.2.rel1_2023.7/bin/../lib/gcc/arm-none-eabi/12.2.1/thumb/v7e-m+fp/softfp/crt0.o (exit)
c:/siliconlabs/simplicitystudio/v5/developer/toolchains/gnu_arm/12.2.rel1_2023.7/bin/../lib/gcc/arm-none-eabi/12.2.1/thumb/v7e-m+fp/softfp\libc_nano.a(libc_a-nano-vfprintf_float.o)
                              (_printf_float)
c:/siliconlabs/simplicitystudio/v5/developer/toolchains/gnu_arm/12.2.rel1_2023.7/bin/../lib/gcc/arm-none-eabi/12.2.1/thumb/v7e-m+fp/softfp\libc_nano.a(libc_a-nano-vfprintf_i.o)
                              c:/siliconlabs/simplicitystudio/v5/developer/toolchains/gnu_arm/12.2.rel1_2023.7/bin/../lib/gcc/arm-none-eabi/12.2.1/thumb/v7e-m+fp/softfp\libc_nano.a(libc_a-nano-vfprintf_float.o) (_printf_common)
c:/siliconlabs/simplicitystudio/v5/developer/toolchains/gnu_arm/12.2.rel1_2023.7/bin/../lib/gcc/arm-none-eabi/12.2.1/thumb/v7e-m+fp/softfp\libc_nano.a(libc_a-findfp.o)
                              c:/siliconlabs/simplicitystudio/v5/developer/toolchains/gnu_arm/12.2.rel1_2023.7/bin/../lib/gcc/arm-none-eabi/12.2.1/thumb/v7e-m+fp/softfp\libc_nano.a(libc_a-exit.o) (__stdio_exit_handler)
c:/siliconlabs/simplicitystudio/v5/developer/toolchains/gnu_arm/12.2.rel1_2023.7/bin/../lib/gcc/arm-none-eabi/12.2.1/thumb/v7e-m+fp/softfp\libc_nano.a(libc_a-fwalk.o)
                              c:/siliconlabs/simplicitystudio/v5/developer/toolchains/gnu_arm/12.2.rel1_2023.7/bin/../lib/gcc/arm-none-eabi/12.2.1/thumb/v7e-m+fp/softfp\libc_nano.a(libc_a-findfp.o) (_fwalk_sglue)
c:/siliconlabs/simplicitystudio/v5/developer/toolchains/gnu_arm/12.2.rel1_2023.7/bin/../lib/gcc/arm-none-eabi/12.2.1/thumb/v7e-m+fp/softfp\libc_nano.a(libc_a-printf.o)
                              ./ampak_gspi_util.o (printf)
c:/siliconlabs/simplicitystudio/v5/developer/toolchains/gnu_arm/12.2.rel1_2023.7/bin/../lib/gcc/arm-none-eabi/12.2.1/thumb/v7e-m+fp/softfp\libc_nano.a(libc_a-puts.o)
                              ./ampak_gspi_util.o (puts)
c:/siliconlabs/simplicitystudio/v5/developer/toolchains/gnu_arm/12.2.rel1_2023.7/bin/../lib/gcc/arm-none-eabi/12.2.1/thumb/v7e-m+fp/softfp\libc_nano.a(libc_a-stdio.o)
                              c:/siliconlabs/simplicitystudio/v5/developer/toolchains/gnu_arm/12.2.rel1_2023.7/bin/../lib/gcc/arm-none-eabi/12.2.1/thumb/v7e-m+fp/softfp\libc_nano.a(libc_a-findfp.o) (__sread)
c:/siliconlabs/simplicitystudio/v5/developer/toolchains/gnu_arm/12.2.rel1_2023.7/bin/../lib/gcc/arm-none-eabi/12.2.1/thumb/v7e-m+fp/softfp\libc_nano.a(libc_a-wbuf.o)
                              c:/siliconlabs/simplicitystudio/v5/developer/toolchains/gnu_arm/12.2.rel1_2023.7/bin/../lib/gcc/arm-none-eabi/12.2.1/thumb/v7e-m+fp/softfp\libc_nano.a(libc_a-puts.o) (__swbuf_r)
c:/siliconlabs/simplicitystudio/v5/developer/toolchains/gnu_arm/12.2.rel1_2023.7/bin/../lib/gcc/arm-none-eabi/12.2.1/thumb/v7e-m+fp/softfp\libc_nano.a(libc_a-wsetup.o)
                              c:/siliconlabs/simplicitystudio/v5/developer/toolchains/gnu_arm/12.2.rel1_2023.7/bin/../lib/gcc/arm-none-eabi/12.2.1/thumb/v7e-m+fp/softfp\libc_nano.a(libc_a-puts.o) (__swsetup_r)
c:/siliconlabs/simplicitystudio/v5/developer/toolchains/gnu_arm/12.2.rel1_2023.7/bin/../lib/gcc/arm-none-eabi/12.2.1/thumb/v7e-m+fp/softfp\libc_nano.a(libc_a-memset.o)
                              c:/siliconlabs/simplicitystudio/v5/developer/toolchains/gnu_arm/12.2.rel1_2023.7/bin/../lib/gcc/arm-none-eabi/12.2.1/thumb/v7e-m+fp/softfp/crt0.o (memset)
c:/siliconlabs/simplicitystudio/v5/developer/toolchains/gnu_arm/12.2.rel1_2023.7/bin/../lib/gcc/arm-none-eabi/12.2.1/thumb/v7e-m+fp/softfp\libc_nano.a(libc_a-localeconv.o)
[...]
Memory Configuration

Name             Origin             Length             Attributes
rom              0x08202000         0x001fe000         xr
ram              0x0000000c         0x0002fbf4         xrw
udma0            0x0002fc00         0x00000400         xrw
udma1            0x24061c00         0x00000400         xrw
*default*        0x00000000         0xffffffff

Linker script and memory map

LOAD c:/siliconlabs/simplicitystudio/v5/developer/toolchains/gnu_arm/12.2.rel1_2023.7/bin/../lib/gcc/arm-none-eabi/12.2.1/thumb/v7e-m+fp/softfp/crti.o
LOAD c:/siliconlabs/simplicitystudio/v5/developer/toolchains/gnu_arm/12.2.rel1_2023.7/bin/../lib/gcc/arm-none-eabi/12.2.1/thumb/v7e-m+fp/softfp/crtbegin.o
LOAD c:/siliconlabs/simplicitystudio/v5/developer/toolchains/gnu_arm/12.2.rel1_2023.7/bin/../lib/gcc/arm-none-eabi/12.2.1/thumb/v7e-m+fp/softfp/crt0.o
START GROUP
LOAD ./ampak_gspi_util.o
LOAD ./app.o
LOAD ./main.o
LOAD ./autogen/sl_event_handler.o
LOAD ./autogen/sl_ulp_timer_init.o
LOAD ./simplicity_sdk_2024.6.0/platform/common/src/sl_assert.o
LOAD ./simplicity_sdk_2024.6.0/platform/service/system/src/sl_system_init.o
LOAD ./simplicity_sdk_2024.6.0/platform/service/system/src/sl_system_process_action.o
LOAD ./wiseconnect3_sdk_3.3.0/components/board/silabs/src/rsi_board.o
LOAD ./wiseconnect3_sdk_3.3.0/components/device/silabs/si91x/mcu/core/chip/src/iPMU_prog/iPMU_dotc/ipmu_apis.o
LOAD ./wiseconnect3_sdk_3.3.0/components/device/silabs/si91x/mcu/core/chip/src/iPMU_prog/iPMU_dotc/rsi_system_config_917.o
LOAD ./wiseconnect3_sdk_3.3.0/components/device/silabs/si91x/mcu/core/chip/src/rsi_deepsleep_soc.o
LOAD ./wiseconnect3_sdk_3.3.0/components/device/silabs/si91x/mcu/core/chip/src/rsi_ps_ram_func.o
LOAD ./wiseconnect3_sdk_3.3.0/components/device/silabs/si91x/mcu/core/chip/src/startup_si91x.o
LOAD ./wiseconnect3_sdk_3.3.0/components/device/silabs/si91x/mcu/core/chip/src/system_si91x.o
LOAD ./wiseconnect3_sdk_3.3.0/components/device/silabs/si91x/mcu/core/common/src/rsi_debug.o
LOAD ./wiseconnect3_sdk_3.3.0/components/device/silabs/si91x/mcu/core/common/src/sl_si91x_stack_object_declare.o
LOAD ./wiseconnect3_sdk_3.3.0/components/device/silabs/si91x/mcu/core/common/src/syscalls.o
LOAD ./wiseconnect3_sdk_3.3.0/components/device/silabs/si91x/mcu/core/config/src/rsi_nvic_priorities_config.o
LOAD ./wiseconnect3_sdk_3.3.0/components/device/silabs/si91x/mcu/drivers/cmsis_driver/GSPI.o
LOAD ./wiseconnect3_sdk_3.3.0/components/device/silabs/si91x/mcu/drivers/cmsis_driver/UDMA.o
LOAD ./wiseconnect3_sdk_3.3.0/components/device/silabs/si91x/mcu/drivers/cmsis_driver/USART.o
LOAD ./wiseconnect3_sdk_3.3.0/components/device/silabs/si91x/mcu/drivers/peripheral_drivers/src/clock_update.o
LOAD ./wiseconnect3_sdk_3.3.0/components/device/silabs/si91x/mcu/drivers/peripheral_drivers/src/rsi_crc.o
LOAD ./wiseconnect3_sdk_3.3.0/components/device/silabs/si91x/mcu/drivers/peripheral_drivers/src/rsi_egpio.o
LOAD ./wiseconnect3_sdk_3.3.0/components/device/silabs/si91x/mcu/drivers/peripheral_drivers/src/rsi_gspi.o
LOAD ./wiseconnect3_sdk_3.3.0/components/device/silabs/si91x/mcu/drivers/peripheral_drivers/src/rsi_timers.o
LOAD ./wiseconnect3_sdk_3.3.0/components/device/silabs/si91x/mcu/drivers/peripheral_drivers/src/rsi_udma.o
LOAD ./wiseconnect3_sdk_3.3.0/components/device/silabs/si91x/mcu/drivers/peripheral_drivers/src/rsi_udma_wrapper.o
LOAD ./wiseconnect3_sdk_3.3.0/components/device/silabs/si91x/mcu/drivers/peripheral_drivers/src/rsi_usart.o
LOAD ./wiseconnect3_sdk_3.3.0/components/device/silabs/si91x/mcu/drivers/service/clock_manager/src/sl_si91x_clock_manager.o
LOAD ./wiseconnect3_sdk_3.3.0/components/device/silabs/si91x/mcu/drivers/systemlevel/src/rsi_ipmu.o
LOAD ./wiseconnect3_sdk_3.3.0/components/device/silabs/si91x/mcu/drivers/systemlevel/src/rsi_pll.o
LOAD ./wiseconnect3_sdk_3.3.0/components/device/silabs/si91x/mcu/drivers/systemlevel/src/rsi_temp_sensor.o
LOAD ./wiseconnect3_sdk_3.3.0/components/device/silabs/si91x/mcu/drivers/systemlevel/src/rsi_ulpss_clk.o
LOAD ./wiseconnect3_sdk_3.3.0/components/device/silabs/si91x/mcu/drivers/unified_api/src/sl_si91x_dma.o
LOAD ./wiseconnect3_sdk_3.3.0/components/device/silabs/si91x/mcu/drivers/unified_api/src/sl_si91x_gspi.o
LOAD ./wiseconnect3_sdk_3.3.0/components/device/silabs/si91x/mcu/drivers/unified_api/src/sl_si91x_ulp_timer.o
LOAD c:/siliconlabs/simplicitystudio/v5/developer/toolchains/gnu_arm/12.2.rel1_2023.7/bin/../lib/gcc/arm-none-eabi/12.2.1/thumb/v7e-m+fp/softfp\libgcc.a
LOAD c:/siliconlabs/simplicitystudio/v5/developer/toolchains/gnu_arm/12.2.rel1_2023.7/bin/../lib/gcc/arm-none-eabi/12.2.1/thumb/v7e-m+fp/softfp\libnosys.a
LOAD c:/siliconlabs/simplicitystudio/v5/developer/toolchains/gnu_arm/12.2.rel1_2023.7/bin/../lib/gcc/arm-none-eabi/12.2.1/thumb/v7e-m+fp/softfp\libc_nano.a
LOAD c:/siliconlabs/simplicitystudio/v5/developer/toolchains/gnu_arm/12.2.rel1_2023.7/bin/../lib/gcc/arm-none-eabi/12.2.1/thumb/v7e-m+fp/softfp\libm.a
END GROUP
START GROUP
LOAD c:/siliconlabs/simplicitystudio/v5/developer/toolchains/gnu_arm/12.2.rel1_2023.7/bin/../lib/gcc/arm-none-eabi/12.2.1/thumb/v7e-m+fp/softfp\libgcc.a
LOAD c:/siliconlabs/simplicitystudio/v5/developer/toolchains/gnu_arm/12.2.rel1_2023.7/bin/../lib/gcc/arm-none-eabi/12.2.1/thumb/v7e-m+fp/softfp\libc_nano.a
LOAD c:/siliconlabs/simplicitystudio/v5/developer/toolchains/gnu_arm/12.2.rel1_2023.7/bin/../lib/gcc/arm-none-eabi/12.2.1/thumb/v7e-m+fp/softfp\libnosys.a
END GROUP
START GROUP
LOAD c:/siliconlabs/simplicitystudio/v5/developer/toolchains/gnu_arm/12.2.rel1_2023.7/bin/../lib/gcc/arm-none-eabi/12.2.1/thumb/v7e-m+fp/softfp\libgcc.a
LOAD c:/siliconlabs/simplicitystudio/v5/developer/toolchains/gnu_arm/12.2.rel1_2023.7/bin/../lib/gcc/arm-none-eabi/12.2.1/thumb/v7e-m+fp/softfp\libg_nano.a
LOAD c:/siliconlabs/simplicitystudio/v5/developer/toolchains/gnu_arm/12.2.rel1_2023.7/bin/../lib/gcc/arm-none-eabi/12.2.1/thumb/v7e-m+fp/softfp\libc_nano.a
END GROUP
START GROUP
LOAD c:/siliconlabs/simplicitystudio/v5/developer/toolchains/gnu_arm/12.2.rel1_2023.7/bin/../lib/gcc/arm-none-eabi/12.2.1/thumb/v7e-m+fp/softfp\libgcc.a
LOAD c:/siliconlabs/simplicitystudio/v5/developer/toolchains/gnu_arm/12.2.rel1_2023.7/bin/../lib/gcc/arm-none-eabi/12.2.1/thumb/v7e-m+fp/softfp\libc_nano.a
END GROUP
LOAD c:/siliconlabs/simplicitystudio/v5/developer/toolchains/gnu_arm/12.2.rel1_2023.7/bin/../lib/gcc/arm-none-eabi/12.2.1/thumb/v7e-m+fp/softfp/crtend.o
LOAD c:/siliconlabs/simplicitystudio/v5/developer/toolchains/gnu_arm/12.2.rel1_2023.7/bin/../lib/gcc/arm-none-eabi/12.2.1/thumb/v7e-m+fp/softfp/crtn.o

.text           0x08202000     0x86d0
 *(.isr_vector)
 .isr_vector    0x08202000      0x16c ./wiseconnect3_sdk_3.3.0/components/device/silabs/si91x/mcu/core/chip/src/startup_si91x.o
                0x08202000                __Vectors
 *(EXCLUDE_FILE(*UDMA.o) .text*)
 .text.deregister_tm_clones
                0x0820216c       0x1c c:/siliconlabs/simplicitystudio/v5/developer/toolchains/gnu_arm/12.2.rel1_2023.7/bin/../lib/gcc/arm-none-eabi/12.2.1/thumb/v7e-m+fp/softfp/crtbegin.o
 .text.register_tm_clones
                0x08202188       0x24 c:/siliconlabs/simplicitystudio/v5/developer/toolchains/gnu_arm/12.2.rel1_2023.7/bin/../lib/gcc/arm-none-eabi/12.2.1/thumb/v7e-m+fp/softfp/crtbegin.o
 .text.__do_global_dtors_aux
                0x082021ac       0x28 c:/siliconlabs/simplicitystudio/v5/developer/toolchains/gnu_arm/12.2.rel1_2023.7/bin/../lib/gcc/arm-none-eabi/12.2.1/thumb/v7e-m+fp/softfp/crtbegin.o
 .text.frame_dummy
                0x082021d4       0x24 c:/siliconlabs/simplicitystudio/v5/developer/toolchains/gnu_arm/12.2.rel1_2023.7/bin/../lib/gcc/arm-none-eabi/12.2.1/thumb/v7e-m+fp/softfp/crtbegin.o
 .text.gspi_callback_event
                0x082021f8       0x10 ./ampak_gspi_util.o
 .text.compare_loop_back_data
                0x08202208       0x54 ./ampak_gspi_util.o
 .text.gspi_init
                0x0820225c      0x184 ./ampak_gspi_util.o
                0x0820225c                gspi_init
 .text.ampak_gspi_transfer
                0x082023e0       0x30 ./ampak_gspi_util.o
                0x082023e0                ampak_gspi_transfer
 .text.ampak_gspi_send
                0x08202410       0x2c ./ampak_gspi_util.o
                0x08202410                ampak_gspi_send
 .text.ampak_gspi_receive
                0x0820243c       0x2c ./ampak_gspi_util.o
                0x0820243c                ampak_gspi_receive
 .text.gspi_test_run
                0x08202468      0x120 ./ampak_gspi_util.o
                0x08202468                gspi_test_run
 .text.app_init
                0x08202588        0x4 ./app.o
                0x08202588                app_init
 .text.app_process_action
                0x0820258c        0x4 ./app.o
                0x0820258c                app_process_action
 .text.startup.main
                0x08202590       0x14 ./main.o
                0x08202590                main
 .text.sl_platform_init
                0x082025a4       0x12 ./autogen/sl_event_handler.o
                0x082025a4                sl_platform_init
 .text.sl_driver_init
                0x082025b6        0x2 ./autogen/sl_event_handler.o
                0x082025b6                sl_driver_init
 .text.sl_service_init
                0x082025b8        0x2 ./autogen/sl_event_handler.o
                0x082025b8                sl_service_init
 .text.sl_stack_init
                0x082025ba        0x2 ./autogen/sl_event_handler.o
                0x082025ba                sl_stack_init
 .text.sl_internal_app_init
                0x082025bc        0x2 ./autogen/sl_event_handler.o
                0x082025bc                sl_internal_app_init
 .text.sl_platform_process_action
                0x082025be        0x2 ./autogen/sl_event_handler.o
                0x082025be                sl_platform_process_action
 .text.sl_service_process_action
                0x082025c0        0x2 ./autogen/sl_event_handler.o
                0x082025c0                sl_service_process_action
 .text.sl_stack_process_action
                0x082025c2        0x2 ./autogen/sl_event_handler.o
                0x082025c2                sl_stack_process_action
 .text.sl_internal_app_process_action
                0x082025c4        0x2 ./autogen/sl_event_handler.o
                0x082025c4                sl_internal_app_process_action
 .text.sl_system_init
                0x082025c6       0x1a ./simplicity_sdk_2024.6.0/platform/service/system/src/sl_system_init.o
                0x082025c6                sl_system_init
 .text.sl_system_process_action
                0x082025e0       0x16 ./simplicity_sdk_2024.6.0/platform/service/system/src/sl_system_process_action.o
                0x082025e0                sl_system_process_action
 *fill*         0x082025f6        0x2 
 .text.RSI_Board_Init
                0x082025f8       0x5c ./wiseconnect3_sdk_3.3.0/components/board/silabs/src/rsi_board.o
                0x082025f8                RSI_Board_Init
 .text.init_ipmu_calib_data
                0x08202654       0x54 ./wiseconnect3_sdk_3.3.0/components/device/silabs/si91x/mcu/core/chip/src/iPMU_prog/iPMU_dotc/ipmu_apis.o
                0x08202654                init_ipmu_calib_data
 .text.program_ipmu_data
                0x082026a8       0x54 ./wiseconnect3_sdk_3.3.0/components/device/silabs/si91x/mcu/core/chip/src/iPMU_prog/iPMU_dotc/ipmu_apis.o
                0x082026a8                program_ipmu_data
 .text.ipmu_init_mcu
                0x082026fc       0x94 ./wiseconnect3_sdk_3.3.0/components/device/silabs/si91x/mcu/core/chip/src/iPMU_prog/iPMU_dotc/ipmu_apis.o
                0x082026fc                ipmu_init_mcu
 .text.ipmu_init
                0x08202790       0xa8 ./wiseconnect3_sdk_3.3.0/components/device/silabs/si91x/mcu/core/chip/src/iPMU_prog/iPMU_dotc/ipmu_apis.o
                0x08202790                ipmu_init
 .text.configure_ipmu_mode
                0x08202838       0x38 ./wiseconnect3_sdk_3.3.0/components/device/silabs/si91x/mcu/core/chip/src/iPMU_prog/iPMU_dotc/ipmu_apis.o
                0x08202838                configure_ipmu_mode
 .text.RSI_PS_RestoreCpuContext
                0x08202870       0x34 ./wiseconnect3_sdk_3.3.0/components/device/silabs/si91x/mcu/core/chip/src/rsi_deepsleep_soc.o
                0x08202870                RSI_PS_RestoreCpuContext
 .text.RSI_Set_Cntrls_To_M4
                0x082028a4       0x50 ./wiseconnect3_sdk_3.3.0/components/device/silabs/si91x/mcu/core/chip/src/rsi_deepsleep_soc.o
                0x082028a4                RSI_Set_Cntrls_To_M4
 .text.Default_Handler
                0x082028f4        0x2 ./wiseconnect3_sdk_3.3.0/components/device/silabs/si91x/mcu/core/chip/src/startup_si91x.o
                0x082028f4                DebugMon_Handler
                0x082028f4                IRQ031_Handler
                0x082028f4                HardFault_Handler
                0x082028f4                IRQ058_Handler
                0x082028f4                IRQ095_Handler
                0x082028f4                IRQ065_Handler
                0x082028f4                SysTick_Handler
                0x082028f4                IRQ019_Handler
                0x082028f4                IRQ056_Handler
                0x082028f4                IRQ093_Handler
                0x082028f4                PendSV_Handler
                0x082028f4                NMI_Handler
                0x082028f4                IRQ011_Handler
                0x082028f4                IRQ014_Handler
                0x082028f4                IRQ051_Handler
                0x082028f4                IRQ027_Handler
                0x082028f4                IRQ062_Handler
                0x082028f4                IRQ097_Handler
                0x082028f4                IRQ088_Handler
                0x082028f4                IRQ034_Handler
                0x082028f4                IRQ071_Handler
                0x082028f4                IRQ067_Handler
                0x082028f4                IRQ070_Handler
                0x082028f4                IRQ077_Handler
                0x082028f4                IRQ028_Handler
                0x082028f4                IRQ063_Handler
                0x082028f4                IRQ076_Handler
                0x082028f4                UsageFault_Handler
                0x082028f4                IRQ023_Handler
                0x082028f4                IRQ009_Handler
                0x082028f4                IRQ048_Handler
                0x082028f4                IRQ083_Handler
                0x082028f4                IRQ089_Handler
                0x082028f4                HIF1_IRQHandler
                0x082028f4                IRQ037_Handler
                0x082028f4                IRQ074_Handler
                0x082028f4                IRQ072_Handler
                0x082028f4                IRQ021_Handler
                0x082028f4                IRQ008_Handler
                0x082028f4                IRQ047_Handler
                0x082028f4                IRQ082_Handler
                0x082028f4                IRQ022_Handler
                0x082028f4                IRQ007_Handler
                0x082028f4                IRQ081_Handler
                0x082028f4                IRQ043_Handler
                0x082028f4                IRQ041_Handler
                0x082028f4                IRQ098_Handler
                0x082028f4                IRQ000_Handler
                0x082028f4                IRQ044_Handler
                0x082028f4                IRQ049_Handler
                0x082028f4                IRQ084_Handler
                0x082028f4                IRQ006_Handler
                0x082028f4                IRQ045_Handler
                0x082028f4                IRQ080_Handler
                0x082028f4                IRQ015_Handler
                0x082028f4                IRQ052_Handler
                0x082028f4                MemManage_Handler
                0x082028f4                HIF2_IRQHandler
                0x082028f4                SVC_Handler
                0x082028f4                IRQ001_Handler
                0x082028f4                IRQ040_Handler
                0x082028f4                IRQ068_Handler
                0x082028f4                IRQ059_Handler
                0x082028f4                IRQ096_Handler
                0x082028f4                IRQ042_Handler
                0x082028f4                IRQ024_Handler
                0x082028f4                IRQ016_Handler
                0x082028f4                IRQ053_Handler
                0x082028f4                IRQ090_Handler
                0x082028f4                IRQ078_Handler
                0x082028f4                IRQ032_Handler
                0x082028f4                IRQ020_Handler
                0x082028f4                IRQ073_Handler
                0x082028f4                IRQ018_Handler
                0x082028f4                IRQ055_Handler
                0x082028f4                IRQ092_Handler
                0x082028f4                IRQ087_Handler
                0x082028f4                IRQ026_Handler
                0x082028f4                IRQ061_Handler
                0x082028f4                IRQ025_Handler
                0x082028f4                IRQ060_Handler
                0x082028f4                IRQ085_Handler
                0x082028f4                IRQ013_Handler
                0x082028f4                IRQ050_Handler
                0x082028f4                IRQ030_Handler
                0x082028f4                IRQ029_Handler
                0x082028f4                IRQ064_Handler
                0x082028f4                IRQ066_Handler
                0x082028f4                IRQ017_Handler
                0x082028f4                IRQ054_Handler
                0x082028f4                IRQ091_Handler
                0x082028f4                BusFault_Handler
                0x082028f4                IRQ069_Handler
                0x082028f4                IRQ075_Handler
                0x082028f4                IRQ086_Handler
                0x082028f4                IRQ057_Handler
                0x082028f4                IRQ094_Handler
                0x082028f4                IRQ079_Handler
 .text.Default_Reset_Handler
                0x082028f6        0x2 ./wiseconnect3_sdk_3.3.0/components/device/silabs/si91x/mcu/core/chip/src/startup_si91x.o
                0x082028f6                Default_Reset_Handler
                0x082028f6                Reset_Handler
 .text.Copy_Table
                0x082028f8       0x24 ./wiseconnect3_sdk_3.3.0/components/device/silabs/si91x/mcu/core/chip/src/startup_si91x.o
                0x082028f8                Copy_Table
 .text.Zero_Table
                0x0820291c       0x24 ./wiseconnect3_sdk_3.3.0/components/device/silabs/si91x/mcu/core/chip/src/startup_si91x.o
                0x0820291c                Zero_Table
 .text.RSI_Default_Reset_Handler
                0x08202940       0x16 ./wiseconnect3_sdk_3.3.0/components/device/silabs/si91x/mcu/core/chip/src/startup_si91x.o
                0x08202940                RSI_Default_Reset_Handler
 *fill*         0x08202956        0x2 
 .text.SystemCoreClockUpdate
                0x08202958      0x118 ./wiseconnect3_sdk_3.3.0/components/device/silabs/si91x/mcu/core/chip/src/system_si91x.o
                0x08202958                SystemCoreClockUpdate
 .text.fpuInit  0x08202a70       0x44 ./wiseconnect3_sdk_3.3.0/components/device/silabs/si91x/mcu/core/chip/src/system_si91x.o
                0x08202a70                fpuInit
 .text.SystemInit
                0x08202ab4       0xe4 ./wiseconnect3_sdk_3.3.0/components/device/silabs/si91x/mcu/core/chip/src/system_si91x.o
                0x08202ab4                SystemInit
 .text.ARM_UART_SignalEvent
                0x08202b98       0x24 ./wiseconnect3_sdk_3.3.0/components/device/silabs/si91x/mcu/core/common/src/rsi_debug.o
                0x08202b98                ARM_UART_SignalEvent
 .text.Board_Debug_Init
                0x08202bbc       0x4c ./wiseconnect3_sdk_3.3.0/components/device/silabs/si91x/mcu/core/common/src/rsi_debug.o
                0x08202bbc                Board_Debug_Init
 .text.Board_UARTGetChar
                0x08202c08       0x30 ./wiseconnect3_sdk_3.3.0/components/device/silabs/si91x/mcu/core/common/src/rsi_debug.o
                0x08202c08                Board_UARTGetChar
 .text.Board_UARTPutChar
                0x08202c38       0x30 ./wiseconnect3_sdk_3.3.0/components/device/silabs/si91x/mcu/core/common/src/rsi_debug.o
                0x08202c38                Board_UARTPutChar
 .text.read_exclude_space
                0x08202c68       0x20 ./wiseconnect3_sdk_3.3.0/components/device/silabs/si91x/mcu/core/common/src/syscalls.o
 .text._getpid  0x08202c88        0x4 ./wiseconnect3_sdk_3.3.0/components/device/silabs/si91x/mcu/core/common/src/syscalls.o
                0x08202c88                _getpid
 .text._kill    0x08202c8c       0x10 ./wiseconnect3_sdk_3.3.0/components/device/silabs/si91x/mcu/core/common/src/syscalls.o
                0x08202c8c                _kill
 .text._exit    0x08202c9c        0xc ./wiseconnect3_sdk_3.3.0/components/device/silabs/si91x/mcu/core/common/src/syscalls.o
                0x08202c9c                _exit
 .text._write   0x08202ca8       0x1c ./wiseconnect3_sdk_3.3.0/components/device/silabs/si91x/mcu/core/common/src/syscalls.o
                0x08202ca8                _write
 .text._sbrk    0x08202cc4       0x20 ./wiseconnect3_sdk_3.3.0/components/device/silabs/si91x/mcu/core/common/src/syscalls.o
                0x08202cc4                _sbrk
 .text._close   0x08202ce4        0x6 ./wiseconnect3_sdk_3.3.0/components/device/silabs/si91x/mcu/core/common/src/syscalls.o
                0x08202ce4                _close
 .text._fstat   0x08202cea        0xa ./wiseconnect3_sdk_3.3.0/components/device/silabs/si91x/mcu/core/common/src/syscalls.o
                0x08202cea                _fstat
 .text._isatty  0x08202cf4        0x4 ./wiseconnect3_sdk_3.3.0/components/device/silabs/si91x/mcu/core/common/src/syscalls.o
                0x08202cf4                _isatty
 .text._lseek   0x08202cf8        0x4 ./wiseconnect3_sdk_3.3.0/components/device/silabs/si91x/mcu/core/common/src/syscalls.o
                0x08202cf8                _lseek
 .text._read    0x08202cfc      0x30c ./wiseconnect3_sdk_3.3.0/components/device/silabs/si91x/mcu/core/common/src/syscalls.o
                0x08202cfc                _read
 .text.GSPI_MASTER_GetVersion
                0x08203008       0x20 ./wiseconnect3_sdk_3.3.0/components/device/silabs/si91x/mcu/drivers/cmsis_driver/GSPI.o
                0x08203008                GSPI_MASTER_GetVersion
 .text.GSPI_MASTER_GetCapabilities
                0x08203028        0x4 ./wiseconnect3_sdk_3.3.0/components/device/silabs/si91x/mcu/drivers/cmsis_driver/GSPI.o
                0x08203028                GSPI_MASTER_GetCapabilities
 .text.GSPI_MASTER_UDMA_Tx_Event
                0x0820302c        0xc ./wiseconnect3_sdk_3.3.0/components/device/silabs/si91x/mcu/drivers/cmsis_driver/GSPI.o
                0x0820302c                GSPI_MASTER_UDMA_Tx_Event
 .text.GSPI_MASTER_UDMA_Rx_Event
                0x08203038        0xc ./wiseconnect3_sdk_3.3.0/components/device/silabs/si91x/mcu/drivers/cmsis_driver/GSPI.o
                0x08203038                GSPI_MASTER_UDMA_Rx_Event
 .text.GSPI_MASTER_GetStatus
                0x08203044        0xc ./wiseconnect3_sdk_3.3.0/components/device/silabs/si91x/mcu/drivers/cmsis_driver/GSPI.o
 .text.GSPI_MASTER_Control
                0x08203050       0x3c ./wiseconnect3_sdk_3.3.0/components/device/silabs/si91x/mcu/drivers/cmsis_driver/GSPI.o
 .text.GSPI_MASTER_GetDataCount
                0x0820308c        0xc ./wiseconnect3_sdk_3.3.0/components/device/silabs/si91x/mcu/drivers/cmsis_driver/GSPI.o
 .text.GSPI_MASTER_Transfer
                0x08203098       0x2c ./wiseconnect3_sdk_3.3.0/components/device/silabs/si91x/mcu/drivers/cmsis_driver/GSPI.o
 .text.GSPI_MASTER_Receive
                0x082030c4       0x2c ./wiseconnect3_sdk_3.3.0/components/device/silabs/si91x/mcu/drivers/cmsis_driver/GSPI.o
 .text.GSPI_MASTER_Send
                0x082030f0       0x2c ./wiseconnect3_sdk_3.3.0/components/device/silabs/si91x/mcu/drivers/cmsis_driver/GSPI.o
 .text.GSPI_MASTER_PowerControl
                0x0820311c        0xc ./wiseconnect3_sdk_3.3.0/components/device/silabs/si91x/mcu/drivers/cmsis_driver/GSPI.o
 .text.GSPI_MASTER_Uninitialize
                0x08203128       0x10 ./wiseconnect3_sdk_3.3.0/components/device/silabs/si91x/mcu/drivers/cmsis_driver/GSPI.o
 .text.GSPI_MASTER_Initialize
                0x08203138       0x30 ./wiseconnect3_sdk_3.3.0/components/device/silabs/si91x/mcu/drivers/cmsis_driver/GSPI.o
 .text.RSI_GSPI_SetSlaveSelectNumber
                0x08203168        0xc ./wiseconnect3_sdk_3.3.0/components/device/silabs/si91x/mcu/drivers/cmsis_driver/GSPI.o
                0x08203168                RSI_GSPI_SetSlaveSelectNumber
 .text.IRQ046_Handler
                0x08203174        0xc ./wiseconnect3_sdk_3.3.0/components/device/silabs/si91x/mcu/drivers/cmsis_driver/GSPI.o
                0x08203174                IRQ046_Handler
 .text.GSPI_GetFrameLength
                0x08203180       0x10 ./wiseconnect3_sdk_3.3.0/components/device/silabs/si91x/mcu/drivers/cmsis_driver/GSPI.o
                0x08203180                GSPI_GetFrameLength
 .text.GSPI_SwapReadWriteByte
                0x08203190       0x48 ./wiseconnect3_sdk_3.3.0/components/device/silabs/si91x/mcu/drivers/cmsis_driver/GSPI.o
                0x08203190                GSPI_SwapReadWriteByte
 .text.GSPI_GetInitState
                0x082031d8       0x10 ./wiseconnect3_sdk_3.3.0/components/device/silabs/si91x/mcu/drivers/cmsis_driver/GSPI.o
                0x082031d8                GSPI_GetInitState
 .text.gspi_transfer_complete_callback
                0x082031e8       0x20 ./wiseconnect3_sdk_3.3.0/components/device/silabs/si91x/mcu/drivers/cmsis_driver/GSPI.o
                0x082031e8                gspi_transfer_complete_callback
 .text.gspi_error_callback
                0x08203208       0x20 ./wiseconnect3_sdk_3.3.0/components/device/silabs/si91x/mcu/drivers/cmsis_driver/GSPI.o
                0x08203208                gspi_error_callback
 .text.ARM_USARTx_GetVersion
                0x08203228       0x20 ./wiseconnect3_sdk_3.3.0/components/device/silabs/si91x/mcu/drivers/cmsis_driver/USART.o
                0x08203228                ARM_USARTx_GetVersion
 .text.ARM_ULP_UART_GetCapabilities
                0x08203248        0xc ./wiseconnect3_sdk_3.3.0/components/device/silabs/si91x/mcu/drivers/cmsis_driver/USART.o
 .text.ARM_ULP_UART_GetModemStatus
                0x08203254        0xc ./wiseconnect3_sdk_3.3.0/components/device/silabs/si91x/mcu/drivers/cmsis_driver/USART.o
 .text.ARM_ULP_UART_SetModemControl
                0x08203260        0xc ./wiseconnect3_sdk_3.3.0/components/device/silabs/si91x/mcu/drivers/cmsis_driver/USART.o
 .text.ARM_ULP_UART_GetStatus
                0x0820326c        0xc ./wiseconnect3_sdk_3.3.0/components/device/silabs/si91x/mcu/drivers/cmsis_driver/USART.o
 .text.ARM_ULP_UART_Control
                0x08203278       0x34 ./wiseconnect3_sdk_3.3.0/components/device/silabs/si91x/mcu/drivers/cmsis_driver/USART.o
 .text.ARM_ULP_UART_GetRxCount
                0x082032ac        0xc ./wiseconnect3_sdk_3.3.0/components/device/silabs/si91x/mcu/drivers/cmsis_driver/USART.o
 .text.ARM_ULP_UART_GetTxCount
                0x082032b8        0xc ./wiseconnect3_sdk_3.3.0/components/device/silabs/si91x/mcu/drivers/cmsis_driver/USART.o
 .text.ARM_ULP_UART_Transfer
                0x082032c4       0x54 ./wiseconnect3_sdk_3.3.0/components/device/silabs/si91x/mcu/drivers/cmsis_driver/USART.o
 .text.ARM_ULP_UART_Receive
                0x08203318       0x48 ./wiseconnect3_sdk_3.3.0/components/device/silabs/si91x/mcu/drivers/cmsis_driver/USART.o
 .text.ARM_ULP_UART_Send
                0x08203360       0x48 ./wiseconnect3_sdk_3.3.0/components/device/silabs/si91x/mcu/drivers/cmsis_driver/USART.o
 .text.ARM_ULP_UART_PowerControl
                0x082033a8       0x18 ./wiseconnect3_sdk_3.3.0/components/device/silabs/si91x/mcu/drivers/cmsis_driver/USART.o
 .text.ARM_ULP_UART_Uninitialize
                0x082033c0       0x1c ./wiseconnect3_sdk_3.3.0/components/device/silabs/si91x/mcu/drivers/cmsis_driver/USART.o
 .text.ARM_ULP_UART_Initialize
                0x082033dc       0x30 ./wiseconnect3_sdk_3.3.0/components/device/silabs/si91x/mcu/drivers/cmsis_driver/USART.o
 .text.IRQ038_Handler
                0x0820340c        0xc ./wiseconnect3_sdk_3.3.0/components/device/silabs/si91x/mcu/drivers/cmsis_driver/USART.o
                0x0820340c                IRQ038_Handler
 .text.IRQ039_Handler
                0x08203418        0xc ./wiseconnect3_sdk_3.3.0/components/device/silabs/si91x/mcu/drivers/cmsis_driver/USART.o
                0x08203418                IRQ039_Handler
 .text.IRQ012_Handler
                0x08203424        0xc ./wiseconnect3_sdk_3.3.0/components/device/silabs/si91x/mcu/drivers/cmsis_driver/USART.o
                0x08203424                IRQ012_Handler
 .text.RSI_ULPUartHandler
                0x08203430        0x4 ./wiseconnect3_sdk_3.3.0/components/device/silabs/si91x/mcu/drivers/cmsis_driver/USART.o
                0x08203430                RSI_ULPUartHandler
 .text.RSI_CLK_GetBaseClock
                0x08203434      0x50c ./wiseconnect3_sdk_3.3.0/components/device/silabs/si91x/mcu/drivers/peripheral_drivers/src/clock_update.o
                0x08203434                RSI_CLK_GetBaseClock
 .text.RSI_EGPIO_SetPinMux
                0x08203940       0x14 ./wiseconnect3_sdk_3.3.0/components/device/silabs/si91x/mcu/drivers/peripheral_drivers/src/rsi_gspi.o
 .text.RSI_EGPIO_HostPadsGpioModeEnable
                0x08203954       0x10 ./wiseconnect3_sdk_3.3.0/components/device/silabs/si91x/mcu/drivers/peripheral_drivers/src/rsi_gspi.o
 .text.RSI_EGPIO_PadSelectionEnable
                0x08203964       0x10 ./wiseconnect3_sdk_3.3.0/components/device/silabs/si91x/mcu/drivers/peripheral_drivers/src/rsi_gspi.o
 .text.RSI_EGPIO_PadReceiverEnable
                0x08203974       0x10 ./wiseconnect3_sdk_3.3.0/components/device/silabs/si91x/mcu/drivers/peripheral_drivers/src/rsi_gspi.o
 .text.RSI_EGPIO_UlpPadReceiverEnable
                0x08203984       0x10 ./wiseconnect3_sdk_3.3.0/components/device/silabs/si91x/mcu/drivers/peripheral_drivers/src/rsi_gspi.o
 .text.GSPI_Convert_Data_Width_To_Bytes
                0x08203994       0x14 ./wiseconnect3_sdk_3.3.0/components/device/silabs/si91x/mcu/drivers/peripheral_drivers/src/rsi_gspi.o
 .text.GSPI_Initialize
                0x082039a8      0x268 ./wiseconnect3_sdk_3.3.0/components/device/silabs/si91x/mcu/drivers/peripheral_drivers/src/rsi_gspi.o
                0x082039a8                GSPI_Initialize
 .text.GSPI_Uninitialize
                0x08203c10       0x50 ./wiseconnect3_sdk_3.3.0/components/device/silabs/si91x/mcu/drivers/peripheral_drivers/src/rsi_gspi.o
                0x08203c10                GSPI_Uninitialize
 .text.GSPI_PowerControl
                0x08203c60       0xf4 ./wiseconnect3_sdk_3.3.0/components/device/silabs/si91x/mcu/drivers/peripheral_drivers/src/rsi_gspi.o
                0x08203c60                GSPI_PowerControl
 .text.GSPI_Control
                0x08203d54      0x2e8 ./wiseconnect3_sdk_3.3.0/components/device/silabs/si91x/mcu/drivers/peripheral_drivers/src/rsi_gspi.o
                0x08203d54                GSPI_Control
 .text.GSPI_Send
                0x0820403c      0x184 ./wiseconnect3_sdk_3.3.0/components/device/silabs/si91x/mcu/drivers/peripheral_drivers/src/rsi_gspi.o
                0x0820403c                GSPI_Send
 .text.GSPI_Receive
                0x082041c0      0x200 ./wiseconnect3_sdk_3.3.0/components/device/silabs/si91x/mcu/drivers/peripheral_drivers/src/rsi_gspi.o
                0x082041c0                GSPI_Receive
 .text.GSPI_Transfer
                0x082043c0      0x228 ./wiseconnect3_sdk_3.3.0/components/device/silabs/si91x/mcu/drivers/peripheral_drivers/src/rsi_gspi.o
                0x082043c0                GSPI_Transfer
 .text.GSPI_GetDataCount
                0x082045e8       0x12 ./wiseconnect3_sdk_3.3.0/components/device/silabs/si91x/mcu/drivers/peripheral_drivers/src/rsi_gspi.o
                0x082045e8                GSPI_GetDataCount
 .text.GSPI_UDMA_Tx_Event
                0x082045fa       0x1c ./wiseconnect3_sdk_3.3.0/components/device/silabs/si91x/mcu/drivers/peripheral_drivers/src/rsi_gspi.o
                0x082045fa                GSPI_UDMA_Tx_Event
 .text.GSPI_UDMA_Rx_Event
                0x08204616       0x14 ./wiseconnect3_sdk_3.3.0/components/device/silabs/si91x/mcu/drivers/peripheral_drivers/src/rsi_gspi.o
                0x08204616                GSPI_UDMA_Rx_Event
 *fill*         0x0820462a        0x2 
 .text.GSPI_IRQHandler
                0x0820462c      0x12c ./wiseconnect3_sdk_3.3.0/components/device/silabs/si91x/mcu/drivers/peripheral_drivers/src/rsi_gspi.o
                0x0820462c                GSPI_IRQHandler
 .text.GSPI_GetStatus
                0x08204758       0x1e ./wiseconnect3_sdk_3.3.0/components/device/silabs/si91x/mcu/drivers/peripheral_drivers/src/rsi_gspi.o
                0x08204758                GSPI_GetStatus
 *fill*         0x08204776        0x2 
 .text.RSI_EGPIO_SetPinMux
                0x08204778       0x14 ./wiseconnect3_sdk_3.3.0/components/device/silabs/si91x/mcu/drivers/peripheral_drivers/src/rsi_usart.o
 .text.RSI_EGPIO_HostPadsGpioModeEnable
                0x0820478c       0x10 ./wiseconnect3_sdk_3.3.0/components/device/silabs/si91x/mcu/drivers/peripheral_drivers/src/rsi_usart.o
 .text.RSI_EGPIO_PadSelectionEnable
                0x0820479c       0x10 ./wiseconnect3_sdk_3.3.0/components/device/silabs/si91x/mcu/drivers/peripheral_drivers/src/rsi_usart.o
 .text.RSI_EGPIO_PadReceiverEnable
                0x082047ac       0x10 ./wiseconnect3_sdk_3.3.0/components/device/silabs/si91x/mcu/drivers/peripheral_drivers/src/rsi_usart.o
 .text.RSI_EGPIO_UlpPadReceiverEnable
                0x082047bc       0x10 ./wiseconnect3_sdk_3.3.0/components/device/silabs/si91x/mcu/drivers/peripheral_drivers/src/rsi_usart.o
 .text.UDMAx_ChannelDisable.isra.0
                0x082047cc        0xc ./wiseconnect3_sdk_3.3.0/components/device/silabs/si91x/mcu/drivers/peripheral_drivers/src/rsi_usart.o
 .text.UartIrqHandler
                0x082047d8      0x1f0 ./wiseconnect3_sdk_3.3.0/components/device/silabs/si91x/mcu/drivers/peripheral_drivers/src/rsi_usart.o
                0x082047d8                UartIrqHandler
 .text.USART_SetBaudrate
                0x082049c8       0x50 ./wiseconnect3_sdk_3.3.0/components/device/silabs/si91x/mcu/drivers/peripheral_drivers/src/rsi_usart.o
                0x082049c8                USART_SetBaudrate
 .text.USART_Initialize
                0x08204a18      0x120 ./wiseconnect3_sdk_3.3.0/components/device/silabs/si91x/mcu/drivers/peripheral_drivers/src/rsi_usart.o
                0x08204a18                USART_Initialize
 .text.USART_Uninitialize
                0x08204b38       0xa0 ./wiseconnect3_sdk_3.3.0/components/device/silabs/si91x/mcu/drivers/peripheral_drivers/src/rsi_usart.o
                0x08204b38                USART_Uninitialize
 .text.USART_PowerControl
                0x08204bd8      0x150 ./wiseconnect3_sdk_3.3.0/components/device/silabs/si91x/mcu/drivers/peripheral_drivers/src/rsi_usart.o
                0x08204bd8                USART_PowerControl
 .text.USART_Send_Data
                0x08204d28      0x15c ./wiseconnect3_sdk_3.3.0/components/device/silabs/si91x/mcu/drivers/peripheral_drivers/src/rsi_usart.o
                0x08204d28                USART_Send_Data
 .text.USART_Receive_Data
                0x08204e84      0x13c ./wiseconnect3_sdk_3.3.0/components/device/silabs/si91x/mcu/drivers/peripheral_drivers/src/rsi_usart.o
                0x08204e84                USART_Receive_Data
 .text.USART_Transfer
                0x08204fc0       0x72 ./wiseconnect3_sdk_3.3.0/components/device/silabs/si91x/mcu/drivers/peripheral_drivers/src/rsi_usart.o
                0x08204fc0                USART_Transfer
 .text.USART_GetTxCount
                0x08205032        0x6 ./wiseconnect3_sdk_3.3.0/components/device/silabs/si91x/mcu/drivers/peripheral_drivers/src/rsi_usart.o
                0x08205032                USART_GetTxCount
 .text.USART_GetRxCount
                0x08205038        0x6 ./wiseconnect3_sdk_3.3.0/components/device/silabs/si91x/mcu/drivers/peripheral_drivers/src/rsi_usart.o
                0x08205038                USART_GetRxCount
 *fill*         0x0820503e        0x2 
 .text.USART_Control
                0x08205040      0x8e8 ./wiseconnect3_sdk_3.3.0/components/device/silabs/si91x/mcu/drivers/peripheral_drivers/src/rsi_usart.o
                0x08205040                USART_Control
 .text.USART_GetStatus
                0x08205928       0x42 ./wiseconnect3_sdk_3.3.0/components/device/silabs/si91x/mcu/drivers/peripheral_drivers/src/rsi_usart.o
                0x08205928                USART_GetStatus
 *fill*         0x0820596a        0x2 
 .text.USART_SetModemControl
                0x0820596c       0x84 ./wiseconnect3_sdk_3.3.0/components/device/silabs/si91x/mcu/drivers/peripheral_drivers/src/rsi_usart.o
                0x0820596c                USART_SetModemControl
 .text.USART_GetModemStatus
                0x082059f0       0x5c ./wiseconnect3_sdk_3.3.0/components/device/silabs/si91x/mcu/drivers/peripheral_drivers/src/rsi_usart.o
                0x082059f0                USART_GetModemStatus
 .text.RSI_IPMU_UpdateIpmuCalibData_efuse
                0x08205a4c      0x300 ./wiseconnect3_sdk_3.3.0/components/device/silabs/si91x/mcu/drivers/systemlevel/src/rsi_ipmu.o
                0x08205a4c                RSI_IPMU_UpdateIpmuCalibData_efuse
 .text.RSI_Ipmu_Init
                0x08205d4c        0x4 ./wiseconnect3_sdk_3.3.0/components/device/silabs/si91x/mcu/drivers/systemlevel/src/rsi_ipmu.o
                0x08205d4c                RSI_Ipmu_Init
 .text.RSI_Configure_Ipmu_Mode
                0x08205d50        0x6 ./wiseconnect3_sdk_3.3.0/components/device/silabs/si91x/mcu/drivers/systemlevel/src/rsi_ipmu.o
                0x08205d50                RSI_Configure_Ipmu_Mode
 *fill*         0x08205d56        0x2 
 .text.RSI_IPMU_ClockMuxSel
                0x08205d58       0x40 ./wiseconnect3_sdk_3.3.0/components/device/silabs/si91x/mcu/drivers/systemlevel/src/rsi_ipmu.o
                0x08205d58                RSI_IPMU_ClockMuxSel
 .text.RSI_IPMU_ProgramConfigData
                0x08205d98       0xea ./wiseconnect3_sdk_3.3.0/components/device/silabs/si91x/mcu/drivers/systemlevel/src/rsi_ipmu.o
                0x08205d98                RSI_IPMU_ProgramConfigData
 *fill*         0x08205e82        0x2 
 .text.RSI_IPMU_M32rc_OscTrimEfuse
                0x08205e84       0x28 ./wiseconnect3_sdk_3.3.0/components/device/silabs/si91x/mcu/drivers/systemlevel/src/rsi_ipmu.o
                0x08205e84                RSI_IPMU_M32rc_OscTrimEfuse
 .text.RSI_IPMU_DBLR32M_TrimEfuse
                0x08205eac       0x18 ./wiseconnect3_sdk_3.3.0/components/device/silabs/si91x/mcu/drivers/systemlevel/src/rsi_ipmu.o
                0x08205eac                RSI_IPMU_DBLR32M_TrimEfuse
 .text.RSI_IPMU_M20roOsc_TrimEfuse
                0x08205ec4       0x28 ./wiseconnect3_sdk_3.3.0/components/device/silabs/si91x/mcu/drivers/systemlevel/src/rsi_ipmu.o
                0x08205ec4                RSI_IPMU_M20roOsc_TrimEfuse
 .text.RSI_IPMU_RO32khz_TrimEfuse
                0x08205eec       0x18 ./wiseconnect3_sdk_3.3.0/components/device/silabs/si91x/mcu/drivers/systemlevel/src/rsi_ipmu.o
                0x08205eec                RSI_IPMU_RO32khz_TrimEfuse
 .text.RSI_IPMU_RC32khz_TrimEfuse
                0x08205f04       0x18 ./wiseconnect3_sdk_3.3.0/components/device/silabs/si91x/mcu/drivers/systemlevel/src/rsi_ipmu.o
                0x08205f04                RSI_IPMU_RC32khz_TrimEfuse
 .text._usdelay
                0x08205f1c        0x6 ./wiseconnect3_sdk_3.3.0/components/device/silabs/si91x/mcu/drivers/systemlevel/src/rsi_pll.o
 *fill*         0x08205f22        0x2 
 .text.ulpss_enable_ref_clks
                0x08205f24       0xf8 ./wiseconnect3_sdk_3.3.0/components/device/silabs/si91x/mcu/drivers/systemlevel/src/rsi_pll.o
                0x08205f24                ulpss_enable_ref_clks
 .text.clk_m4ss_ref_clk_config
                0x0820601c       0xcc ./wiseconnect3_sdk_3.3.0/components/device/silabs/si91x/mcu/drivers/systemlevel/src/rsi_pll.o
                0x0820601c                clk_m4ss_ref_clk_config
 .text.ulpss_ref_clk_config
                0x082060e8       0xbc ./wiseconnect3_sdk_3.3.0/components/device/silabs/si91x/mcu/drivers/systemlevel/src/rsi_ulpss_clk.o
                0x082060e8                ulpss_ref_clk_config
 .text.UDMAx_DMAEnable
                0x082061a4        0xc ./wiseconnect3_sdk_3.3.0/components/device/silabs/si91x/mcu/drivers/unified_api/src/sl_si91x_dma.o
 .text.dma_internal_callback
                0x082061b0       0x30 ./wiseconnect3_sdk_3.3.0/components/device/silabs/si91x/mcu/drivers/unified_api/src/sl_si91x_dma.o
 .text.ulp_dma_internal_callback
                0x082061e0       0x30 ./wiseconnect3_sdk_3.3.0/components/device/silabs/si91x/mcu/drivers/unified_api/src/sl_si91x_dma.o
 .text.sl_si91x_dma_init
                0x08206210       0x5c ./wiseconnect3_sdk_3.3.0/components/device/silabs/si91x/mcu/drivers/unified_api/src/sl_si91x_dma.o
                0x08206210                sl_si91x_dma_init
 .text.sl_si91x_dma_allocate_channel
                0x0820626c       0xdc ./wiseconnect3_sdk_3.3.0/components/device/silabs/si91x/mcu/drivers/unified_api/src/sl_si91x_dma.o
                0x0820626c                sl_si91x_dma_allocate_channel
 .text.sl_si91x_dma_register_callbacks
                0x08206348       0x5c ./wiseconnect3_sdk_3.3.0/components/device/silabs/si91x/mcu/drivers/unified_api/src/sl_si91x_dma.o
                0x08206348                sl_si91x_dma_register_callbacks
 .text.sl_si91x_dma_unregister_callbacks
                0x082063a4       0x88 ./wiseconnect3_sdk_3.3.0/components/device/silabs/si91x/mcu/drivers/unified_api/src/sl_si91x_dma.o
                0x082063a4                sl_si91x_dma_unregister_callbacks
 .text.sl_si91x_dma_transfer
                0x0820642c      0x274 ./wiseconnect3_sdk_3.3.0/components/device/silabs/si91x/mcu/drivers/unified_api/src/sl_si91x_dma.o
                0x0820642c                sl_si91x_dma_transfer
 .text.sl_si91x_dma_channel_enable
                0x082066a0       0x38 ./wiseconnect3_sdk_3.3.0/components/device/silabs/si91x/mcu/drivers/unified_api/src/sl_si91x_dma.o
                0x082066a0                sl_si91x_dma_channel_enable
 .text.sl_si91x_dma_enable
                0x082066d8       0x30 ./wiseconnect3_sdk_3.3.0/components/device/silabs/si91x/mcu/drivers/unified_api/src/sl_si91x_dma.o
                0x082066d8                sl_si91x_dma_enable
 .text.convert_arm_to_sl_error_code
                0x08206708       0x14 ./wiseconnect3_sdk_3.3.0/components/device/silabs/si91x/mcu/drivers/unified_api/src/sl_si91x_gspi.o
 .text.set_slave_gpio_state.part.0
                0x0820671c       0x18 ./wiseconnect3_sdk_3.3.0/components/device/silabs/si91x/mcu/drivers/unified_api/src/sl_si91x_gspi.o
 .text.callback_event_handler
                0x08206734       0x34 ./wiseconnect3_sdk_3.3.0/components/device/silabs/si91x/mcu/drivers/unified_api/src/sl_si91x_gspi.o
 .text.sl_si91x_gspi_configure_clock
                0x08206768        0xa ./wiseconnect3_sdk_3.3.0/components/device/silabs/si91x/mcu/drivers/unified_api/src/sl_si91x_gspi.o
                0x08206768                sl_si91x_gspi_configure_clock
 *fill*         0x08206772        0x2 
 .text.sl_si91x_gspi_init
                0x08206774       0x48 ./wiseconnect3_sdk_3.3.0/components/device/silabs/si91x/mcu/drivers/unified_api/src/sl_si91x_gspi.o
                0x08206774                sl_si91x_gspi_init
 .text.sl_si91x_gspi_set_configuration
                0x082067bc       0x64 ./wiseconnect3_sdk_3.3.0/components/device/silabs/si91x/mcu/drivers/unified_api/src/sl_si91x_gspi.o
                0x082067bc                sl_si91x_gspi_set_configuration
 .text.sl_si91x_gspi_receive_data
                0x08206820       0x3c ./wiseconnect3_sdk_3.3.0/components/device/silabs/si91x/mcu/drivers/unified_api/src/sl_si91x_gspi.o
                0x08206820                sl_si91x_gspi_receive_data
 .text.sl_si91x_gspi_send_data
                0x0820685c       0x38 ./wiseconnect3_sdk_3.3.0/components/device/silabs/si91x/mcu/drivers/unified_api/src/sl_si91x_gspi.o
                0x0820685c                sl_si91x_gspi_send_data
 .text.sl_si91x_gspi_transfer_data
                0x08206894       0x3c ./wiseconnect3_sdk_3.3.0/components/device/silabs/si91x/mcu/drivers/unified_api/src/sl_si91x_gspi.o
                0x08206894                sl_si91x_gspi_transfer_data
 .text.sl_si91x_gspi_register_event_callback
                0x082068d0       0x38 ./wiseconnect3_sdk_3.3.0/components/device/silabs/si91x/mcu/drivers/unified_api/src/sl_si91x_gspi.o
                0x082068d0                sl_si91x_gspi_register_event_callback
 .text.sl_si91x_gspi_get_version
                0x08206908       0x16 ./wiseconnect3_sdk_3.3.0/components/device/silabs/si91x/mcu/drivers/unified_api/src/sl_si91x_gspi.o
                0x08206908                sl_si91x_gspi_get_version
 .text.sl_si91x_gspi_get_status
                0x0820691e        0x4 ./wiseconnect3_sdk_3.3.0/components/device/silabs/si91x/mcu/drivers/unified_api/src/sl_si91x_gspi.o
                0x0820691e                sl_si91x_gspi_get_status
 .text.sl_si91x_gspi_get_clock_division_factor
                0x08206922        0x8 ./wiseconnect3_sdk_3.3.0/components/device/silabs/si91x/mcu/drivers/unified_api/src/sl_si91x_gspi.o
                0x08206922                sl_si91x_gspi_get_clock_division_factor
 .text.sl_si91x_gspi_get_frame_length
                0x0820692a        0x4 ./wiseconnect3_sdk_3.3.0/components/device/silabs/si91x/mcu/drivers/unified_api/src/sl_si91x_gspi.o
                0x0820692a                sl_si91x_gspi_get_frame_length
 *fill*         0x0820692e        0x2 
 .text.IRQ002_Handler
                0x08206930       0x24 ./wiseconnect3_sdk_3.3.0/components/device/silabs/si91x/mcu/drivers/unified_api/src/sl_si91x_ulp_timer.o
                0x08206930                IRQ002_Handler
 .text.IRQ003_Handler
                0x08206954       0x24 ./wiseconnect3_sdk_3.3.0/components/device/silabs/si91x/mcu/drivers/unified_api/src/sl_si91x_ulp_timer.o
                0x08206954                IRQ003_Handler
 .text.IRQ004_Handler
                0x08206978       0x24 ./wiseconnect3_sdk_3.3.0/components/device/silabs/si91x/mcu/drivers/unified_api/src/sl_si91x_ulp_timer.o
                0x08206978                IRQ004_Handler
 .text.IRQ005_Handler
                0x0820699c       0x24 ./wiseconnect3_sdk_3.3.0/components/device/silabs/si91x/mcu/drivers/unified_api/src/sl_si91x_ulp_timer.o
                0x0820699c                IRQ005_Handler
 .text          0x082069c0      0x378 c:/siliconlabs/simplicitystudio/v5/developer/toolchains/gnu_arm/12.2.rel1_2023.7/bin/../lib/gcc/arm-none-eabi/12.2.1/thumb/v7e-m+fp/softfp\libgcc.a(_arm_addsubdf3.o)
                0x082069c0                __aeabi_drsub
                0x082069c8                __aeabi_dsub
                0x082069c8                __subdf3
                0x082069cc                __aeabi_dadd
                0x082069cc                __adddf3
                0x08206c44                __floatunsidf
                0x08206c44                __aeabi_ui2d
                0x08206c64                __floatsidf
                0x08206c64                __aeabi_i2d
                0x08206c88                __aeabi_f2d
                0x08206c88                __extendsfdf2
                0x08206ccc                __floatundidf
                0x08206ccc                __aeabi_ul2d
                0x08206cdc                __floatdidf
                0x08206cdc                __aeabi_l2d
 .text          0x08206d38      0x424 c:/siliconlabs/simplicitystudio/v5/developer/toolchains/gnu_arm/12.2.rel1_2023.7/bin/../lib/gcc/arm-none-eabi/12.2.1/thumb/v7e-m+fp/softfp\libgcc.a(_arm_muldivdf3.o)
                0x08206d38                __aeabi_dmul
                0x08206d38                __muldf3
                0x08206f8c                __divdf3
                0x08206f8c                __aeabi_ddiv
 .text          0x0820715c       0x40 c:/siliconlabs/simplicitystudio/v5/developer/toolchains/gnu_arm/12.2.rel1_2023.7/bin/../lib/gcc/arm-none-eabi/12.2.1/thumb/v7e-m+fp/softfp\libgcc.a(_arm_fixunsdfsi.o)
                0x0820715c                __aeabi_d2uiz
                0x0820715c                __fixunsdfsi
 .text.__cvt    0x0820719c       0xce c:/siliconlabs/simplicitystudio/v5/developer/toolchains/gnu_arm/12.2.rel1_2023.7/bin/../lib/gcc/arm-none-eabi/12.2.1/thumb/v7e-m+fp/softfp\libc_nano.a(libc_a-nano-vfprintf_float.o)
                0x0820719c                __cvt
 .text.__exponent
                0x0820726a       0x74 c:/siliconlabs/simplicitystudio/v5/developer/toolchains/gnu_arm/12.2.rel1_2023.7/bin/../lib/gcc/arm-none-eabi/12.2.1/thumb/v7e-m+fp/softfp\libc_nano.a(libc_a-nano-vfprintf_float.o)
                0x0820726a                __exponent
 *fill*         0x082072de        0x2 
 .text._printf_float
                0x082072e0      0x46c c:/siliconlabs/simplicitystudio/v5/developer/toolchains/gnu_arm/12.2.rel1_2023.7/bin/../lib/gcc/arm-none-eabi/12.2.1/thumb/v7e-m+fp/softfp\libc_nano.a(libc_a-nano-vfprintf_float.o)
                0x082072e0                _printf_float
 .text._printf_common
                0x0820774c       0xda c:/siliconlabs/simplicitystudio/v5/developer/toolchains/gnu_arm/12.2.rel1_2023.7/bin/../lib/gcc/arm-none-eabi/12.2.1/thumb/v7e-m+fp/softfp\libc_nano.a(libc_a-nano-vfprintf_i.o)
                0x0820774c                _printf_common
 *fill*         0x08207826        0x2 
 .text._printf_i
                0x08207828      0x258 c:/siliconlabs/simplicitystudio/v5/developer/toolchains/gnu_arm/12.2.rel1_2023.7/bin/../lib/gcc/arm-none-eabi/12.2.1/thumb/v7e-m+fp/softfp\libc_nano.a(libc_a-nano-vfprintf_i.o)
                0x08207828                _printf_i
 .text.std      0x08207a80       0x6c c:/siliconlabs/simplicitystudio/v5/developer/toolchains/gnu_arm/12.2.rel1_2023.7/bin/../lib/gcc/arm-none-eabi/12.2.1/thumb/v7e-m+fp/softfp\libc_nano.a(libc_a-findfp.o)
 .text.stdio_exit_handler
                0x08207aec       0x18 c:/siliconlabs/simplicitystudio/v5/developer/toolchains/gnu_arm/12.2.rel1_2023.7/bin/../lib/gcc/arm-none-eabi/12.2.1/thumb/v7e-m+fp/softfp\libc_nano.a(libc_a-findfp.o)
 .text.cleanup_stdio
                0x08207b04       0x40 c:/siliconlabs/simplicitystudio/v5/developer/toolchains/gnu_arm/12.2.rel1_2023.7/bin/../lib/gcc/arm-none-eabi/12.2.1/thumb/v7e-m+fp/softfp\libc_nano.a(libc_a-findfp.o)
 .text.global_stdio_init.part.0
                0x08207b44       0x3c c:/siliconlabs/simplicitystudio/v5/developer/toolchains/gnu_arm/12.2.rel1_2023.7/bin/../lib/gcc/arm-none-eabi/12.2.1/thumb/v7e-m+fp/softfp\libc_nano.a(libc_a-findfp.o)
 .text.__sfp_lock_acquire
                0x08207b80        0xc c:/siliconlabs/simplicitystudio/v5/developer/toolchains/gnu_arm/12.2.rel1_2023.7/bin/../lib/gcc/arm-none-eabi/12.2.1/thumb/v7e-m+fp/softfp\libc_nano.a(libc_a-findfp.o)
                0x08207b80                __sfp_lock_acquire
 .text.__sfp_lock_release
                0x08207b8c        0xc c:/siliconlabs/simplicitystudio/v5/developer/toolchains/gnu_arm/12.2.rel1_2023.7/bin/../lib/gcc/arm-none-eabi/12.2.1/thumb/v7e-m+fp/softfp\libc_nano.a(libc_a-findfp.o)
                0x08207b8c                __sfp_lock_release
 .text.__sinit  0x08207b98       0x30 c:/siliconlabs/simplicitystudio/v5/developer/toolchains/gnu_arm/12.2.rel1_2023.7/bin/../lib/gcc/arm-none-eabi/12.2.1/thumb/v7e-m+fp/softfp\libc_nano.a(libc_a-findfp.o)
                0x08207b98                __sinit
 .text._fwalk_sglue
                0x08207bc8       0x3c c:/siliconlabs/simplicitystudio/v5/developer/toolchains/gnu_arm/12.2.rel1_2023.7/bin/../lib/gcc/arm-none-eabi/12.2.1/thumb/v7e-m+fp/softfp\libc_nano.a(libc_a-fwalk.o)
                0x08207bc8                _fwalk_sglue
 .text.printf   0x08207c04       0x24 c:/siliconlabs/simplicitystudio/v5/developer/toolchains/gnu_arm/12.2.rel1_2023.7/bin/../lib/gcc/arm-none-eabi/12.2.1/thumb/v7e-m+fp/softfp\libc_nano.a(libc_a-printf.o)
                0x08207c04                iprintf
                0x08207c04                printf
 .text._puts_r  0x08207c28       0xaa c:/siliconlabs/simplicitystudio/v5/developer/toolchains/gnu_arm/12.2.rel1_2023.7/bin/../lib/gcc/arm-none-eabi/12.2.1/thumb/v7e-m+fp/softfp\libc_nano.a(libc_a-puts.o)
                0x08207c28                _puts_r
 *fill*         0x08207cd2        0x2 
 .text.puts     0x08207cd4       0x10 c:/siliconlabs/simplicitystudio/v5/developer/toolchains/gnu_arm/12.2.rel1_2023.7/bin/../lib/gcc/arm-none-eabi/12.2.1/thumb/v7e-m+fp/softfp\libc_nano.a(libc_a-puts.o)
                0x08207cd4                puts
 .text.__sread  0x08207ce4       0x22 c:/siliconlabs/simplicitystudio/v5/developer/toolchains/gnu_arm/12.2.rel1_2023.7/bin/../lib/gcc/arm-none-eabi/12.2.1/thumb/v7e-m+fp/softfp\libc_nano.a(libc_a-stdio.o)
                0x08207ce4                __sread
 .text.__swrite
                0x08207d06       0x38 c:/siliconlabs/simplicitystudio/v5/developer/toolchains/gnu_arm/12.2.rel1_2023.7/bin/../lib/gcc/arm-none-eabi/12.2.1/thumb/v7e-m+fp/softfp\libc_nano.a(libc_a-stdio.o)
                0x08207d06                __swrite
 .text.__sseek  0x08207d3e       0x24 c:/siliconlabs/simplicitystudio/v5/developer/toolchains/gnu_arm/12.2.rel1_2023.7/bin/../lib/gcc/arm-none-eabi/12.2.1/thumb/v7e-m+fp/softfp\libc_nano.a(libc_a-stdio.o)
                0x08207d3e                __sseek
 .text.__sclose
                0x08207d62        0x8 c:/siliconlabs/simplicitystudio/v5/developer/toolchains/gnu_arm/12.2.rel1_2023.7/bin/../lib/gcc/arm-none-eabi/12.2.1/thumb/v7e-m+fp/softfp\libc_nano.a(libc_a-stdio.o)
                0x08207d62                __sclose
 .text.__swbuf_r
                0x08207d6a       0x7c c:/siliconlabs/simplicitystudio/v5/developer/toolchains/gnu_arm/12.2.rel1_2023.7/bin/../lib/gcc/arm-none-eabi/12.2.1/thumb/v7e-m+fp/softfp\libc_nano.a(libc_a-wbuf.o)
                0x08207d6a                __swbuf_r
 *fill*         0x08207de6        0x2 
 .text.__swsetup_r
                0x08207de8       0xac c:/siliconlabs/simplicitystudio/v5/developer/toolchains/gnu_arm/12.2.rel1_2023.7/bin/../lib/gcc/arm-none-eabi/12.2.1/thumb/v7e-m+fp/softfp\libc_nano.a(libc_a-wsetup.o)
                0x08207de8                __swsetup_r
 .text.memset   0x08207e94       0x10 c:/siliconlabs/simplicitystudio/v5/developer/toolchains/gnu_arm/12.2.rel1_2023.7/bin/../lib/gcc/arm-none-eabi/12.2.1/thumb/v7e-m+fp/softfp\libc_nano.a(libc_a-memset.o)
                0x08207e94                memset
 .text._localeconv_r
                0x08207ea4        0x8 c:/siliconlabs/simplicitystudio/v5/developer/toolchains/gnu_arm/12.2.rel1_2023.7/bin/../lib/gcc/arm-none-eabi/12.2.1/thumb/v7e-m+fp/softfp\libc_nano.a(libc_a-localeconv.o)
                0x08207ea4                _localeconv_r
 .text._close_r
                0x08207eac       0x20 c:/siliconlabs/simplicitystudio/v5/developer/toolchains/gnu_arm/12.2.rel1_2023.7/bin/../lib/gcc/arm-none-eabi/12.2.1/thumb/v7e-m+fp/softfp\libc_nano.a(libc_a-closer.o)
                0x08207eac                _close_r
 .text._lseek_r
                0x08207ecc       0x24 c:/siliconlabs/simplicitystudio/v5/developer/toolchains/gnu_arm/12.2.rel1_2023.7/bin/../lib/gcc/arm-none-eabi/12.2.1/thumb/v7e-m+fp/softfp\libc_nano.a(libc_a-lseekr.o)
                0x08207ecc                _lseek_r
 .text._read_r  0x08207ef0       0x24 c:/siliconlabs/simplicitystudio/v5/developer/toolchains/gnu_arm/12.2.rel1_2023.7/bin/../lib/gcc/arm-none-eabi/12.2.1/thumb/v7e-m+fp/softfp\libc_nano.a(libc_a-readr.o)
                0x08207ef0                _read_r
 .text._write_r
                0x08207f14       0x24 c:/siliconlabs/simplicitystudio/v5/developer/toolchains/gnu_arm/12.2.rel1_2023.7/bin/../lib/gcc/arm-none-eabi/12.2.1/thumb/v7e-m+fp/softfp\libc_nano.a(libc_a-writer.o)
                0x08207f14                _write_r
 .text.__errno  0x08207f38        0xc c:/siliconlabs/simplicitystudio/v5/developer/toolchains/gnu_arm/12.2.rel1_2023.7/bin/../lib/gcc/arm-none-eabi/12.2.1/thumb/v7e-m+fp/softfp\libc_nano.a(libc_a-errno.o)
                0x08207f38                __errno
 .text.__retarget_lock_init_recursive
                0x08207f44        0x2 c:/siliconlabs/simplicitystudio/v5/developer/toolchains/gnu_arm/12.2.rel1_2023.7/bin/../lib/gcc/arm-none-eabi/12.2.1/thumb/v7e-m+fp/softfp\libc_nano.a(libc_a-lock.o)
                0x08207f44                __retarget_lock_init_recursive
 .text.__retarget_lock_acquire_recursive
                0x08207f46        0x2 c:/siliconlabs/simplicitystudio/v5/developer/toolchains/gnu_arm/12.2.rel1_2023.7/bin/../lib/gcc/arm-none-eabi/12.2.1/thumb/v7e-m+fp/softfp\libc_nano.a(libc_a-lock.o)
                0x08207f46                __retarget_lock_acquire_recursive
 .text.__retarget_lock_release_recursive
                0x08207f48        0x2 c:/siliconlabs/simplicitystudio/v5/developer/toolchains/gnu_arm/12.2.rel1_2023.7/bin/../lib/gcc/arm-none-eabi/12.2.1/thumb/v7e-m+fp/softfp\libc_nano.a(libc_a-lock.o)
                0x08207f48                __retarget_lock_release_recursive
 *fill*         0x08207f4a        0x6 
 .text          0x08207f50       0xa0 c:/siliconlabs/simplicitystudio/v5/developer/toolchains/gnu_arm/12.2.rel1_2023.7/bin/../lib/gcc/arm-none-eabi/12.2.1/thumb/v7e-m+fp/softfp\libc_nano.a(libc_a-memchr.o)
                0x08207f50                memchr
 .text          0x08207ff0       0x10 c:/siliconlabs/simplicitystudio/v5/developer/toolchains/gnu_arm/12.2.rel1_2023.7/bin/../lib/gcc/arm-none-eabi/12.2.1/thumb/v7e-m+fp/softfp\libc_nano.a(libc_a-strlen.o)
                0x08207ff0                strlen
 .text.quorem   0x08208000      0x110 c:/siliconlabs/simplicitystudio/v5/developer/toolchains/gnu_arm/12.2.rel1_2023.7/bin/../lib/gcc/arm-none-eabi/12.2.1/thumb/v7e-m+fp/softfp\libc_nano.a(libc_a-dtoa.o)
 .text._dtoa_r  0x08208110      0xc54 c:/siliconlabs/simplicitystudio/v5/developer/toolchains/gnu_arm/12.2.rel1_2023.7/bin/../lib/gcc/arm-none-eabi/12.2.1/thumb/v7e-m+fp/softfp\libc_nano.a(libc_a-dtoa.o)
                0x08208110                _dtoa_r
 .text._free_r  0x08208d64       0x94 c:/siliconlabs/simplicitystudio/v5/developer/toolchains/gnu_arm/12.2.rel1_2023.7/bin/../lib/gcc/arm-none-eabi/12.2.1/thumb/v7e-m+fp/softfp\libc_nano.a(libc_a-freer.o)
                0x08208d64                _free_r
 .text.malloc   0x08208df8       0x10 c:/siliconlabs/simplicitystudio/v5/developer/toolchains/gnu_arm/12.2.rel1_2023.7/bin/../lib/gcc/arm-none-eabi/12.2.1/thumb/v7e-m+fp/softfp\libc_nano.a(libc_a-malloc.o)
                0x08208df8                malloc
 .text.sbrk_aligned
                0x08208e08       0x44 c:/siliconlabs/simplicitystudio/v5/developer/toolchains/gnu_arm/12.2.rel1_2023.7/bin/../lib/gcc/arm-none-eabi/12.2.1/thumb/v7e-m+fp/softfp\libc_nano.a(libc_a-mallocr.o)
 .text._malloc_r
                0x08208e4c       0xf0 c:/siliconlabs/simplicitystudio/v5/developer/toolchains/gnu_arm/12.2.rel1_2023.7/bin/../lib/gcc/arm-none-eabi/12.2.1/thumb/v7e-m+fp/softfp\libc_nano.a(libc_a-mallocr.o)
                0x08208e4c                _malloc_r
 .text.__malloc_lock
                0x08208f3c        0xc c:/siliconlabs/simplicitystudio/v5/developer/toolchains/gnu_arm/12.2.rel1_2023.7/bin/../lib/gcc/arm-none-eabi/12.2.1/thumb/v7e-m+fp/softfp\libc_nano.a(libc_a-mlock.o)
                0x08208f3c                __malloc_lock
 .text.__malloc_unlock
                0x08208f48        0xc c:/siliconlabs/simplicitystudio/v5/developer/toolchains/gnu_arm/12.2.rel1_2023.7/bin/../lib/gcc/arm-none-eabi/12.2.1/thumb/v7e-m+fp/softfp\libc_nano.a(libc_a-mlock.o)
                0x08208f48                __malloc_unlock
 .text._Balloc  0x08208f54       0x80 c:/siliconlabs/simplicitystudio/v5/developer/toolchains/gnu_arm/12.2.rel1_2023.7/bin/../lib/gcc/arm-none-eabi/12.2.1/thumb/v7e-m+fp/softfp\libc_nano.a(libc_a-mprec.o)
                0x08208f54                _Balloc
 .text._Bfree   0x08208fd4       0x44 c:/siliconlabs/simplicitystudio/v5/developer/toolchains/gnu_arm/12.2.rel1_2023.7/bin/../lib/gcc/arm-none-eabi/12.2.1/thumb/v7e-m+fp/softfp\libc_nano.a(libc_a-mprec.o)
                0x08208fd4                _Bfree
 .text.__multadd
                0x08209018       0x8c c:/siliconlabs/simplicitystudio/v5/developer/toolchains/gnu_arm/12.2.rel1_2023.7/bin/../lib/gcc/arm-none-eabi/12.2.1/thumb/v7e-m+fp/softfp\libc_nano.a(libc_a-mprec.o)
                0x08209018                __multadd
 .text.__hi0bits
                0x082090a4       0x44 c:/siliconlabs/simplicitystudio/v5/developer/toolchains/gnu_arm/12.2.rel1_2023.7/bin/../lib/gcc/arm-none-eabi/12.2.1/thumb/v7e-m+fp/softfp\libc_nano.a(libc_a-mprec.o)
                0x082090a4                __hi0bits
 .text.__lo0bits
                0x082090e8       0x5a c:/siliconlabs/simplicitystudio/v5/developer/toolchains/gnu_arm/12.2.rel1_2023.7/bin/../lib/gcc/arm-none-eabi/12.2.1/thumb/v7e-m+fp/softfp\libc_nano.a(libc_a-mprec.o)
                0x082090e8                __lo0bits
 *fill*         0x08209142        0x2 
 .text.__i2b    0x08209144       0x2c c:/siliconlabs/simplicitystudio/v5/developer/toolchains/gnu_arm/12.2.rel1_2023.7/bin/../lib/gcc/arm-none-eabi/12.2.1/thumb/v7e-m+fp/softfp\libc_nano.a(libc_a-mprec.o)
                0x08209144                __i2b
 .text.__multiply
                0x08209170      0x154 c:/siliconlabs/simplicitystudio/v5/developer/toolchains/gnu_arm/12.2.rel1_2023.7/bin/../lib/gcc/arm-none-eabi/12.2.1/thumb/v7e-m+fp/softfp\libc_nano.a(libc_a-mprec.o)
                0x08209170                __multiply
 .text.__pow5mult
                0x082092c4       0xb4 c:/siliconlabs/simplicitystudio/v5/developer/toolchains/gnu_arm/12.2.rel1_2023.7/bin/../lib/gcc/arm-none-eabi/12.2.1/thumb/v7e-m+fp/softfp\libc_nano.a(libc_a-mprec.o)
                0x082092c4                __pow5mult
 .text.__lshift
                0x08209378       0xd8 c:/siliconlabs/simplicitystudio/v5/developer/toolchains/gnu_arm/12.2.rel1_2023.7/bin/../lib/gcc/arm-none-eabi/12.2.1/thumb/v7e-m+fp/softfp\libc_nano.a(libc_a-mprec.o)
                0x08209378                __lshift
 .text.__mcmp   0x08209450       0x36 c:/siliconlabs/simplicitystudio/v5/developer/toolchains/gnu_arm/12.2.rel1_2023.7/bin/../lib/gcc/arm-none-eabi/12.2.1/thumb/v7e-m+fp/softfp\libc_nano.a(libc_a-mprec.o)
                0x08209450                __mcmp
 *fill*         0x08209486        0x2 
 .text.__mdiff  0x08209488      0x128 c:/siliconlabs/simplicitystudio/v5/developer/toolchains/gnu_arm/12.2.rel1_2023.7/bin/../lib/gcc/arm-none-eabi/12.2.1/thumb/v7e-m+fp/softfp\libc_nano.a(libc_a-mprec.o)
                0x08209488                __mdiff
 .text.__d2b    0x082095b0       0xb0 c:/siliconlabs/simplicitystudio/v5/developer/toolchains/gnu_arm/12.2.rel1_2023.7/bin/../lib/gcc/arm-none-eabi/12.2.1/thumb/v7e-m+fp/softfp\libc_nano.a(libc_a-mprec.o)
                0x082095b0                __d2b
 .text.__sfputc_r
                0x08209660       0x2e c:/siliconlabs/simplicitystudio/v5/developer/toolchains/gnu_arm/12.2.rel1_2023.7/bin/../lib/gcc/arm-none-eabi/12.2.1/thumb/v7e-m+fp/softfp\libc_nano.a(libc_a-nano-vfprintf.o)
 .text.__sfputs_r
                0x0820968e       0x24 c:/siliconlabs/simplicitystudio/v5/developer/toolchains/gnu_arm/12.2.rel1_2023.7/bin/../lib/gcc/arm-none-eabi/12.2.1/thumb/v7e-m+fp/softfp\libc_nano.a(libc_a-nano-vfprintf.o)
                0x0820968e                __sfputs_r
 *fill*         0x082096b2        0x2 
 .text._vfprintf_r
                0x082096b4      0x230 c:/siliconlabs/simplicitystudio/v5/developer/toolchains/gnu_arm/12.2.rel1_2023.7/bin/../lib/gcc/arm-none-eabi/12.2.1/thumb/v7e-m+fp/softfp\libc_nano.a(libc_a-nano-vfprintf.o)
                0x082096b4                _vfprintf_r
                0x082096b4                _vfiprintf_r
 .text.__sflush_r
                0x082098e4      0x108 c:/siliconlabs/simplicitystudio/v5/developer/toolchains/gnu_arm/12.2.rel1_2023.7/bin/../lib/gcc/arm-none-eabi/12.2.1/thumb/v7e-m+fp/softfp\libc_nano.a(libc_a-fflush.o)
                0x082098e4                __sflush_r
 .text._fflush_r
                0x082099ec       0x50 c:/siliconlabs/simplicitystudio/v5/developer/toolchains/gnu_arm/12.2.rel1_2023.7/bin/../lib/gcc/arm-none-eabi/12.2.1/thumb/v7e-m+fp/softfp\libc_nano.a(libc_a-fflush.o)
                0x082099ec                _fflush_r
 .text.__swhatbuf_r
                0x08209a3c       0x4c c:/siliconlabs/simplicitystudio/v5/developer/toolchains/gnu_arm/12.2.rel1_2023.7/bin/../lib/gcc/arm-none-eabi/12.2.1/thumb/v7e-m+fp/softfp\libc_nano.a(libc_a-makebuf.o)
                0x08209a3c                __swhatbuf_r
 .text.__smakebuf_r
                0x08209a88       0x78 c:/siliconlabs/simplicitystudio/v5/developer/toolchains/gnu_arm/12.2.rel1_2023.7/bin/../lib/gcc/arm-none-eabi/12.2.1/thumb/v7e-m+fp/softfp\libc_nano.a(libc_a-makebuf.o)
                0x08209a88                __smakebuf_r
 .text._fstat_r
                0x08209b00       0x24 c:/siliconlabs/simplicitystudio/v5/developer/toolchains/gnu_arm/12.2.rel1_2023.7/bin/../lib/gcc/arm-none-eabi/12.2.1/thumb/v7e-m+fp/softfp\libc_nano.a(libc_a-fstatr.o)
                0x08209b00                _fstat_r
 .text._isatty_r
                0x08209b24       0x20 c:/siliconlabs/simplicitystudio/v5/developer/toolchains/gnu_arm/12.2.rel1_2023.7/bin/../lib/gcc/arm-none-eabi/12.2.1/thumb/v7e-m+fp/softfp\libc_nano.a(libc_a-isattyr.o)
                0x08209b24                _isatty_r
 .text._sbrk_r  0x08209b44       0x20 c:/siliconlabs/simplicitystudio/v5/developer/toolchains/gnu_arm/12.2.rel1_2023.7/bin/../lib/gcc/arm-none-eabi/12.2.1/thumb/v7e-m+fp/softfp\libc_nano.a(libc_a-sbrkr.o)
                0x08209b44                _sbrk_r
 .text.memcpy   0x08209b64       0x1c c:/siliconlabs/simplicitystudio/v5/developer/toolchains/gnu_arm/12.2.rel1_2023.7/bin/../lib/gcc/arm-none-eabi/12.2.1/thumb/v7e-m+fp/softfp\libc_nano.a(libc_a-memcpy-stub.o)
                0x08209b64                memcpy
 .text.__assert_func
                0x08209b80       0x3c c:/siliconlabs/simplicitystudio/v5/developer/toolchains/gnu_arm/12.2.rel1_2023.7/bin/../lib/gcc/arm-none-eabi/12.2.1/thumb/v7e-m+fp/softfp\libc_nano.a(libc_a-assert.o)
                0x08209b80                __assert_func
 .text._calloc_r
                0x08209bbc       0x28 c:/siliconlabs/simplicitystudio/v5/developer/toolchains/gnu_arm/12.2.rel1_2023.7/bin/../lib/gcc/arm-none-eabi/12.2.1/thumb/v7e-m+fp/softfp\libc_nano.a(libc_a-callocr.o)
                0x08209bbc                _calloc_r
 .text.__ascii_mbtowc
                0x08209be4       0x24 c:/siliconlabs/simplicitystudio/v5/developer/toolchains/gnu_arm/12.2.rel1_2023.7/bin/../lib/gcc/arm-none-eabi/12.2.1/thumb/v7e-m+fp/softfp\libc_nano.a(libc_a-mbtowc_r.o)
                0x08209be4                __ascii_mbtowc
 .text.__ascii_wctomb
                0x08209c08       0x1a c:/siliconlabs/simplicitystudio/v5/developer/toolchains/gnu_arm/12.2.rel1_2023.7/bin/../lib/gcc/arm-none-eabi/12.2.1/thumb/v7e-m+fp/softfp\libc_nano.a(libc_a-wctomb_r.o)
                0x08209c08                __ascii_wctomb
 *fill*         0x08209c22        0x2 
 .text.fprintf  0x08209c24       0x24 c:/siliconlabs/simplicitystudio/v5/developer/toolchains/gnu_arm/12.2.rel1_2023.7/bin/../lib/gcc/arm-none-eabi/12.2.1/thumb/v7e-m+fp/softfp\libc_nano.a(libc_a-fprintf.o)
                0x08209c24                fiprintf
                0x08209c24                fprintf
 .text.abort    0x08209c48        0xe c:/siliconlabs/simplicitystudio/v5/developer/toolchains/gnu_arm/12.2.rel1_2023.7/bin/../lib/gcc/arm-none-eabi/12.2.1/thumb/v7e-m+fp/softfp\libc_nano.a(libc_a-abort.o)
                0x08209c48                abort
 .text._raise_r
                0x08209c56       0x50 c:/siliconlabs/simplicitystudio/v5/developer/toolchains/gnu_arm/12.2.rel1_2023.7/bin/../lib/gcc/arm-none-eabi/12.2.1/thumb/v7e-m+fp/softfp\libc_nano.a(libc_a-signal.o)
                0x08209c56                _raise_r
 *fill*         0x08209ca6        0x2 
 .text.raise    0x08209ca8       0x10 c:/siliconlabs/simplicitystudio/v5/developer/toolchains/gnu_arm/12.2.rel1_2023.7/bin/../lib/gcc/arm-none-eabi/12.2.1/thumb/v7e-m+fp/softfp\libc_nano.a(libc_a-signal.o)
                0x08209ca8                raise
 .text._kill_r  0x08209cb8       0x24 c:/siliconlabs/simplicitystudio/v5/developer/toolchains/gnu_arm/12.2.rel1_2023.7/bin/../lib/gcc/arm-none-eabi/12.2.1/thumb/v7e-m+fp/softfp\libc_nano.a(libc_a-signalr.o)
                0x08209cb8                _kill_r
 .text._getpid_r
                0x08209cdc        0x4 c:/siliconlabs/simplicitystudio/v5/developer/toolchains/gnu_arm/12.2.rel1_2023.7/bin/../lib/gcc/arm-none-eabi/12.2.1/thumb/v7e-m+fp/softfp\libc_nano.a(libc_a-signalr.o)
                0x08209cdc                _getpid_r
 .text          0x08209ce0      0x110 c:/siliconlabs/simplicitystudio/v5/developer/toolchains/gnu_arm/12.2.rel1_2023.7/bin/../lib/gcc/arm-none-eabi/12.2.1/thumb/v7e-m+fp/softfp\libgcc.a(_arm_cmpdf2.o)
                0x08209ce0                __gtdf2
                0x08209ce0                __gedf2
                0x08209ce8                __ltdf2
                0x08209ce8                __ledf2
                0x08209cf0                __nedf2
                0x08209cf0                __eqdf2
                0x08209cf0                __cmpdf2
                0x08209d6c                __aeabi_cdrcmple
                0x08209d7c                __aeabi_cdcmpeq
                0x08209d7c                __aeabi_cdcmple
                0x08209d8c                __aeabi_dcmpeq
                0x08209da0                __aeabi_dcmplt
                0x08209db4                __aeabi_dcmple
                0x08209dc8                __aeabi_dcmpge
                0x08209ddc                __aeabi_dcmpgt
 .text          0x08209df0       0x2c c:/siliconlabs/simplicitystudio/v5/developer/toolchains/gnu_arm/12.2.rel1_2023.7/bin/../lib/gcc/arm-none-eabi/12.2.1/thumb/v7e-m+fp/softfp\libgcc.a(_arm_unorddf2.o)
                0x08209df0                __unorddf2
                0x08209df0                __aeabi_dcmpun
 .text          0x08209e1c       0x50 c:/siliconlabs/simplicitystudio/v5/developer/toolchains/gnu_arm/12.2.rel1_2023.7/bin/../lib/gcc/arm-none-eabi/12.2.1/thumb/v7e-m+fp/softfp\libgcc.a(_arm_fixdfsi.o)
                0x08209e1c                __aeabi_d2iz
                0x08209e1c                __fixdfsi
 *(.init)
 .init          0x08209e6c        0x4 c:/siliconlabs/simplicitystudio/v5/developer/toolchains/gnu_arm/12.2.rel1_2023.7/bin/../lib/gcc/arm-none-eabi/12.2.1/thumb/v7e-m+fp/softfp/crti.o
                0x08209e6c                _init
 .init          0x08209e70        0x8 c:/siliconlabs/simplicitystudio/v5/developer/toolchains/gnu_arm/12.2.rel1_2023.7/bin/../lib/gcc/arm-none-eabi/12.2.1/thumb/v7e-m+fp/softfp/crtn.o
 *(.fini)
 .fini          0x08209e78        0x4 c:/siliconlabs/simplicitystudio/v5/developer/toolchains/gnu_arm/12.2.rel1_2023.7/bin/../lib/gcc/arm-none-eabi/12.2.1/thumb/v7e-m+fp/softfp/crti.o
                0x08209e78                _fini
 .fini          0x08209e7c        0x8 c:/siliconlabs/simplicitystudio/v5/developer/toolchains/gnu_arm/12.2.rel1_2023.7/bin/../lib/gcc/arm-none-eabi/12.2.1/thumb/v7e-m+fp/softfp/crtn.o
 *crtbegin.o(.ctors)
 *crtbegin?.o(.ctors)
 *(EXCLUDE_FILE(*crtend.o *crtend?.o) .ctors)
 *(SORT_BY_NAME(.ctors.*))
 *(.ctors)
 *crtbegin.o(.dtors)
 *crtbegin?.o(.dtors)
 *(EXCLUDE_FILE(*crtend.o *crtend?.o) .dtors)
 *(SORT_BY_NAME(.dtors.*))
 *(.dtors)
 *(.rodata*)
 .rodata.compare_loop_back_data.str1.1
                0x08209e84       0x62 ./ampak_gspi_util.o
 .rodata.gspi_init.str1.1
                0x08209ee6      0x22d ./ampak_gspi_util.o
 .rodata.gspi_test_run.str1.1
                0x0820a113      0x13e ./ampak_gspi_util.o
 *fill*         0x0820a251        0x3 
 .rodata.Driver_GSPI_MASTER
                0x0820a254       0x2c ./wiseconnect3_sdk_3.3.0/components/device/silabs/si91x/mcu/drivers/cmsis_driver/GSPI.o
                0x0820a254                Driver_GSPI_MASTER
 .rodata.GSPI_MASTER_Resources
                0x0820a280       0x3c ./wiseconnect3_sdk_3.3.0/components/device/silabs/si91x/mcu/drivers/cmsis_driver/GSPI.o
 .rodata.gspi_miso
                0x0820a2bc        0x4 ./wiseconnect3_sdk_3.3.0/components/device/silabs/si91x/mcu/drivers/cmsis_driver/GSPI.o
 .rodata.gspi_mosi
                0x0820a2c0        0x4 ./wiseconnect3_sdk_3.3.0/components/device/silabs/si91x/mcu/drivers/cmsis_driver/GSPI.o
 .rodata.gspi_cs2
                0x0820a2c4        0x4 ./wiseconnect3_sdk_3.3.0/components/device/silabs/si91x/mcu/drivers/cmsis_driver/GSPI.o
 .rodata.gspi_cs1
                0x0820a2c8        0x4 ./wiseconnect3_sdk_3.3.0/components/device/silabs/si91x/mcu/drivers/cmsis_driver/GSPI.o
 .rodata.gspi_cs0
                0x0820a2cc        0x4 ./wiseconnect3_sdk_3.3.0/components/device/silabs/si91x/mcu/drivers/cmsis_driver/GSPI.o
 .rodata.gspi_clock
                0x0820a2d0        0x4 ./wiseconnect3_sdk_3.3.0/components/device/silabs/si91x/mcu/drivers/cmsis_driver/GSPI.o
 .rodata.DriverVersion
                0x0820a2d4        0x4 ./wiseconnect3_sdk_3.3.0/components/device/silabs/si91x/mcu/drivers/cmsis_driver/GSPI.o
 .rodata.Driver_ULP_UART
                0x0820a2d8       0x38 ./wiseconnect3_sdk_3.3.0/components/device/silabs/si91x/mcu/drivers/cmsis_driver/USART.o
                0x0820a2d8                Driver_ULP_UART
 .rodata.ulp_uart_rts
                0x0820a310        0x4 ./wiseconnect3_sdk_3.3.0/components/device/silabs/si91x/mcu/drivers/cmsis_driver/USART.o
 .rodata.ulp_uart_cts
                0x0820a314        0x4 ./wiseconnect3_sdk_3.3.0/components/device/silabs/si91x/mcu/drivers/cmsis_driver/USART.o
 .rodata.ulp_uart_rx
                0x0820a318        0x4 ./wiseconnect3_sdk_3.3.0/components/device/silabs/si91x/mcu/drivers/cmsis_driver/USART.o
 .rodata.ulp_uart_tx
                0x0820a31c        0x4 ./wiseconnect3_sdk_3.3.0/components/device/silabs/si91x/mcu/drivers/cmsis_driver/USART.o
 .rodata.uart1_rts
                0x0820a320        0x4 ./wiseconnect3_sdk_3.3.0/components/device/silabs/si91x/mcu/drivers/cmsis_driver/USART.o
 .rodata.uart1_cts
                0x0820a324        0x4 ./wiseconnect3_sdk_3.3.0/components/device/silabs/si91x/mcu/drivers/cmsis_driver/USART.o
 .rodata.uart1_rx
                0x0820a328        0x4 ./wiseconnect3_sdk_3.3.0/components/device/silabs/si91x/mcu/drivers/cmsis_driver/USART.o
 .rodata.uart1_tx
                0x0820a32c        0x4 ./wiseconnect3_sdk_3.3.0/components/device/silabs/si91x/mcu/drivers/cmsis_driver/USART.o
 .rodata.usart0_ir_rx
                0x0820a330        0x4 ./wiseconnect3_sdk_3.3.0/components/device/silabs/si91x/mcu/drivers/cmsis_driver/USART.o
 .rodata.usart0_ir_tx
                0x0820a334        0x4 ./wiseconnect3_sdk_3.3.0/components/device/silabs/si91x/mcu/drivers/cmsis_driver/USART.o
 .rodata.usart0_rts
                0x0820a338        0x4 ./wiseconnect3_sdk_3.3.0/components/device/silabs/si91x/mcu/drivers/cmsis_driver/USART.o
 .rodata.usart0_cts
                0x0820a33c        0x4 ./wiseconnect3_sdk_3.3.0/components/device/silabs/si91x/mcu/drivers/cmsis_driver/USART.o
 .rodata.usart0_rx
                0x0820a340        0x4 ./wiseconnect3_sdk_3.3.0/components/device/silabs/si91x/mcu/drivers/cmsis_driver/USART.o
 .rodata.usart0_tx
                0x0820a344        0x4 ./wiseconnect3_sdk_3.3.0/components/device/silabs/si91x/mcu/drivers/cmsis_driver/USART.o
 .rodata.usart0_clock
                0x0820a348        0x4 ./wiseconnect3_sdk_3.3.0/components/device/silabs/si91x/mcu/drivers/cmsis_driver/USART.o
 .rodata.UsartDriverVersion
                0x0820a34c        0x4 ./wiseconnect3_sdk_3.3.0/components/device/silabs/si91x/mcu/drivers/cmsis_driver/USART.o
 .rodata.CSWTCH.9
                0x0820a350        0xc ./wiseconnect3_sdk_3.3.0/components/device/silabs/si91x/mcu/drivers/unified_api/src/sl_si91x_gspi.o
 .rodata._printf_float.str1.1
                0x0820a35c       0x12 c:/siliconlabs/simplicitystudio/v5/developer/toolchains/gnu_arm/12.2.rel1_2023.7/bin/../lib/gcc/arm-none-eabi/12.2.1/thumb/v7e-m+fp/softfp\libc_nano.a(libc_a-nano-vfprintf_float.o)
 .rodata._printf_i.str1.1
                0x0820a36e       0x22 c:/siliconlabs/simplicitystudio/v5/developer/toolchains/gnu_arm/12.2.rel1_2023.7/bin/../lib/gcc/arm-none-eabi/12.2.1/thumb/v7e-m+fp/softfp\libc_nano.a(libc_a-nano-vfprintf_i.o)
 .rodata._dtoa_r.str1.1
                0x0820a390       0x8e c:/siliconlabs/simplicitystudio/v5/developer/toolchains/gnu_arm/12.2.rel1_2023.7/bin/../lib/gcc/arm-none-eabi/12.2.1/thumb/v7e-m+fp/softfp\libc_nano.a(libc_a-dtoa.o)
                                 0x90 (size before relaxing)
 .rodata._Balloc.str1.1
                0x0820a41e       0x5a c:/siliconlabs/simplicitystudio/v5/developer/toolchains/gnu_arm/12.2.rel1_2023.7/bin/../lib/gcc/arm-none-eabi/12.2.1/thumb/v7e-m+fp/softfp\libc_nano.a(libc_a-mprec.o)
                                 0x71 (size before relaxing)
 .rodata.__multadd.str1.1
                0x0820a478       0x11 c:/siliconlabs/simplicitystudio/v5/developer/toolchains/gnu_arm/12.2.rel1_2023.7/bin/../lib/gcc/arm-none-eabi/12.2.1/thumb/v7e-m+fp/softfp\libc_nano.a(libc_a-mprec.o)
 .rodata.p05.0  0x0820a478        0xc c:/siliconlabs/simplicitystudio/v5/developer/toolchains/gnu_arm/12.2.rel1_2023.7/bin/../lib/gcc/arm-none-eabi/12.2.1/thumb/v7e-m+fp/softfp\libc_nano.a(libc_a-mprec.o)
 *fill*         0x0820a484        0x4 
 .rodata.__mprec_bigtens
                0x0820a488       0x28 c:/siliconlabs/simplicitystudio/v5/developer/toolchains/gnu_arm/12.2.rel1_2023.7/bin/../lib/gcc/arm-none-eabi/12.2.1/thumb/v7e-m+fp/softfp\libc_nano.a(libc_a-mprec.o)
                0x0820a488                __mprec_bigtens
 .rodata.__mprec_tens
                0x0820a4b0       0xc8 c:/siliconlabs/simplicitystudio/v5/developer/toolchains/gnu_arm/12.2.rel1_2023.7/bin/../lib/gcc/arm-none-eabi/12.2.1/thumb/v7e-m+fp/softfp\libc_nano.a(libc_a-mprec.o)
                0x0820a4b0                __mprec_tens
 .rodata._vfprintf_r.str1.1
                0x0820a578       0x11 c:/siliconlabs/simplicitystudio/v5/developer/toolchains/gnu_arm/12.2.rel1_2023.7/bin/../lib/gcc/arm-none-eabi/12.2.1/thumb/v7e-m+fp/softfp\libc_nano.a(libc_a-nano-vfprintf.o)
 .rodata._setlocale_r.str1.1
                0x0820a589        0x8 c:/siliconlabs/simplicitystudio/v5/developer/toolchains/gnu_arm/12.2.rel1_2023.7/bin/../lib/gcc/arm-none-eabi/12.2.1/thumb/v7e-m+fp/softfp\libc_nano.a(libc_a-locale.o)
                                  0x9 (size before relaxing)
 .rodata.str1.1
                0x0820a591        0x2 c:/siliconlabs/simplicitystudio/v5/developer/toolchains/gnu_arm/12.2.rel1_2023.7/bin/../lib/gcc/arm-none-eabi/12.2.1/thumb/v7e-m+fp/softfp\libc_nano.a(libc_a-locale.o)
 .rodata.__assert_func.str1.1
                0x0820a593       0x3c c:/siliconlabs/simplicitystudio/v5/developer/toolchains/gnu_arm/12.2.rel1_2023.7/bin/../lib/gcc/arm-none-eabi/12.2.1/thumb/v7e-m+fp/softfp\libc_nano.a(libc_a-assert.o)
                                 0x3d (size before relaxing)
 .rodata._ctype_
                0x0820a5cf      0x101 c:/siliconlabs/simplicitystudio/v5/developer/toolchains/gnu_arm/12.2.rel1_2023.7/bin/../lib/gcc/arm-none-eabi/12.2.1/thumb/v7e-m+fp/softfp\libc_nano.a(libc_a-ctype_.o)
                0x0820a5cf                _ctype_
 *(.eh_fram e*)

.eh_frame       0x0820a6d0        0x0
 .eh_frame      0x0820a6d0        0x0 c:/siliconlabs/simplicitystudio/v5/developer/toolchains/gnu_arm/12.2.rel1_2023.7/bin/../lib/gcc/arm-none-eabi/12.2.1/thumb/v7e-m+fp/softfp/crtbegin.o

.glue_7         0x0820a6d0        0x0
 .glue_7        0x0820a6d0        0x0 linker stubs

.glue_7t        0x0820a6d0        0x0
 .glue_7t       0x0820a6d0        0x0 linker stubs

.vfp11_veneer   0x0820a6d0        0x0
 .vfp11_veneer  0x0820a6d0        0x0 linker stubs

.v4_bx          0x0820a6d0        0x0
 .v4_bx         0x0820a6d0        0x0 linker stubs

.iplt           0x0820a6d0        0x0
 .iplt          0x0820a6d0        0x0 c:/siliconlabs/simplicitystudio/v5/developer/toolchains/gnu_arm/12.2.rel1_2023.7/bin/../lib/gcc/arm-none-eabi/12.2.1/thumb/v7e-m+fp/softfp/crtbegin.o

.common_tcm_code
                0x0820a6d0      0x21c
 .common_tcm_code
                0x0820a6d0      0x21c ./wiseconnect3_sdk_3.3.0/components/device/silabs/si91x/mcu/core/chip/src/iPMU_prog/iPMU_dotc/ipmu_apis.o
                0x0820a6d0                update_ipmu_calib_data

.rel.dyn        0x0820a8ec        0x0
 .rel.iplt      0x0820a8ec        0x0 c:/siliconlabs/simplicitystudio/v5/developer/toolchains/gnu_arm/12.2.rel1_2023.7/bin/../lib/gcc/arm-none-eabi/12.2.1/thumb/v7e-m+fp/softfp/crtbegin.o

.ARM.extab
 *(.ARM.extab* .gnu.linkonce.armextab.*)
                0x0820a8ec                __exidx_start = .

.ARM.exidx
 *(.ARM.exidx* .gnu.linkonce.armexidx.*)
                0x0820a8ec                __exidx_end = .
                0x0820a8ec                __etext = .
                0x0820a8ec                _sidata = __etext

.data           0x0000000c      0x788 load address 0x0820a8ec
                0x0000000c                __data_start__ = .
                0x0000000c                _sdata = __data_start__
 *(.data*)
 .data.begin_transmission.0
                0x0000000c        0x1 ./ampak_gspi_util.o
 *fill*         0x0000000d        0x1 
 .data.gspi_division_factor
                0x0000000e        0x2 ./ampak_gspi_util.o
 .data.retnLP_volt_trim_efuse
                0x00000010        0xc ./wiseconnect3_sdk_3.3.0/components/device/silabs/si91x/mcu/core/chip/src/iPMU_prog/iPMU_dotc/rsi_system_config_917.o
                0x00000010                retnLP_volt_trim_efuse
 .data.hpldo_volt_trim_efuse
                0x0000001c        0xc ./wiseconnect3_sdk_3.3.0/components/device/silabs/si91x/mcu/core/chip/src/iPMU_prog/iPMU_dotc/rsi_system_config_917.o
                0x0000001c                hpldo_volt_trim_efuse
 .data.scdc_volt_trim_efuse
                0x00000028        0xc ./wiseconnect3_sdk_3.3.0/components/device/silabs/si91x/mcu/core/chip/src/iPMU_prog/iPMU_dotc/rsi_system_config_917.o
                0x00000028                scdc_volt_trim_efuse
 .data.dpwm_freq_trim_efuse
                0x00000034        0xc ./wiseconnect3_sdk_3.3.0/components/device/silabs/si91x/mcu/core/chip/src/iPMU_prog/iPMU_dotc/rsi_system_config_917.o
                0x00000034                dpwm_freq_trim_efuse
 .data.ldosoc_trim_efuse
                0x00000040        0xc ./wiseconnect3_sdk_3.3.0/components/device/silabs/si91x/mcu/core/chip/src/iPMU_prog/iPMU_dotc/rsi_system_config_917.o
                0x00000040                ldosoc_trim_efuse
 .data.buck_trim_efuse
                0x0000004c        0xc ./wiseconnect3_sdk_3.3.0/components/device/silabs/si91x/mcu/core/chip/src/iPMU_prog/iPMU_dotc/rsi_system_config_917.o
                0x0000004c                buck_trim_efuse
 .data.auxadc_gain_se_efuse
                0x00000058        0xc ./wiseconnect3_sdk_3.3.0/components/device/silabs/si91x/mcu/core/chip/src/iPMU_prog/iPMU_dotc/rsi_system_config_917.o
                0x00000058                auxadc_gain_se_efuse
 .data.auxadc_off_se_efuse
                0x00000064        0xc ./wiseconnect3_sdk_3.3.0/components/device/silabs/si91x/mcu/core/chip/src/iPMU_prog/iPMU_dotc/rsi_system_config_917.o
                0x00000064                auxadc_off_se_efuse
 .data.auxadc_gain_diff_efuse
                0x00000070        0xc ./wiseconnect3_sdk_3.3.0/components/device/silabs/si91x/mcu/core/chip/src/iPMU_prog/iPMU_dotc/rsi_system_config_917.o
                0x00000070                auxadc_gain_diff_efuse
 .data.auxadc_off_diff_efuse
                0x0000007c        0xc ./wiseconnect3_sdk_3.3.0/components/device/silabs/si91x/mcu/core/chip/src/iPMU_prog/iPMU_dotc/rsi_system_config_917.o
                0x0000007c                auxadc_off_diff_efuse
 .data.delvbe_tsbjt_efuse
                0x00000088        0xc ./wiseconnect3_sdk_3.3.0/components/device/silabs/si91x/mcu/core/chip/src/iPMU_prog/iPMU_dotc/rsi_system_config_917.o
                0x00000088                delvbe_tsbjt_efuse
 .data.vbg_tsbjt_efuse
                0x00000094        0xc ./wiseconnect3_sdk_3.3.0/components/device/silabs/si91x/mcu/core/chip/src/iPMU_prog/iPMU_dotc/rsi_system_config_917.o
                0x00000094                vbg_tsbjt_efuse
 .data.ro_ts_efuse
                0x000000a0        0xc ./wiseconnect3_sdk_3.3.0/components/device/silabs/si91x/mcu/core/chip/src/iPMU_prog/iPMU_dotc/rsi_system_config_917.o
                0x000000a0                ro_ts_efuse
 .data.vbatt_status_trim_efuse
                0x000000ac        0xc ./wiseconnect3_sdk_3.3.0/components/device/silabs/si91x/mcu/core/chip/src/iPMU_prog/iPMU_dotc/rsi_system_config_917.o
                0x000000ac                vbatt_status_trim_efuse
 .data.m20ro_osc_trim_efuse
                0x000000b8        0xc ./wiseconnect3_sdk_3.3.0/components/device/silabs/si91x/mcu/core/chip/src/iPMU_prog/iPMU_dotc/rsi_system_config_917.o
                0x000000b8                m20ro_osc_trim_efuse
 .data.xtal2_bias_efuse
                0x000000c4        0xc ./wiseconnect3_sdk_3.3.0/components/device/silabs/si91x/mcu/core/chip/src/iPMU_prog/iPMU_dotc/rsi_system_config_917.o
                0x000000c4                xtal2_bias_efuse
 .data.xtal1_bias_efuse
                0x000000d0        0xc ./wiseconnect3_sdk_3.3.0/components/device/silabs/si91x/mcu/core/chip/src/iPMU_prog/iPMU_dotc/rsi_system_config_917.o
                0x000000d0                xtal1_bias_efuse
 .data.rc_32khz_trim_efuse
                0x000000dc       0x1c ./wiseconnect3_sdk_3.3.0/components/device/silabs/si91x/mcu/core/chip/src/iPMU_prog/iPMU_dotc/rsi_system_config_917.o
                0x000000dc                rc_32khz_trim_efuse
 .data.rc_64khz_trim_efuse
                0x000000f8       0x1c ./wiseconnect3_sdk_3.3.0/components/device/silabs/si91x/mcu/core/chip/src/iPMU_prog/iPMU_dotc/rsi_system_config_917.o
                0x000000f8                rc_64khz_trim_efuse
 .data.rc_16khz_trim_efuse
                0x00000114       0x1c ./wiseconnect3_sdk_3.3.0/components/device/silabs/si91x/mcu/core/chip/src/iPMU_prog/iPMU_dotc/rsi_system_config_917.o
                0x00000114                rc_16khz_trim_efuse
 .data.ro_32khz_trim00_efuse
                0x00000130        0xc ./wiseconnect3_sdk_3.3.0/components/device/silabs/si91x/mcu/core/chip/src/iPMU_prog/iPMU_dotc/rsi_system_config_917.o
                0x00000130                ro_32khz_trim00_efuse
 .data.ro_32khz_trim_efuse
                0x0000013c        0xc ./wiseconnect3_sdk_3.3.0/components/device/silabs/si91x/mcu/core/chip/src/iPMU_prog/iPMU_dotc/rsi_system_config_917.o
                0x0000013c                ro_32khz_trim_efuse
 .data.dblr_32m_trim_efuse
                0x00000148        0xc ./wiseconnect3_sdk_3.3.0/components/device/silabs/si91x/mcu/core/chip/src/iPMU_prog/iPMU_dotc/rsi_system_config_917.o
                0x00000148                dblr_32m_trim_efuse
 .data.m20rc_osc_trim_efuse
                0x00000154        0xc ./wiseconnect3_sdk_3.3.0/components/device/silabs/si91x/mcu/core/chip/src/iPMU_prog/iPMU_dotc/rsi_system_config_917.o
                0x00000154                m20rc_osc_trim_efuse
 .data.m32rc_osc_trim_efuse
                0x00000160        0xc ./wiseconnect3_sdk_3.3.0/components/device/silabs/si91x/mcu/core/chip/src/iPMU_prog/iPMU_dotc/rsi_system_config_917.o
                0x00000160                m32rc_osc_trim_efuse
 .data.blackout_trim_efuse
                0x0000016c        0xc ./wiseconnect3_sdk_3.3.0/components/device/silabs/si91x/mcu/core/chip/src/iPMU_prog/iPMU_dotc/rsi_system_config_917.o
                0x0000016c                blackout_trim_efuse
 .data.bg_trim_efuse
                0x00000178       0x14 ./wiseconnect3_sdk_3.3.0/components/device/silabs/si91x/mcu/core/chip/src/iPMU_prog/iPMU_dotc/rsi_system_config_917.o
                0x00000178                bg_trim_efuse
 .data.poc_bias_efuse
                0x0000018c        0xc ./wiseconnect3_sdk_3.3.0/components/device/silabs/si91x/mcu/core/chip/src/iPMU_prog/iPMU_dotc/rsi_system_config_917.o
                0x0000018c                poc_bias_efuse
 .data.ro_tempsense_config
                0x00000198        0xc ./wiseconnect3_sdk_3.3.0/components/device/silabs/si91x/mcu/core/chip/src/iPMU_prog/iPMU_dotc/rsi_system_config_917.o
                0x00000198                ro_tempsense_config
 .data.retn_ldo_lpmode
                0x000001a4       0x14 ./wiseconnect3_sdk_3.3.0/components/device/silabs/si91x/mcu/core/chip/src/iPMU_prog/iPMU_dotc/rsi_system_config_917.o
                0x000001a4                retn_ldo_lpmode
 .data.hpldo_tran
                0x000001b8        0xc ./wiseconnect3_sdk_3.3.0/components/device/silabs/si91x/mcu/core/chip/src/iPMU_prog/iPMU_dotc/rsi_system_config_917.o
                0x000001b8                hpldo_tran
 .data.lp_scdc_extcapmode
                0x000001c4       0x2c ./wiseconnect3_sdk_3.3.0/components/device/silabs/si91x/mcu/core/chip/src/iPMU_prog/iPMU_dotc/rsi_system_config_917.o
                0x000001c4                lp_scdc_extcapmode
 .data.ipmu_scdc_enable
                0x000001f0       0x14 ./wiseconnect3_sdk_3.3.0/components/device/silabs/si91x/mcu/core/chip/src/iPMU_prog/iPMU_dotc/rsi_system_config_917.o
                0x000001f0                ipmu_scdc_enable
 .data.LDOFLASH_BYPASS
                0x00000204        0xc ./wiseconnect3_sdk_3.3.0/components/device/silabs/si91x/mcu/core/chip/src/iPMU_prog/iPMU_dotc/rsi_system_config_917.o
                0x00000204                LDOFLASH_BYPASS
 .data.buck_fast_transient_duty_1p8
                0x00000210       0x1c ./wiseconnect3_sdk_3.3.0/components/device/silabs/si91x/mcu/core/chip/src/iPMU_prog/iPMU_dotc/rsi_system_config_917.o
                0x00000210                buck_fast_transient_duty_1p8
 .data.pmu_common_config
                0x0000022c       0x9c ./wiseconnect3_sdk_3.3.0/components/device/silabs/si91x/mcu/core/chip/src/iPMU_prog/iPMU_dotc/rsi_system_config_917.o
                0x0000022c                pmu_common_config
 .data.ipmu_common_config
                0x000002c8       0x4c ./wiseconnect3_sdk_3.3.0/components/device/silabs/si91x/mcu/core/chip/src/iPMU_prog/iPMU_dotc/rsi_system_config_917.o
                0x000002c8                ipmu_common_config
 .data.SystemCoreClock
                0x00000314        0x4 ./wiseconnect3_sdk_3.3.0/components/device/silabs/si91x/mcu/core/chip/src/system_si91x.o
                0x00000314                SystemCoreClock
 .data.heap_end.0
                0x00000318        0x4 ./wiseconnect3_sdk_3.3.0/components/device/silabs/si91x/mcu/core/common/src/syscalls.o
 .data.gspi_slavenumber
                0x0000031c        0x1 ./wiseconnect3_sdk_3.3.0/components/device/silabs/si91x/mcu/drivers/cmsis_driver/GSPI.o
                0x0000031c                gspi_slavenumber
 *fill*         0x0000031d        0x3 
 .data.GSPI_MASTER_UDMA_RX_CHNL
                0x00000320       0x24 ./wiseconnect3_sdk_3.3.0/components/device/silabs/si91x/mcu/drivers/cmsis_driver/GSPI.o
 .data.GSPI_MASTER_UDMA_TX_CHNL
                0x00000344       0x24 ./wiseconnect3_sdk_3.3.0/components/device/silabs/si91x/mcu/drivers/cmsis_driver/GSPI.o
 .data.gspi_threshold
                0x00000368        0x4 ./wiseconnect3_sdk_3.3.0/components/device/silabs/si91x/mcu/drivers/cmsis_driver/GSPI.o
 .data.UDMA1_Resources
                0x0000036c        0xc ./wiseconnect3_sdk_3.3.0/components/device/silabs/si91x/mcu/drivers/cmsis_driver/UDMA.o
                0x0000036c                UDMA1_Resources
 .data.UDMA0_Resources
                0x00000378        0xc ./wiseconnect3_sdk_3.3.0/components/device/silabs/si91x/mcu/drivers/cmsis_driver/UDMA.o
                0x00000378                UDMA0_Resources
 .data.ULP_UART_Resources
                0x00000384       0x44 ./wiseconnect3_sdk_3.3.0/components/device/silabs/si91x/mcu/drivers/cmsis_driver/USART.o
 .data.UART1_Resources
                0x000003c8       0x44 ./wiseconnect3_sdk_3.3.0/components/device/silabs/si91x/mcu/drivers/cmsis_driver/USART.o
 .data.USART0_Resources
                0x0000040c       0x44 ./wiseconnect3_sdk_3.3.0/components/device/silabs/si91x/mcu/drivers/cmsis_driver/USART.o
 .data.udma_driver_table
                0x00000450        0x8 ./wiseconnect3_sdk_3.3.0/components/device/silabs/si91x/mcu/drivers/unified_api/src/sl_si91x_dma.o
                0x00000450                udma_driver_table
 .data.udma_driver_channel_info
                0x00000458        0x8 ./wiseconnect3_sdk_3.3.0/components/device/silabs/si91x/mcu/drivers/unified_api/src/sl_si91x_dma.o
                0x00000458                udma_driver_channel_info
 .data.UDMA_driver_resources
                0x00000460        0x8 ./wiseconnect3_sdk_3.3.0/components/device/silabs/si91x/mcu/drivers/unified_api/src/sl_si91x_dma.o
                0x00000460                UDMA_driver_resources
 .data.dma_rom_buff
                0x00000468        0x8 ./wiseconnect3_sdk_3.3.0/components/device/silabs/si91x/mcu/drivers/unified_api/src/sl_si91x_dma.o
                0x00000468                dma_rom_buff
 .data.__sglue  0x00000470        0xc c:/siliconlabs/simplicitystudio/v5/developer/toolchains/gnu_arm/12.2.rel1_2023.7/bin/../lib/gcc/arm-none-eabi/12.2.1/thumb/v7e-m+fp/softfp\libc_nano.a(libc_a-findfp.o)
                0x00000470                __sglue
 .data._impure_ptr
                0x0000047c        0x4 c:/siliconlabs/simplicitystudio/v5/developer/toolchains/gnu_arm/12.2.rel1_2023.7/bin/../lib/gcc/arm-none-eabi/12.2.1/thumb/v7e-m+fp/softfp\libc_nano.a(libc_a-impure.o)
                0x0000047c                _impure_ptr
 .data._impure_data