Archive member included to satisfy reference by file (symbol)

c:/siliconlabs/simplicitystudio/v5/developer/toolchains/gnu_arm/12.2.rel1_2023.7/bin/../lib/gcc/arm-none-eabi/12.2.1/thumb/v7e-m+fp/softfp\libgcc.a(_arm_addsubdf3.o)
                              ./wiseconnect3_sdk_3.3.0/components/device/silabs/si91x/mcu/drivers/peripheral_drivers/src/clock_update.o (__aeabi_dadd)
c:/siliconlabs/simplicitystudio/v5/developer/toolchains/gnu_arm/12.2.rel1_2023.7/bin/../lib/gcc/arm-none-eabi/12.2.1/thumb/v7e-m+fp/softfp\libgcc.a(_arm_muldivdf3.o)
                              ./wiseconnect3_sdk_3.3.0/components/device/silabs/si91x/mcu/drivers/peripheral_drivers/src/clock_update.o (__aeabi_ddiv)
c:/siliconlabs/simplicitystudio/v5/developer/toolchains/gnu_arm/12.2.rel1_2023.7/bin/../lib/gcc/arm-none-eabi/12.2.1/thumb/v7e-m+fp/softfp\libgcc.a(_arm_fixunsdfsi.o)
                              ./wiseconnect3_sdk_3.3.0/components/device/silabs/si91x/mcu/drivers/peripheral_drivers/src/clock_update.o (__aeabi_d2uiz)
c:/siliconlabs/simplicitystudio/v5/developer/toolchains/gnu_arm/12.2.rel1_2023.7/bin/../lib/gcc/arm-none-eabi/12.2.1/thumb/v7e-m+fp/softfp\libc_nano.a(libc_a-exit.o)
                              c:/siliconlabs/simplicitystudio/v5/developer/toolchains/gnu_arm/12.2.rel1_2023.7/bin/../lib/gcc/arm-none-eabi/12.2.1/thumb/v7e-m+fp/softfp/crt0.o (exit)
c:/siliconlabs/simplicitystudio/v5/developer/toolchains/gnu_arm/12.2.rel1_2023.7/bin/../lib/gcc/arm-none-eabi/12.2.1/thumb/v7e-m+fp/softfp\libc_nano.a(libc_a-nano-vfprintf_float.o)
                              (_printf_float)
c:/siliconlabs/simplicitystudio/v5/developer/toolchains/gnu_arm/12.2.rel1_2023.7/bin/../lib/gcc/arm-none-eabi/12.2.1/thumb/v7e-m+fp/softfp\libc_nano.a(libc_a-nano-vfprintf_i.o)
                              c:/siliconlabs/simplicitystudio/v5/developer/toolchains/gnu_arm/12.2.rel1_2023.7/bin/../lib/gcc/arm-none-eabi/12.2.1/thumb/v7e-m+fp/softfp\libc_nano.a(libc_a-nano-vfprintf_float.o) (_printf_common)
c:/siliconlabs/simplicitystudio/v5/developer/toolchains/gnu_arm/12.2.rel1_2023.7/bin/../lib/gcc/arm-none-eabi/12.2.1/thumb/v7e-m+fp/softfp\libc_nano.a(libc_a-findfp.o)
                              c:/siliconlabs/simplicitystudio/v5/developer/toolchains/gnu_arm/12.2.rel1_2023.7/bin/../lib/gcc/arm-none-eabi/12.2.1/thumb/v7e-m+fp/softfp\libc_nano.a(libc_a-exit.o) (__stdio_exit_handler)
c:/siliconlabs/simplicitystudio/v5/developer/toolchains/gnu_arm/12.2.rel1_2023.7/bin/../lib/gcc/arm-none-eabi/12.2.1/thumb/v7e-m+fp/softfp\libc_nano.a(libc_a-fwalk.o)
                              c:/siliconlabs/simplicitystudio/v5/developer/toolchains/gnu_arm/12.2.rel1_2023.7/bin/../lib/gcc/arm-none-eabi/12.2.1/thumb/v7e-m+fp/softfp\libc_nano.a(libc_a-findfp.o) (_fwalk_sglue)
c:/siliconlabs/simplicitystudio/v5/developer/toolchains/gnu_arm/12.2.rel1_2023.7/bin/../lib/gcc/arm-none-eabi/12.2.1/thumb/v7e-m+fp/softfp\libc_nano.a(libc_a-printf.o)
                              ./gspi_example.o (printf)
c:/siliconlabs/simplicitystudio/v5/developer/toolchains/gnu_arm/12.2.rel1_2023.7/bin/../lib/gcc/arm-none-eabi/12.2.1/thumb/v7e-m+fp/softfp\libc_nano.a(libc_a-puts.o)
                              ./gspi_example.o (puts)
c:/siliconlabs/simplicitystudio/v5/developer/toolchains/gnu_arm/12.2.rel1_2023.7/bin/../lib/gcc/arm-none-eabi/12.2.1/thumb/v7e-m+fp/softfp\libc_nano.a(libc_a-stdio.o)
                              c:/siliconlabs/simplicitystudio/v5/developer/toolchains/gnu_arm/12.2.rel1_2023.7/bin/../lib/gcc/arm-none-eabi/12.2.1/thumb/v7e-m+fp/softfp\libc_nano.a(libc_a-findfp.o) (__sread)
c:/siliconlabs/simplicitystudio/v5/developer/toolchains/gnu_arm/12.2.rel1_2023.7/bin/../lib/gcc/arm-none-eabi/12.2.1/thumb/v7e-m+fp/softfp\libc_nano.a(libc_a-wbuf.o)
                              c:/siliconlabs/simplicitystudio/v5/developer/toolchains/gnu_arm/12.2.rel1_2023.7/bin/../lib/gcc/arm-none-eabi/12.2.1/thumb/v7e-m+fp/softfp\libc_nano.a(libc_a-puts.o) (__swbuf_r)
c:/siliconlabs/simplicitystudio/v5/developer/toolchains/gnu_arm/12.2.rel1_2023.7/bin/../lib/gcc/arm-none-eabi/12.2.1/thumb/v7e-m+fp/softfp\libc_nano.a(libc_a-wsetup.o)
                              c:/siliconlabs/simplicitystudio/v5/developer/toolchains/gnu_arm/12.2.rel1_2023.7/bin/../lib/gcc/arm-none-eabi/12.2.1/thumb/v7e-m+fp/softfp\libc_nano.a(libc_a-puts.o) (__swsetup_r)
c:/siliconlabs/simplicitystudio/v5/developer/toolchains/gnu_arm/12.2.rel1_2023.7/bin/../lib/gcc/arm-none-eabi/12.2.1/thumb/v7e-m+fp/softfp\libc_nano.a(libc_a-memset.o)
                              c:/siliconlabs/simplicitystudio/v5/developer/toolchains/gnu_arm/12.2.rel1_2023.7/bin/../lib/gcc/arm-none-eabi/12.2.1/thumb/v7e-m+fp/softfp/crt0.o (memset)
c:/siliconlabs/simplicitystudio/v5/developer/toolchains/gnu_arm/12.2.rel1_2023.7/bin/../lib/gcc/arm-none-eabi/12.2.1/thumb/v7e-m+fp/softfp\libc_nano.a(libc_a-localeconv.o)
[...]
Memory Configuration

Name             Origin             Length             Attributes
rom              0x08202000         0x001fe000         xr
ram              0x0000000c         0x0002fbf4         xrw
udma0            0x0002fc00         0x00000400         xrw
udma1            0x24061c00         0x00000400         xrw
*default*        0x00000000         0xffffffff

Linker script and memory map

LOAD c:/siliconlabs/simplicitystudio/v5/developer/toolchains/gnu_arm/12.2.rel1_2023.7/bin/../lib/gcc/arm-none-eabi/12.2.1/thumb/v7e-m+fp/softfp/crti.o
LOAD c:/siliconlabs/simplicitystudio/v5/developer/toolchains/gnu_arm/12.2.rel1_2023.7/bin/../lib/gcc/arm-none-eabi/12.2.1/thumb/v7e-m+fp/softfp/crtbegin.o
LOAD c:/siliconlabs/simplicitystudio/v5/developer/toolchains/gnu_arm/12.2.rel1_2023.7/bin/../lib/gcc/arm-none-eabi/12.2.1/thumb/v7e-m+fp/softfp/crt0.o
START GROUP
LOAD ./app.o
LOAD ./gspi_example.o
LOAD ./main.o
LOAD ./autogen/sl_event_handler.o
LOAD ./autogen/sl_ulp_timer_init.o
LOAD ./simplicity_sdk_2024.6.0/platform/common/src/sl_assert.o
LOAD ./simplicity_sdk_2024.6.0/platform/service/system/src/sl_system_init.o
LOAD ./simplicity_sdk_2024.6.0/platform/service/system/src/sl_system_process_action.o
LOAD ./wiseconnect3_sdk_3.3.0/components/board/silabs/src/rsi_board.o
LOAD ./wiseconnect3_sdk_3.3.0/components/device/silabs/si91x/mcu/core/chip/src/iPMU_prog/iPMU_dotc/ipmu_apis.o
LOAD ./wiseconnect3_sdk_3.3.0/components/device/silabs/si91x/mcu/core/chip/src/iPMU_prog/iPMU_dotc/rsi_system_config_917.o
LOAD ./wiseconnect3_sdk_3.3.0/components/device/silabs/si91x/mcu/core/chip/src/rsi_deepsleep_soc.o
LOAD ./wiseconnect3_sdk_3.3.0/components/device/silabs/si91x/mcu/core/chip/src/rsi_ps_ram_func.o
LOAD ./wiseconnect3_sdk_3.3.0/components/device/silabs/si91x/mcu/core/chip/src/startup_si91x.o
LOAD ./wiseconnect3_sdk_3.3.0/components/device/silabs/si91x/mcu/core/chip/src/system_si91x.o
LOAD ./wiseconnect3_sdk_3.3.0/components/device/silabs/si91x/mcu/core/common/src/rsi_debug.o
LOAD ./wiseconnect3_sdk_3.3.0/components/device/silabs/si91x/mcu/core/common/src/sl_si91x_stack_object_declare.o
LOAD ./wiseconnect3_sdk_3.3.0/components/device/silabs/si91x/mcu/core/common/src/syscalls.o
LOAD ./wiseconnect3_sdk_3.3.0/components/device/silabs/si91x/mcu/core/config/src/rsi_nvic_priorities_config.o
LOAD ./wiseconnect3_sdk_3.3.0/components/device/silabs/si91x/mcu/drivers/cmsis_driver/GSPI.o
LOAD ./wiseconnect3_sdk_3.3.0/components/device/silabs/si91x/mcu/drivers/cmsis_driver/UDMA.o
LOAD ./wiseconnect3_sdk_3.3.0/components/device/silabs/si91x/mcu/drivers/cmsis_driver/USART.o
LOAD ./wiseconnect3_sdk_3.3.0/components/device/silabs/si91x/mcu/drivers/peripheral_drivers/src/clock_update.o
LOAD ./wiseconnect3_sdk_3.3.0/components/device/silabs/si91x/mcu/drivers/peripheral_drivers/src/rsi_crc.o
LOAD ./wiseconnect3_sdk_3.3.0/components/device/silabs/si91x/mcu/drivers/peripheral_drivers/src/rsi_egpio.o
LOAD ./wiseconnect3_sdk_3.3.0/components/device/silabs/si91x/mcu/drivers/peripheral_drivers/src/rsi_gspi.o
LOAD ./wiseconnect3_sdk_3.3.0/components/device/silabs/si91x/mcu/drivers/peripheral_drivers/src/rsi_timers.o
LOAD ./wiseconnect3_sdk_3.3.0/components/device/silabs/si91x/mcu/drivers/peripheral_drivers/src/rsi_udma.o
LOAD ./wiseconnect3_sdk_3.3.0/components/device/silabs/si91x/mcu/drivers/peripheral_drivers/src/rsi_udma_wrapper.o
LOAD ./wiseconnect3_sdk_3.3.0/components/device/silabs/si91x/mcu/drivers/peripheral_drivers/src/rsi_usart.o
LOAD ./wiseconnect3_sdk_3.3.0/components/device/silabs/si91x/mcu/drivers/service/clock_manager/src/sl_si91x_clock_manager.o
LOAD ./wiseconnect3_sdk_3.3.0/components/device/silabs/si91x/mcu/drivers/systemlevel/src/rsi_ipmu.o
LOAD ./wiseconnect3_sdk_3.3.0/components/device/silabs/si91x/mcu/drivers/systemlevel/src/rsi_pll.o
LOAD ./wiseconnect3_sdk_3.3.0/components/device/silabs/si91x/mcu/drivers/systemlevel/src/rsi_temp_sensor.o
LOAD ./wiseconnect3_sdk_3.3.0/components/device/silabs/si91x/mcu/drivers/systemlevel/src/rsi_ulpss_clk.o
LOAD ./wiseconnect3_sdk_3.3.0/components/device/silabs/si91x/mcu/drivers/unified_api/src/sl_si91x_dma.o
LOAD ./wiseconnect3_sdk_3.3.0/components/device/silabs/si91x/mcu/drivers/unified_api/src/sl_si91x_gspi.o
LOAD ./wiseconnect3_sdk_3.3.0/components/device/silabs/si91x/mcu/drivers/unified_api/src/sl_si91x_ulp_timer.o
LOAD c:/siliconlabs/simplicitystudio/v5/developer/toolchains/gnu_arm/12.2.rel1_2023.7/bin/../lib/gcc/arm-none-eabi/12.2.1/thumb/v7e-m+fp/softfp\libgcc.a
LOAD c:/siliconlabs/simplicitystudio/v5/developer/toolchains/gnu_arm/12.2.rel1_2023.7/bin/../lib/gcc/arm-none-eabi/12.2.1/thumb/v7e-m+fp/softfp\libnosys.a
LOAD c:/siliconlabs/simplicitystudio/v5/developer/toolchains/gnu_arm/12.2.rel1_2023.7/bin/../lib/gcc/arm-none-eabi/12.2.1/thumb/v7e-m+fp/softfp\libc_nano.a
LOAD c:/siliconlabs/simplicitystudio/v5/developer/toolchains/gnu_arm/12.2.rel1_2023.7/bin/../lib/gcc/arm-none-eabi/12.2.1/thumb/v7e-m+fp/softfp\libm.a
END GROUP
START GROUP
LOAD c:/siliconlabs/simplicitystudio/v5/developer/toolchains/gnu_arm/12.2.rel1_2023.7/bin/../lib/gcc/arm-none-eabi/12.2.1/thumb/v7e-m+fp/softfp\libgcc.a
LOAD c:/siliconlabs/simplicitystudio/v5/developer/toolchains/gnu_arm/12.2.rel1_2023.7/bin/../lib/gcc/arm-none-eabi/12.2.1/thumb/v7e-m+fp/softfp\libc_nano.a
LOAD c:/siliconlabs/simplicitystudio/v5/developer/toolchains/gnu_arm/12.2.rel1_2023.7/bin/../lib/gcc/arm-none-eabi/12.2.1/thumb/v7e-m+fp/softfp\libnosys.a
END GROUP
START GROUP
LOAD c:/siliconlabs/simplicitystudio/v5/developer/toolchains/gnu_arm/12.2.rel1_2023.7/bin/../lib/gcc/arm-none-eabi/12.2.1/thumb/v7e-m+fp/softfp\libgcc.a
LOAD c:/siliconlabs/simplicitystudio/v5/developer/toolchains/gnu_arm/12.2.rel1_2023.7/bin/../lib/gcc/arm-none-eabi/12.2.1/thumb/v7e-m+fp/softfp\libg_nano.a
LOAD c:/siliconlabs/simplicitystudio/v5/developer/toolchains/gnu_arm/12.2.rel1_2023.7/bin/../lib/gcc/arm-none-eabi/12.2.1/thumb/v7e-m+fp/softfp\libc_nano.a
END GROUP
START GROUP
LOAD c:/siliconlabs/simplicitystudio/v5/developer/toolchains/gnu_arm/12.2.rel1_2023.7/bin/../lib/gcc/arm-none-eabi/12.2.1/thumb/v7e-m+fp/softfp\libgcc.a
LOAD c:/siliconlabs/simplicitystudio/v5/developer/toolchains/gnu_arm/12.2.rel1_2023.7/bin/../lib/gcc/arm-none-eabi/12.2.1/thumb/v7e-m+fp/softfp\libc_nano.a
END GROUP
LOAD c:/siliconlabs/simplicitystudio/v5/developer/toolchains/gnu_arm/12.2.rel1_2023.7/bin/../lib/gcc/arm-none-eabi/12.2.1/thumb/v7e-m+fp/softfp/crtend.o
LOAD c:/siliconlabs/simplicitystudio/v5/developer/toolchains/gnu_arm/12.2.rel1_2023.7/bin/../lib/gcc/arm-none-eabi/12.2.1/thumb/v7e-m+fp/softfp/crtn.o

.text           0x08202000     0x8cd0
 *(.isr_vector)
 .isr_vector    0x08202000      0x16c ./wiseconnect3_sdk_3.3.0/components/device/silabs/si91x/mcu/core/chip/src/startup_si91x.o
                0x08202000                __Vectors
 *(EXCLUDE_FILE(*UDMA.o) .text*)
 .text.deregister_tm_clones
                0x0820216c       0x1c c:/siliconlabs/simplicitystudio/v5/developer/toolchains/gnu_arm/12.2.rel1_2023.7/bin/../lib/gcc/arm-none-eabi/12.2.1/thumb/v7e-m+fp/softfp/crtbegin.o
 .text.register_tm_clones
                0x08202188       0x24 c:/siliconlabs/simplicitystudio/v5/developer/toolchains/gnu_arm/12.2.rel1_2023.7/bin/../lib/gcc/arm-none-eabi/12.2.1/thumb/v7e-m+fp/softfp/crtbegin.o
 .text.__do_global_dtors_aux
                0x082021ac       0x28 c:/siliconlabs/simplicitystudio/v5/developer/toolchains/gnu_arm/12.2.rel1_2023.7/bin/../lib/gcc/arm-none-eabi/12.2.1/thumb/v7e-m+fp/softfp/crtbegin.o
 .text.frame_dummy
                0x082021d4       0x24 c:/siliconlabs/simplicitystudio/v5/developer/toolchains/gnu_arm/12.2.rel1_2023.7/bin/../lib/gcc/arm-none-eabi/12.2.1/thumb/v7e-m+fp/softfp/crtbegin.o
 .text.app_init
                0x082021f8        0x4 ./app.o
                0x082021f8                app_init
 .text.app_process_action
                0x082021fc        0x4 ./app.o
                0x082021fc                app_process_action
 .text.callback_event
                0x08202200       0x10 ./gspi_example.o
 .text.compare_loop_back_data
                0x08202210       0x54 ./gspi_example.o
 .text.gspi_example_init
                0x08202264      0x214 ./gspi_example.o
                0x08202264                gspi_example_init
 .text.gspi_example_process_action
                0x08202478      0x188 ./gspi_example.o
                0x08202478                gspi_example_process_action
 .text.startup.main
                0x08202600       0x14 ./main.o
                0x08202600                main
 .text.sl_platform_init
                0x08202614       0x12 ./autogen/sl_event_handler.o
                0x08202614                sl_platform_init
 .text.sl_driver_init
                0x08202626        0x2 ./autogen/sl_event_handler.o
                0x08202626                sl_driver_init
 .text.sl_service_init
                0x08202628        0x2 ./autogen/sl_event_handler.o
                0x08202628                sl_service_init
 .text.sl_stack_init
                0x0820262a        0x2 ./autogen/sl_event_handler.o
                0x0820262a                sl_stack_init
 .text.sl_internal_app_init
                0x0820262c        0x2 ./autogen/sl_event_handler.o
                0x0820262c                sl_internal_app_init
 .text.sl_platform_process_action
                0x0820262e        0x2 ./autogen/sl_event_handler.o
                0x0820262e                sl_platform_process_action
 .text.sl_service_process_action
                0x08202630        0x2 ./autogen/sl_event_handler.o
                0x08202630                sl_service_process_action
 .text.sl_stack_process_action
                0x08202632        0x2 ./autogen/sl_event_handler.o
                0x08202632                sl_stack_process_action
 .text.sl_internal_app_process_action
                0x08202634        0x2 ./autogen/sl_event_handler.o
                0x08202634                sl_internal_app_process_action
 .text.sl_system_init
                0x08202636       0x1a ./simplicity_sdk_2024.6.0/platform/service/system/src/sl_system_init.o
                0x08202636                sl_system_init
 .text.sl_system_process_action
                0x08202650       0x16 ./simplicity_sdk_2024.6.0/platform/service/system/src/sl_system_process_action.o
                0x08202650                sl_system_process_action
 *fill*         0x08202666        0x2 
 .text.RSI_Board_Init
                0x08202668       0x5c ./wiseconnect3_sdk_3.3.0/components/board/silabs/src/rsi_board.o
                0x08202668                RSI_Board_Init
 .text.init_ipmu_calib_data
                0x082026c4       0x54 ./wiseconnect3_sdk_3.3.0/components/device/silabs/si91x/mcu/core/chip/src/iPMU_prog/iPMU_dotc/ipmu_apis.o
                0x082026c4                init_ipmu_calib_data
 .text.program_ipmu_data
                0x08202718       0x54 ./wiseconnect3_sdk_3.3.0/components/device/silabs/si91x/mcu/core/chip/src/iPMU_prog/iPMU_dotc/ipmu_apis.o
                0x08202718                program_ipmu_data
 .text.ipmu_init_mcu
                0x0820276c       0x94 ./wiseconnect3_sdk_3.3.0/components/device/silabs/si91x/mcu/core/chip/src/iPMU_prog/iPMU_dotc/ipmu_apis.o
                0x0820276c                ipmu_init_mcu
 .text.ipmu_init
                0x08202800       0xa8 ./wiseconnect3_sdk_3.3.0/components/device/silabs/si91x/mcu/core/chip/src/iPMU_prog/iPMU_dotc/ipmu_apis.o
                0x08202800                ipmu_init
 .text.configure_ipmu_mode
                0x082028a8       0x38 ./wiseconnect3_sdk_3.3.0/components/device/silabs/si91x/mcu/core/chip/src/iPMU_prog/iPMU_dotc/ipmu_apis.o
                0x082028a8                configure_ipmu_mode
 .text.RSI_PS_RestoreCpuContext
                0x082028e0       0x34 ./wiseconnect3_sdk_3.3.0/components/device/silabs/si91x/mcu/core/chip/src/rsi_deepsleep_soc.o
                0x082028e0                RSI_PS_RestoreCpuContext
 .text.RSI_Set_Cntrls_To_M4
                0x08202914       0x50 ./wiseconnect3_sdk_3.3.0/components/device/silabs/si91x/mcu/core/chip/src/rsi_deepsleep_soc.o
                0x08202914                RSI_Set_Cntrls_To_M4
 .text.Default_Handler
                0x08202964        0x2 ./wiseconnect3_sdk_3.3.0/components/device/silabs/si91x/mcu/core/chip/src/startup_si91x.o
                0x08202964                DebugMon_Handler
                0x08202964                IRQ031_Handler
                0x08202964                HardFault_Handler
                0x08202964                IRQ058_Handler
                0x08202964                IRQ095_Handler
                0x08202964                IRQ065_Handler
                0x08202964                SysTick_Handler
                0x08202964                IRQ019_Handler
                0x08202964                IRQ056_Handler
                0x08202964                IRQ093_Handler
                0x08202964                PendSV_Handler
                0x08202964                NMI_Handler
                0x08202964                IRQ011_Handler
                0x08202964                IRQ014_Handler
                0x08202964                IRQ051_Handler
                0x08202964                IRQ027_Handler
                0x08202964                IRQ062_Handler
                0x08202964                IRQ097_Handler
                0x08202964                IRQ088_Handler
                0x08202964                IRQ034_Handler
                0x08202964                IRQ071_Handler
                0x08202964                IRQ067_Handler
                0x08202964                IRQ070_Handler
                0x08202964                IRQ077_Handler
                0x08202964                IRQ028_Handler
                0x08202964                IRQ063_Handler
                0x08202964                IRQ076_Handler
                0x08202964                UsageFault_Handler
                0x08202964                IRQ023_Handler
                0x08202964                IRQ009_Handler
                0x08202964                IRQ048_Handler
                0x08202964                IRQ083_Handler
                0x08202964                IRQ089_Handler
                0x08202964                HIF1_IRQHandler
                0x08202964                IRQ037_Handler
                0x08202964                IRQ074_Handler
                0x08202964                IRQ072_Handler
                0x08202964                IRQ021_Handler
                0x08202964                IRQ008_Handler
                0x08202964                IRQ047_Handler
                0x08202964                IRQ082_Handler
                0x08202964                IRQ022_Handler
                0x08202964                IRQ007_Handler
                0x08202964                IRQ081_Handler
                0x08202964                IRQ043_Handler
                0x08202964                IRQ041_Handler
                0x08202964                IRQ098_Handler
                0x08202964                IRQ000_Handler
                0x08202964                IRQ044_Handler
                0x08202964                IRQ049_Handler
                0x08202964                IRQ084_Handler
                0x08202964                IRQ006_Handler
                0x08202964                IRQ045_Handler
                0x08202964                IRQ080_Handler
                0x08202964                IRQ015_Handler
                0x08202964                IRQ052_Handler
                0x08202964                MemManage_Handler
                0x08202964                HIF2_IRQHandler
                0x08202964                SVC_Handler
                0x08202964                IRQ001_Handler
                0x08202964                IRQ040_Handler
                0x08202964                IRQ068_Handler
                0x08202964                IRQ059_Handler
                0x08202964                IRQ096_Handler
                0x08202964                IRQ042_Handler
                0x08202964                IRQ024_Handler
                0x08202964                IRQ016_Handler
                0x08202964                IRQ053_Handler
                0x08202964                IRQ090_Handler
                0x08202964                IRQ078_Handler
                0x08202964                IRQ032_Handler
                0x08202964                IRQ020_Handler
                0x08202964                IRQ073_Handler
                0x08202964                IRQ018_Handler
                0x08202964                IRQ055_Handler
                0x08202964                IRQ092_Handler
                0x08202964                IRQ087_Handler
                0x08202964                IRQ026_Handler
                0x08202964                IRQ061_Handler
                0x08202964                IRQ025_Handler
                0x08202964                IRQ060_Handler
                0x08202964                IRQ085_Handler
                0x08202964                IRQ013_Handler
                0x08202964                IRQ050_Handler
                0x08202964                IRQ030_Handler
                0x08202964                IRQ029_Handler
                0x08202964                IRQ064_Handler
                0x08202964                IRQ066_Handler
                0x08202964                IRQ017_Handler
                0x08202964                IRQ054_Handler
                0x08202964                IRQ091_Handler
                0x08202964                BusFault_Handler
                0x08202964                IRQ069_Handler
                0x08202964                IRQ075_Handler
                0x08202964                IRQ086_Handler
                0x08202964                IRQ057_Handler
                0x08202964                IRQ094_Handler
                0x08202964                IRQ079_Handler
 .text.Default_Reset_Handler
                0x08202966        0x2 ./wiseconnect3_sdk_3.3.0/components/device/silabs/si91x/mcu/core/chip/src/startup_si91x.o
                0x08202966                Default_Reset_Handler
                0x08202966                Reset_Handler
 .text.Copy_Table
                0x08202968       0x24 ./wiseconnect3_sdk_3.3.0/components/device/silabs/si91x/mcu/core/chip/src/startup_si91x.o
                0x08202968                Copy_Table
 .text.Zero_Table
                0x0820298c       0x24 ./wiseconnect3_sdk_3.3.0/components/device/silabs/si91x/mcu/core/chip/src/startup_si91x.o
                0x0820298c                Zero_Table
 .text.RSI_Default_Reset_Handler
                0x082029b0       0x16 ./wiseconnect3_sdk_3.3.0/components/device/silabs/si91x/mcu/core/chip/src/startup_si91x.o
                0x082029b0                RSI_Default_Reset_Handler
 *fill*         0x082029c6        0x2 
 .text.SystemCoreClockUpdate
                0x082029c8      0x118 ./wiseconnect3_sdk_3.3.0/components/device/silabs/si91x/mcu/core/chip/src/system_si91x.o
                0x082029c8                SystemCoreClockUpdate
 .text.fpuInit  0x08202ae0       0x44 ./wiseconnect3_sdk_3.3.0/components/device/silabs/si91x/mcu/core/chip/src/system_si91x.o
                0x08202ae0                fpuInit
 .text.SystemInit
                0x08202b24       0xe4 ./wiseconnect3_sdk_3.3.0/components/device/silabs/si91x/mcu/core/chip/src/system_si91x.o
                0x08202b24                SystemInit
 .text.ARM_UART_SignalEvent
                0x08202c08       0x24 ./wiseconnect3_sdk_3.3.0/components/device/silabs/si91x/mcu/core/common/src/rsi_debug.o
                0x08202c08                ARM_UART_SignalEvent
 .text.Board_Debug_Init
                0x08202c2c       0x4c ./wiseconnect3_sdk_3.3.0/components/device/silabs/si91x/mcu/core/common/src/rsi_debug.o
                0x08202c2c                Board_Debug_Init
 .text.Board_UARTGetChar
                0x08202c78       0x30 ./wiseconnect3_sdk_3.3.0/components/device/silabs/si91x/mcu/core/common/src/rsi_debug.o
                0x08202c78                Board_UARTGetChar
 .text.Board_UARTPutChar
                0x08202ca8       0x30 ./wiseconnect3_sdk_3.3.0/components/device/silabs/si91x/mcu/core/common/src/rsi_debug.o
                0x08202ca8                Board_UARTPutChar
 .text.read_exclude_space
                0x08202cd8       0x20 ./wiseconnect3_sdk_3.3.0/components/device/silabs/si91x/mcu/core/common/src/syscalls.o
 .text._getpid  0x08202cf8        0x4 ./wiseconnect3_sdk_3.3.0/components/device/silabs/si91x/mcu/core/common/src/syscalls.o
                0x08202cf8                _getpid
 .text._kill    0x08202cfc       0x10 ./wiseconnect3_sdk_3.3.0/components/device/silabs/si91x/mcu/core/common/src/syscalls.o
                0x08202cfc                _kill
 .text._exit    0x08202d0c        0xc ./wiseconnect3_sdk_3.3.0/components/device/silabs/si91x/mcu/core/common/src/syscalls.o
                0x08202d0c                _exit
 .text._write   0x08202d18       0x1c ./wiseconnect3_sdk_3.3.0/components/device/silabs/si91x/mcu/core/common/src/syscalls.o
                0x08202d18                _write
 .text._sbrk    0x08202d34       0x20 ./wiseconnect3_sdk_3.3.0/components/device/silabs/si91x/mcu/core/common/src/syscalls.o
                0x08202d34                _sbrk
 .text._close   0x08202d54        0x6 ./wiseconnect3_sdk_3.3.0/components/device/silabs/si91x/mcu/core/common/src/syscalls.o
                0x08202d54                _close
 .text._fstat   0x08202d5a        0xa ./wiseconnect3_sdk_3.3.0/components/device/silabs/si91x/mcu/core/common/src/syscalls.o
                0x08202d5a                _fstat
 .text._isatty  0x08202d64        0x4 ./wiseconnect3_sdk_3.3.0/components/device/silabs/si91x/mcu/core/common/src/syscalls.o
                0x08202d64                _isatty
 .text._lseek   0x08202d68        0x4 ./wiseconnect3_sdk_3.3.0/components/device/silabs/si91x/mcu/core/common/src/syscalls.o
                0x08202d68                _lseek
 .text._read    0x08202d6c      0x30c ./wiseconnect3_sdk_3.3.0/components/device/silabs/si91x/mcu/core/common/src/syscalls.o
                0x08202d6c                _read
 .text.GSPI_MASTER_GetVersion
                0x08203078       0x20 ./wiseconnect3_sdk_3.3.0/components/device/silabs/si91x/mcu/drivers/cmsis_driver/GSPI.o
                0x08203078                GSPI_MASTER_GetVersion
 .text.GSPI_MASTER_GetCapabilities
                0x08203098        0x4 ./wiseconnect3_sdk_3.3.0/components/device/silabs/si91x/mcu/drivers/cmsis_driver/GSPI.o
                0x08203098                GSPI_MASTER_GetCapabilities
 .text.GSPI_MASTER_UDMA_Tx_Event
                0x0820309c        0xc ./wiseconnect3_sdk_3.3.0/components/device/silabs/si91x/mcu/drivers/cmsis_driver/GSPI.o
                0x0820309c                GSPI_MASTER_UDMA_Tx_Event
 .text.GSPI_MASTER_UDMA_Rx_Event
                0x082030a8        0xc ./wiseconnect3_sdk_3.3.0/components/device/silabs/si91x/mcu/drivers/cmsis_driver/GSPI.o
                0x082030a8                GSPI_MASTER_UDMA_Rx_Event
 .text.GSPI_MASTER_GetStatus
                0x082030b4        0xc ./wiseconnect3_sdk_3.3.0/components/device/silabs/si91x/mcu/drivers/cmsis_driver/GSPI.o
 .text.GSPI_MASTER_Control
                0x082030c0       0x3c ./wiseconnect3_sdk_3.3.0/components/device/silabs/si91x/mcu/drivers/cmsis_driver/GSPI.o
 .text.GSPI_MASTER_GetDataCount
                0x082030fc        0xc ./wiseconnect3_sdk_3.3.0/components/device/silabs/si91x/mcu/drivers/cmsis_driver/GSPI.o
 .text.GSPI_MASTER_Transfer
                0x08203108       0x2c ./wiseconnect3_sdk_3.3.0/components/device/silabs/si91x/mcu/drivers/cmsis_driver/GSPI.o
 .text.GSPI_MASTER_Receive
                0x08203134       0x2c ./wiseconnect3_sdk_3.3.0/components/device/silabs/si91x/mcu/drivers/cmsis_driver/GSPI.o
 .text.GSPI_MASTER_Send
                0x08203160       0x2c ./wiseconnect3_sdk_3.3.0/components/device/silabs/si91x/mcu/drivers/cmsis_driver/GSPI.o
 .text.GSPI_MASTER_PowerControl
                0x0820318c        0xc ./wiseconnect3_sdk_3.3.0/components/device/silabs/si91x/mcu/drivers/cmsis_driver/GSPI.o
 .text.GSPI_MASTER_Uninitialize
                0x08203198       0x10 ./wiseconnect3_sdk_3.3.0/components/device/silabs/si91x/mcu/drivers/cmsis_driver/GSPI.o
 .text.GSPI_MASTER_Initialize
                0x082031a8       0x30 ./wiseconnect3_sdk_3.3.0/components/device/silabs/si91x/mcu/drivers/cmsis_driver/GSPI.o
 .text.RSI_GSPI_SetSlaveSelectNumber
                0x082031d8        0xc ./wiseconnect3_sdk_3.3.0/components/device/silabs/si91x/mcu/drivers/cmsis_driver/GSPI.o
                0x082031d8                RSI_GSPI_SetSlaveSelectNumber
 .text.IRQ046_Handler
                0x082031e4        0xc ./wiseconnect3_sdk_3.3.0/components/device/silabs/si91x/mcu/drivers/cmsis_driver/GSPI.o
                0x082031e4                IRQ046_Handler
 .text.GSPI_GetFrameLength
                0x082031f0       0x10 ./wiseconnect3_sdk_3.3.0/components/device/silabs/si91x/mcu/drivers/cmsis_driver/GSPI.o
                0x082031f0                GSPI_GetFrameLength
 .text.GSPI_SwapReadWriteByte
                0x08203200       0x48 ./wiseconnect3_sdk_3.3.0/components/device/silabs/si91x/mcu/drivers/cmsis_driver/GSPI.o
                0x08203200                GSPI_SwapReadWriteByte
 .text.GSPI_GetInitState
                0x08203248       0x10 ./wiseconnect3_sdk_3.3.0/components/device/silabs/si91x/mcu/drivers/cmsis_driver/GSPI.o
                0x08203248                GSPI_GetInitState
 .text.gspi_transfer_complete_callback
                0x08203258       0x20 ./wiseconnect3_sdk_3.3.0/components/device/silabs/si91x/mcu/drivers/cmsis_driver/GSPI.o
                0x08203258                gspi_transfer_complete_callback
 .text.gspi_error_callback
                0x08203278       0x20 ./wiseconnect3_sdk_3.3.0/components/device/silabs/si91x/mcu/drivers/cmsis_driver/GSPI.o
                0x08203278                gspi_error_callback
 .text.ARM_USARTx_GetVersion
                0x08203298       0x20 ./wiseconnect3_sdk_3.3.0/components/device/silabs/si91x/mcu/drivers/cmsis_driver/USART.o
                0x08203298                ARM_USARTx_GetVersion
 .text.ARM_ULP_UART_GetCapabilities
                0x082032b8        0xc ./wiseconnect3_sdk_3.3.0/components/device/silabs/si91x/mcu/drivers/cmsis_driver/USART.o
 .text.ARM_ULP_UART_GetModemStatus
                0x082032c4        0xc ./wiseconnect3_sdk_3.3.0/components/device/silabs/si91x/mcu/drivers/cmsis_driver/USART.o
 .text.ARM_ULP_UART_SetModemControl
                0x082032d0        0xc ./wiseconnect3_sdk_3.3.0/components/device/silabs/si91x/mcu/drivers/cmsis_driver/USART.o
 .text.ARM_ULP_UART_GetStatus
                0x082032dc        0xc ./wiseconnect3_sdk_3.3.0/components/device/silabs/si91x/mcu/drivers/cmsis_driver/USART.o
 .text.ARM_ULP_UART_Control
                0x082032e8       0x34 ./wiseconnect3_sdk_3.3.0/components/device/silabs/si91x/mcu/drivers/cmsis_driver/USART.o
 .text.ARM_ULP_UART_GetRxCount
                0x0820331c        0xc ./wiseconnect3_sdk_3.3.0/components/device/silabs/si91x/mcu/drivers/cmsis_driver/USART.o
 .text.ARM_ULP_UART_GetTxCount
                0x08203328        0xc ./wiseconnect3_sdk_3.3.0/components/device/silabs/si91x/mcu/drivers/cmsis_driver/USART.o
 .text.ARM_ULP_UART_Transfer
                0x08203334       0x54 ./wiseconnect3_sdk_3.3.0/components/device/silabs/si91x/mcu/drivers/cmsis_driver/USART.o
 .text.ARM_ULP_UART_Receive
                0x08203388       0x48 ./wiseconnect3_sdk_3.3.0/components/device/silabs/si91x/mcu/drivers/cmsis_driver/USART.o
 .text.ARM_ULP_UART_Send
                0x082033d0       0x48 ./wiseconnect3_sdk_3.3.0/components/device/silabs/si91x/mcu/drivers/cmsis_driver/USART.o
 .text.ARM_ULP_UART_PowerControl
                0x08203418       0x18 ./wiseconnect3_sdk_3.3.0/components/device/silabs/si91x/mcu/drivers/cmsis_driver/USART.o
 .text.ARM_ULP_UART_Uninitialize
                0x08203430       0x1c ./wiseconnect3_sdk_3.3.0/components/device/silabs/si91x/mcu/drivers/cmsis_driver/USART.o
 .text.ARM_ULP_UART_Initialize
                0x0820344c       0x30 ./wiseconnect3_sdk_3.3.0/components/device/silabs/si91x/mcu/drivers/cmsis_driver/USART.o
 .text.IRQ038_Handler
                0x0820347c        0xc ./wiseconnect3_sdk_3.3.0/components/device/silabs/si91x/mcu/drivers/cmsis_driver/USART.o
                0x0820347c                IRQ038_Handler
 .text.IRQ039_Handler
                0x08203488        0xc ./wiseconnect3_sdk_3.3.0/components/device/silabs/si91x/mcu/drivers/cmsis_driver/USART.o
                0x08203488                IRQ039_Handler
 .text.IRQ012_Handler
                0x08203494        0xc ./wiseconnect3_sdk_3.3.0/components/device/silabs/si91x/mcu/drivers/cmsis_driver/USART.o
                0x08203494                IRQ012_Handler
 .text.RSI_ULPUartHandler
                0x082034a0        0x4 ./wiseconnect3_sdk_3.3.0/components/device/silabs/si91x/mcu/drivers/cmsis_driver/USART.o
                0x082034a0                RSI_ULPUartHandler
 .text.RSI_CLK_GetBaseClock
                0x082034a4      0x50c ./wiseconnect3_sdk_3.3.0/components/device/silabs/si91x/mcu/drivers/peripheral_drivers/src/clock_update.o
                0x082034a4                RSI_CLK_GetBaseClock
 .text.RSI_EGPIO_SetPinMux
                0x082039b0       0x14 ./wiseconnect3_sdk_3.3.0/components/device/silabs/si91x/mcu/drivers/peripheral_drivers/src/rsi_gspi.o
 .text.RSI_EGPIO_HostPadsGpioModeEnable
                0x082039c4       0x10 ./wiseconnect3_sdk_3.3.0/components/device/silabs/si91x/mcu/drivers/peripheral_drivers/src/rsi_gspi.o
 .text.RSI_EGPIO_PadSelectionEnable
                0x082039d4       0x10 ./wiseconnect3_sdk_3.3.0/components/device/silabs/si91x/mcu/drivers/peripheral_drivers/src/rsi_gspi.o
 .text.RSI_EGPIO_PadReceiverEnable
                0x082039e4       0x10 ./wiseconnect3_sdk_3.3.0/components/device/silabs/si91x/mcu/drivers/peripheral_drivers/src/rsi_gspi.o
 .text.RSI_EGPIO_UlpPadReceiverEnable
                0x082039f4       0x10 ./wiseconnect3_sdk_3.3.0/components/device/silabs/si91x/mcu/drivers/peripheral_drivers/src/rsi_gspi.o
 .text.GSPI_Convert_Data_Width_To_Bytes
                0x08203a04       0x14 ./wiseconnect3_sdk_3.3.0/components/device/silabs/si91x/mcu/drivers/peripheral_drivers/src/rsi_gspi.o
 .text.GSPI_Initialize
                0x08203a18      0x268 ./wiseconnect3_sdk_3.3.0/components/device/silabs/si91x/mcu/drivers/peripheral_drivers/src/rsi_gspi.o
                0x08203a18                GSPI_Initialize
 .text.GSPI_Uninitialize
                0x08203c80       0x50 ./wiseconnect3_sdk_3.3.0/components/device/silabs/si91x/mcu/drivers/peripheral_drivers/src/rsi_gspi.o
                0x08203c80                GSPI_Uninitialize
 .text.GSPI_PowerControl
                0x08203cd0       0xf4 ./wiseconnect3_sdk_3.3.0/components/device/silabs/si91x/mcu/drivers/peripheral_drivers/src/rsi_gspi.o
                0x08203cd0                GSPI_PowerControl
 .text.GSPI_Control
                0x08203dc4      0x2e8 ./wiseconnect3_sdk_3.3.0/components/device/silabs/si91x/mcu/drivers/peripheral_drivers/src/rsi_gspi.o
                0x08203dc4                GSPI_Control
 .text.GSPI_Send
                0x082040ac      0x184 ./wiseconnect3_sdk_3.3.0/components/device/silabs/si91x/mcu/drivers/peripheral_drivers/src/rsi_gspi.o
                0x082040ac                GSPI_Send
 .text.GSPI_Receive
                0x08204230      0x200 ./wiseconnect3_sdk_3.3.0/components/device/silabs/si91x/mcu/drivers/peripheral_drivers/src/rsi_gspi.o
                0x08204230                GSPI_Receive
 .text.GSPI_Transfer
                0x08204430      0x228 ./wiseconnect3_sdk_3.3.0/components/device/silabs/si91x/mcu/drivers/peripheral_drivers/src/rsi_gspi.o
                0x08204430                GSPI_Transfer
 .text.GSPI_GetDataCount
                0x08204658       0x12 ./wiseconnect3_sdk_3.3.0/components/device/silabs/si91x/mcu/drivers/peripheral_drivers/src/rsi_gspi.o
                0x08204658                GSPI_GetDataCount
 .text.GSPI_UDMA_Tx_Event
                0x0820466a       0x1c ./wiseconnect3_sdk_3.3.0/components/device/silabs/si91x/mcu/drivers/peripheral_drivers/src/rsi_gspi.o
                0x0820466a                GSPI_UDMA_Tx_Event
 .text.GSPI_UDMA_Rx_Event
                0x08204686       0x14 ./wiseconnect3_sdk_3.3.0/components/device/silabs/si91x/mcu/drivers/peripheral_drivers/src/rsi_gspi.o
                0x08204686                GSPI_UDMA_Rx_Event
 *fill*         0x0820469a        0x2 
 .text.GSPI_IRQHandler
                0x0820469c      0x12c ./wiseconnect3_sdk_3.3.0/components/device/silabs/si91x/mcu/drivers/peripheral_drivers/src/rsi_gspi.o
                0x0820469c                GSPI_IRQHandler
 .text.GSPI_GetStatus
                0x082047c8       0x1e ./wiseconnect3_sdk_3.3.0/components/device/silabs/si91x/mcu/drivers/peripheral_drivers/src/rsi_gspi.o
                0x082047c8                GSPI_GetStatus
 *fill*         0x082047e6        0x2 
 .text.RSI_EGPIO_SetPinMux
                0x082047e8       0x14 ./wiseconnect3_sdk_3.3.0/components/device/silabs/si91x/mcu/drivers/peripheral_drivers/src/rsi_usart.o
 .text.RSI_EGPIO_HostPadsGpioModeEnable
                0x082047fc       0x10 ./wiseconnect3_sdk_3.3.0/components/device/silabs/si91x/mcu/drivers/peripheral_drivers/src/rsi_usart.o
 .text.RSI_EGPIO_PadSelectionEnable
                0x0820480c       0x10 ./wiseconnect3_sdk_3.3.0/components/device/silabs/si91x/mcu/drivers/peripheral_drivers/src/rsi_usart.o
 .text.RSI_EGPIO_PadReceiverEnable
                0x0820481c       0x10 ./wiseconnect3_sdk_3.3.0/components/device/silabs/si91x/mcu/drivers/peripheral_drivers/src/rsi_usart.o
 .text.RSI_EGPIO_UlpPadReceiverEnable
                0x0820482c       0x10 ./wiseconnect3_sdk_3.3.0/components/device/silabs/si91x/mcu/drivers/peripheral_drivers/src/rsi_usart.o
 .text.UDMAx_ChannelDisable.isra.0
                0x0820483c        0xc ./wiseconnect3_sdk_3.3.0/components/device/silabs/si91x/mcu/drivers/peripheral_drivers/src/rsi_usart.o
 .text.UartIrqHandler
                0x08204848      0x1f0 ./wiseconnect3_sdk_3.3.0/components/device/silabs/si91x/mcu/drivers/peripheral_drivers/src/rsi_usart.o
                0x08204848                UartIrqHandler
 .text.USART_SetBaudrate
                0x08204a38       0x50 ./wiseconnect3_sdk_3.3.0/components/device/silabs/si91x/mcu/drivers/peripheral_drivers/src/rsi_usart.o
                0x08204a38                USART_SetBaudrate
 .text.USART_Initialize
                0x08204a88      0x120 ./wiseconnect3_sdk_3.3.0/components/device/silabs/si91x/mcu/drivers/peripheral_drivers/src/rsi_usart.o
                0x08204a88                USART_Initialize
 .text.USART_Uninitialize
                0x08204ba8       0xa0 ./wiseconnect3_sdk_3.3.0/components/device/silabs/si91x/mcu/drivers/peripheral_drivers/src/rsi_usart.o
                0x08204ba8                USART_Uninitialize
 .text.USART_PowerControl
                0x08204c48      0x150 ./wiseconnect3_sdk_3.3.0/components/device/silabs/si91x/mcu/drivers/peripheral_drivers/src/rsi_usart.o
                0x08204c48                USART_PowerControl
 .text.USART_Send_Data
                0x08204d98      0x15c ./wiseconnect3_sdk_3.3.0/components/device/silabs/si91x/mcu/drivers/peripheral_drivers/src/rsi_usart.o
                0x08204d98                USART_Send_Data
 .text.USART_Receive_Data
                0x08204ef4      0x13c ./wiseconnect3_sdk_3.3.0/components/device/silabs/si91x/mcu/drivers/peripheral_drivers/src/rsi_usart.o
                0x08204ef4                USART_Receive_Data
 .text.USART_Transfer
                0x08205030       0x72 ./wiseconnect3_sdk_3.3.0/components/device/silabs/si91x/mcu/drivers/peripheral_drivers/src/rsi_usart.o
                0x08205030                USART_Transfer
 .text.USART_GetTxCount
                0x082050a2        0x6 ./wiseconnect3_sdk_3.3.0/components/device/silabs/si91x/mcu/drivers/peripheral_drivers/src/rsi_usart.o
                0x082050a2                USART_GetTxCount
 .text.USART_GetRxCount
                0x082050a8        0x6 ./wiseconnect3_sdk_3.3.0/components/device/silabs/si91x/mcu/drivers/peripheral_drivers/src/rsi_usart.o
                0x082050a8                USART_GetRxCount
 *fill*         0x082050ae        0x2 
 .text.USART_Control
                0x082050b0      0x8e8 ./wiseconnect3_sdk_3.3.0/components/device/silabs/si91x/mcu/drivers/peripheral_drivers/src/rsi_usart.o
                0x082050b0                USART_Control
 .text.USART_GetStatus
                0x08205998       0x42 ./wiseconnect3_sdk_3.3.0/components/device/silabs/si91x/mcu/drivers/peripheral_drivers/src/rsi_usart.o
                0x08205998                USART_GetStatus
 *fill*         0x082059da        0x2 
 .text.USART_SetModemControl
                0x082059dc       0x84 ./wiseconnect3_sdk_3.3.0/components/device/silabs/si91x/mcu/drivers/peripheral_drivers/src/rsi_usart.o
                0x082059dc                USART_SetModemControl
 .text.USART_GetModemStatus
                0x08205a60       0x5c ./wiseconnect3_sdk_3.3.0/components/device/silabs/si91x/mcu/drivers/peripheral_drivers/src/rsi_usart.o
                0x08205a60                USART_GetModemStatus
 .text.convert_rsi_to_sl_error_code
                0x08205abc       0x58 ./wiseconnect3_sdk_3.3.0/components/device/silabs/si91x/mcu/drivers/service/clock_manager/src/sl_si91x_clock_manager.o
 .text.sl_si91x_clock_manager_set_pll_freq
                0x08205b14       0xe8 ./wiseconnect3_sdk_3.3.0/components/device/silabs/si91x/mcu/drivers/service/clock_manager/src/sl_si91x_clock_manager.o
                0x08205b14                sl_si91x_clock_manager_set_pll_freq
 .text.sl_si91x_clock_manager_m4_set_core_clk
                0x08205bfc       0x60 ./wiseconnect3_sdk_3.3.0/components/device/silabs/si91x/mcu/drivers/service/clock_manager/src/sl_si91x_clock_manager.o
                0x08205bfc                sl_si91x_clock_manager_m4_set_core_clk
 .text.RSI_IPMU_UpdateIpmuCalibData_efuse
                0x08205c5c      0x300 ./wiseconnect3_sdk_3.3.0/components/device/silabs/si91x/mcu/drivers/systemlevel/src/rsi_ipmu.o
                0x08205c5c                RSI_IPMU_UpdateIpmuCalibData_efuse
 .text.RSI_Ipmu_Init
                0x08205f5c        0x4 ./wiseconnect3_sdk_3.3.0/components/device/silabs/si91x/mcu/drivers/systemlevel/src/rsi_ipmu.o
                0x08205f5c                RSI_Ipmu_Init
 .text.RSI_Configure_Ipmu_Mode
                0x08205f60        0x6 ./wiseconnect3_sdk_3.3.0/components/device/silabs/si91x/mcu/drivers/systemlevel/src/rsi_ipmu.o
                0x08205f60                RSI_Configure_Ipmu_Mode
 *fill*         0x08205f66        0x2 
 .text.RSI_IPMU_ClockMuxSel
                0x08205f68       0x40 ./wiseconnect3_sdk_3.3.0/components/device/silabs/si91x/mcu/drivers/systemlevel/src/rsi_ipmu.o
                0x08205f68                RSI_IPMU_ClockMuxSel
 .text.RSI_IPMU_ProgramConfigData
                0x08205fa8       0xea ./wiseconnect3_sdk_3.3.0/components/device/silabs/si91x/mcu/drivers/systemlevel/src/rsi_ipmu.o
                0x08205fa8                RSI_IPMU_ProgramConfigData
 *fill*         0x08206092        0x2 
 .text.RSI_IPMU_M32rc_OscTrimEfuse
                0x08206094       0x28 ./wiseconnect3_sdk_3.3.0/components/device/silabs/si91x/mcu/drivers/systemlevel/src/rsi_ipmu.o
                0x08206094                RSI_IPMU_M32rc_OscTrimEfuse
 .text.RSI_IPMU_DBLR32M_TrimEfuse
                0x082060bc       0x18 ./wiseconnect3_sdk_3.3.0/components/device/silabs/si91x/mcu/drivers/systemlevel/src/rsi_ipmu.o
                0x082060bc                RSI_IPMU_DBLR32M_TrimEfuse
 .text.RSI_IPMU_M20roOsc_TrimEfuse
                0x082060d4       0x28 ./wiseconnect3_sdk_3.3.0/components/device/silabs/si91x/mcu/drivers/systemlevel/src/rsi_ipmu.o
                0x082060d4                RSI_IPMU_M20roOsc_TrimEfuse
 .text.RSI_IPMU_RO32khz_TrimEfuse
                0x082060fc       0x18 ./wiseconnect3_sdk_3.3.0/components/device/silabs/si91x/mcu/drivers/systemlevel/src/rsi_ipmu.o
                0x082060fc                RSI_IPMU_RO32khz_TrimEfuse
 .text.RSI_IPMU_RC32khz_TrimEfuse
                0x08206114       0x18 ./wiseconnect3_sdk_3.3.0/components/device/silabs/si91x/mcu/drivers/systemlevel/src/rsi_ipmu.o
                0x08206114                RSI_IPMU_RC32khz_TrimEfuse
 .text._usdelay
                0x0820612c        0x6 ./wiseconnect3_sdk_3.3.0/components/device/silabs/si91x/mcu/drivers/systemlevel/src/rsi_pll.o
 *fill*         0x08206132        0x2 
 .text.clk_m4_soc_clk_config
                0x08206134       0xc8 ./wiseconnect3_sdk_3.3.0/components/device/silabs/si91x/mcu/drivers/systemlevel/src/rsi_pll.o
                0x08206134                clk_m4_soc_clk_config
 .text.ulpss_enable_ref_clks
                0x082061fc       0xf8 ./wiseconnect3_sdk_3.3.0/components/device/silabs/si91x/mcu/drivers/systemlevel/src/rsi_pll.o
                0x082061fc                ulpss_enable_ref_clks
 .text.clk_m4ss_ref_clk_config
                0x082062f4       0xcc ./wiseconnect3_sdk_3.3.0/components/device/silabs/si91x/mcu/drivers/systemlevel/src/rsi_pll.o
                0x082062f4                clk_m4ss_ref_clk_config
 .text.ulpss_ref_clk_config
                0x082063c0       0xbc ./wiseconnect3_sdk_3.3.0/components/device/silabs/si91x/mcu/drivers/systemlevel/src/rsi_ulpss_clk.o
                0x082063c0                ulpss_ref_clk_config
 .text.UDMAx_DMAEnable
                0x0820647c        0xc ./wiseconnect3_sdk_3.3.0/components/device/silabs/si91x/mcu/drivers/unified_api/src/sl_si91x_dma.o
 .text.dma_internal_callback
                0x08206488       0x30 ./wiseconnect3_sdk_3.3.0/components/device/silabs/si91x/mcu/drivers/unified_api/src/sl_si91x_dma.o
 .text.ulp_dma_internal_callback
                0x082064b8       0x30 ./wiseconnect3_sdk_3.3.0/components/device/silabs/si91x/mcu/drivers/unified_api/src/sl_si91x_dma.o
 .text.sl_si91x_dma_init
                0x082064e8       0x5c ./wiseconnect3_sdk_3.3.0/components/device/silabs/si91x/mcu/drivers/unified_api/src/sl_si91x_dma.o
                0x082064e8                sl_si91x_dma_init
 .text.sl_si91x_dma_allocate_channel
                0x08206544       0xdc ./wiseconnect3_sdk_3.3.0/components/device/silabs/si91x/mcu/drivers/unified_api/src/sl_si91x_dma.o
                0x08206544                sl_si91x_dma_allocate_channel
 .text.sl_si91x_dma_register_callbacks
                0x08206620       0x5c ./wiseconnect3_sdk_3.3.0/components/device/silabs/si91x/mcu/drivers/unified_api/src/sl_si91x_dma.o
                0x08206620                sl_si91x_dma_register_callbacks
 .text.sl_si91x_dma_unregister_callbacks
                0x0820667c       0x88 ./wiseconnect3_sdk_3.3.0/components/device/silabs/si91x/mcu/drivers/unified_api/src/sl_si91x_dma.o
                0x0820667c                sl_si91x_dma_unregister_callbacks
 .text.sl_si91x_dma_transfer
                0x08206704      0x274 ./wiseconnect3_sdk_3.3.0/components/device/silabs/si91x/mcu/drivers/unified_api/src/sl_si91x_dma.o
                0x08206704                sl_si91x_dma_transfer
 .text.sl_si91x_dma_channel_enable
                0x08206978       0x38 ./wiseconnect3_sdk_3.3.0/components/device/silabs/si91x/mcu/drivers/unified_api/src/sl_si91x_dma.o
                0x08206978                sl_si91x_dma_channel_enable
 .text.sl_si91x_dma_enable
                0x082069b0       0x30 ./wiseconnect3_sdk_3.3.0/components/device/silabs/si91x/mcu/drivers/unified_api/src/sl_si91x_dma.o
                0x082069b0                sl_si91x_dma_enable
 .text.convert_arm_to_sl_error_code
                0x082069e0       0x14 ./wiseconnect3_sdk_3.3.0/components/device/silabs/si91x/mcu/drivers/unified_api/src/sl_si91x_gspi.o
 .text.set_slave_gpio_state.part.0
                0x082069f4       0x18 ./wiseconnect3_sdk_3.3.0/components/device/silabs/si91x/mcu/drivers/unified_api/src/sl_si91x_gspi.o
 .text.callback_event_handler
                0x08206a0c       0x34 ./wiseconnect3_sdk_3.3.0/components/device/silabs/si91x/mcu/drivers/unified_api/src/sl_si91x_gspi.o
 .text.sl_si91x_gspi_configure_clock
                0x08206a40        0xa ./wiseconnect3_sdk_3.3.0/components/device/silabs/si91x/mcu/drivers/unified_api/src/sl_si91x_gspi.o
                0x08206a40                sl_si91x_gspi_configure_clock
 *fill*         0x08206a4a        0x2 
 .text.sl_si91x_gspi_init
                0x08206a4c       0x48 ./wiseconnect3_sdk_3.3.0/components/device/silabs/si91x/mcu/drivers/unified_api/src/sl_si91x_gspi.o
                0x08206a4c                sl_si91x_gspi_init
 .text.sl_si91x_gspi_set_configuration
                0x08206a94       0x64 ./wiseconnect3_sdk_3.3.0/components/device/silabs/si91x/mcu/drivers/unified_api/src/sl_si91x_gspi.o
                0x08206a94                sl_si91x_gspi_set_configuration
 .text.sl_si91x_gspi_receive_data
                0x08206af8       0x3c ./wiseconnect3_sdk_3.3.0/components/device/silabs/si91x/mcu/drivers/unified_api/src/sl_si91x_gspi.o
                0x08206af8                sl_si91x_gspi_receive_data
 .text.sl_si91x_gspi_send_data
                0x08206b34       0x38 ./wiseconnect3_sdk_3.3.0/components/device/silabs/si91x/mcu/drivers/unified_api/src/sl_si91x_gspi.o
                0x08206b34                sl_si91x_gspi_send_data
 .text.sl_si91x_gspi_transfer_data
                0x08206b6c       0x3c ./wiseconnect3_sdk_3.3.0/components/device/silabs/si91x/mcu/drivers/unified_api/src/sl_si91x_gspi.o
                0x08206b6c                sl_si91x_gspi_transfer_data
 .text.sl_si91x_gspi_register_event_callback
                0x08206ba8       0x38 ./wiseconnect3_sdk_3.3.0/components/device/silabs/si91x/mcu/drivers/unified_api/src/sl_si91x_gspi.o
                0x08206ba8                sl_si91x_gspi_register_event_callback
 .text.sl_si91x_gspi_get_version
                0x08206be0       0x16 ./wiseconnect3_sdk_3.3.0/components/device/silabs/si91x/mcu/drivers/unified_api/src/sl_si91x_gspi.o
                0x08206be0                sl_si91x_gspi_get_version
 .text.sl_si91x_gspi_get_status
                0x08206bf6        0x4 ./wiseconnect3_sdk_3.3.0/components/device/silabs/si91x/mcu/drivers/unified_api/src/sl_si91x_gspi.o
                0x08206bf6                sl_si91x_gspi_get_status
 .text.sl_si91x_gspi_get_clock_division_factor
                0x08206bfa        0x8 ./wiseconnect3_sdk_3.3.0/components/device/silabs/si91x/mcu/drivers/unified_api/src/sl_si91x_gspi.o
                0x08206bfa                sl_si91x_gspi_get_clock_division_factor
 .text.sl_si91x_gspi_get_frame_length
                0x08206c02        0x4 ./wiseconnect3_sdk_3.3.0/components/device/silabs/si91x/mcu/drivers/unified_api/src/sl_si91x_gspi.o
                0x08206c02                sl_si91x_gspi_get_frame_length
 *fill*         0x08206c06        0x2 
 .text.get_int_frac_parts
                0x08206c08       0x78 ./wiseconnect3_sdk_3.3.0/components/device/silabs/si91x/mcu/drivers/unified_api/src/sl_si91x_ulp_timer.o
 .text.sl_si91x_ulp_timer_configure_clock
                0x08206c80       0x3c ./wiseconnect3_sdk_3.3.0/components/device/silabs/si91x/mcu/drivers/unified_api/src/sl_si91x_ulp_timer.o
                0x08206c80                sl_si91x_ulp_timer_configure_clock
 .text.sl_si91x_ulp_timer_set_configuration
                0x08206cbc       0xf0 ./wiseconnect3_sdk_3.3.0/components/device/silabs/si91x/mcu/drivers/unified_api/src/sl_si91x_ulp_timer.o
                0x08206cbc                sl_si91x_ulp_timer_set_configuration
 .text.sl_si91x_ulp_timer_start
                0x08206dac       0x1e ./wiseconnect3_sdk_3.3.0/components/device/silabs/si91x/mcu/drivers/unified_api/src/sl_si91x_ulp_timer.o
                0x08206dac                sl_si91x_ulp_timer_start
 .text.sl_si91x_ulp_timer_stop
                0x08206dca       0x1e ./wiseconnect3_sdk_3.3.0/components/device/silabs/si91x/mcu/drivers/unified_api/src/sl_si91x_ulp_timer.o
                0x08206dca                sl_si91x_ulp_timer_stop
 .text.sl_si91x_ulp_timer_get_count
                0x08206de8       0x20 ./wiseconnect3_sdk_3.3.0/components/device/silabs/si91x/mcu/drivers/unified_api/src/sl_si91x_ulp_timer.o
                0x08206de8                sl_si91x_ulp_timer_get_count
 .text.sl_si91x_ulp_timer_set_count
                0x08206e08       0x14 ./wiseconnect3_sdk_3.3.0/components/device/silabs/si91x/mcu/drivers/unified_api/src/sl_si91x_ulp_timer.o
                0x08206e08                sl_si91x_ulp_timer_set_count
 .text.IRQ002_Handler
                0x08206e1c       0x24 ./wiseconnect3_sdk_3.3.0/components/device/silabs/si91x/mcu/drivers/unified_api/src/sl_si91x_ulp_timer.o
                0x08206e1c                IRQ002_Handler
 .text.IRQ003_Handler
                0x08206e40       0x24 ./wiseconnect3_sdk_3.3.0/components/device/silabs/si91x/mcu/drivers/unified_api/src/sl_si91x_ulp_timer.o
                0x08206e40                IRQ003_Handler
 .text.IRQ004_Handler
                0x08206e64       0x24 ./wiseconnect3_sdk_3.3.0/components/device/silabs/si91x/mcu/drivers/unified_api/src/sl_si91x_ulp_timer.o
                0x08206e64                IRQ004_Handler
 .text.IRQ005_Handler
                0x08206e88       0x24 ./wiseconnect3_sdk_3.3.0/components/device/silabs/si91x/mcu/drivers/unified_api/src/sl_si91x_ulp_timer.o
                0x08206e88                IRQ005_Handler
 .text          0x08206eac      0x378 c:/siliconlabs/simplicitystudio/v5/developer/toolchains/gnu_arm/12.2.rel1_2023.7/bin/../lib/gcc/arm-none-eabi/12.2.1/thumb/v7e-m+fp/softfp\libgcc.a(_arm_addsubdf3.o)
                0x08206eac                __aeabi_drsub
                0x08206eb4                __aeabi_dsub
                0x08206eb4                __subdf3
                0x08206eb8                __aeabi_dadd
                0x08206eb8                __adddf3
                0x08207130                __floatunsidf
                0x08207130                __aeabi_ui2d
                0x08207150                __floatsidf
                0x08207150                __aeabi_i2d
                0x08207174                __aeabi_f2d
                0x08207174                __extendsfdf2
                0x082071b8                __floatundidf
                0x082071b8                __aeabi_ul2d
                0x082071c8                __floatdidf
                0x082071c8                __aeabi_l2d
 .text          0x08207224      0x424 c:/siliconlabs/simplicitystudio/v5/developer/toolchains/gnu_arm/12.2.rel1_2023.7/bin/../lib/gcc/arm-none-eabi/12.2.1/thumb/v7e-m+fp/softfp\libgcc.a(_arm_muldivdf3.o)
                0x08207224                __aeabi_dmul
                0x08207224                __muldf3
                0x08207478                __divdf3
                0x08207478                __aeabi_ddiv
 .text          0x08207648       0x40 c:/siliconlabs/simplicitystudio/v5/developer/toolchains/gnu_arm/12.2.rel1_2023.7/bin/../lib/gcc/arm-none-eabi/12.2.1/thumb/v7e-m+fp/softfp\libgcc.a(_arm_fixunsdfsi.o)
                0x08207648                __aeabi_d2uiz
                0x08207648                __fixunsdfsi
 .text.__cvt    0x08207688       0xce c:/siliconlabs/simplicitystudio/v5/developer/toolchains/gnu_arm/12.2.rel1_2023.7/bin/../lib/gcc/arm-none-eabi/12.2.1/thumb/v7e-m+fp/softfp\libc_nano.a(libc_a-nano-vfprintf_float.o)
                0x08207688                __cvt
 .text.__exponent
                0x08207756       0x74 c:/siliconlabs/simplicitystudio/v5/developer/toolchains/gnu_arm/12.2.rel1_2023.7/bin/../lib/gcc/arm-none-eabi/12.2.1/thumb/v7e-m+fp/softfp\libc_nano.a(libc_a-nano-vfprintf_float.o)
                0x08207756                __exponent
 *fill*         0x082077ca        0x2 
 .text._printf_float
                0x082077cc      0x46c c:/siliconlabs/simplicitystudio/v5/developer/toolchains/gnu_arm/12.2.rel1_2023.7/bin/../lib/gcc/arm-none-eabi/12.2.1/thumb/v7e-m+fp/softfp\libc_nano.a(libc_a-nano-vfprintf_float.o)
                0x082077cc                _printf_float
 .text._printf_common
                0x08207c38       0xda c:/siliconlabs/simplicitystudio/v5/developer/toolchains/gnu_arm/12.2.rel1_2023.7/bin/../lib/gcc/arm-none-eabi/12.2.1/thumb/v7e-m+fp/softfp\libc_nano.a(libc_a-nano-vfprintf_i.o)
                0x08207c38                _printf_common
 *fill*         0x08207d12        0x2 
 .text._printf_i
                0x08207d14      0x258 c:/siliconlabs/simplicitystudio/v5/developer/toolchains/gnu_arm/12.2.rel1_2023.7/bin/../lib/gcc/arm-none-eabi/12.2.1/thumb/v7e-m+fp/softfp\libc_nano.a(libc_a-nano-vfprintf_i.o)
                0x08207d14                _printf_i
 .text.std      0x08207f6c       0x6c c:/siliconlabs/simplicitystudio/v5/developer/toolchains/gnu_arm/12.2.rel1_2023.7/bin/../lib/gcc/arm-none-eabi/12.2.1/thumb/v7e-m+fp/softfp\libc_nano.a(libc_a-findfp.o)
 .text.stdio_exit_handler
                0x08207fd8       0x18 c:/siliconlabs/simplicitystudio/v5/developer/toolchains/gnu_arm/12.2.rel1_2023.7/bin/../lib/gcc/arm-none-eabi/12.2.1/thumb/v7e-m+fp/softfp\libc_nano.a(libc_a-findfp.o)
 .text.cleanup_stdio
                0x08207ff0       0x40 c:/siliconlabs/simplicitystudio/v5/developer/toolchains/gnu_arm/12.2.rel1_2023.7/bin/../lib/gcc/arm-none-eabi/12.2.1/thumb/v7e-m+fp/softfp\libc_nano.a(libc_a-findfp.o)
 .text.global_stdio_init.part.0
                0x08208030       0x3c c:/siliconlabs/simplicitystudio/v5/developer/toolchains/gnu_arm/12.2.rel1_2023.7/bin/../lib/gcc/arm-none-eabi/12.2.1/thumb/v7e-m+fp/softfp\libc_nano.a(libc_a-findfp.o)
 .text.__sfp_lock_acquire
                0x0820806c        0xc c:/siliconlabs/simplicitystudio/v5/developer/toolchains/gnu_arm/12.2.rel1_2023.7/bin/../lib/gcc/arm-none-eabi/12.2.1/thumb/v7e-m+fp/softfp\libc_nano.a(libc_a-findfp.o)
                0x0820806c                __sfp_lock_acquire
 .text.__sfp_lock_release
                0x08208078        0xc c:/siliconlabs/simplicitystudio/v5/developer/toolchains/gnu_arm/12.2.rel1_2023.7/bin/../lib/gcc/arm-none-eabi/12.2.1/thumb/v7e-m+fp/softfp\libc_nano.a(libc_a-findfp.o)
                0x08208078                __sfp_lock_release
 .text.__sinit  0x08208084       0x30 c:/siliconlabs/simplicitystudio/v5/developer/toolchains/gnu_arm/12.2.rel1_2023.7/bin/../lib/gcc/arm-none-eabi/12.2.1/thumb/v7e-m+fp/softfp\libc_nano.a(libc_a-findfp.o)
                0x08208084                __sinit
 .text._fwalk_sglue
                0x082080b4       0x3c c:/siliconlabs/simplicitystudio/v5/developer/toolchains/gnu_arm/12.2.rel1_2023.7/bin/../lib/gcc/arm-none-eabi/12.2.1/thumb/v7e-m+fp/softfp\libc_nano.a(libc_a-fwalk.o)
                0x082080b4                _fwalk_sglue
 .text.printf   0x082080f0       0x24 c:/siliconlabs/simplicitystudio/v5/developer/toolchains/gnu_arm/12.2.rel1_2023.7/bin/../lib/gcc/arm-none-eabi/12.2.1/thumb/v7e-m+fp/softfp\libc_nano.a(libc_a-printf.o)
                0x082080f0                iprintf
                0x082080f0                printf
 .text._puts_r  0x08208114       0xaa c:/siliconlabs/simplicitystudio/v5/developer/toolchains/gnu_arm/12.2.rel1_2023.7/bin/../lib/gcc/arm-none-eabi/12.2.1/thumb/v7e-m+fp/softfp\libc_nano.a(libc_a-puts.o)
                0x08208114                _puts_r
 *fill*         0x082081be        0x2 
 .text.puts     0x082081c0       0x10 c:/siliconlabs/simplicitystudio/v5/developer/toolchains/gnu_arm/12.2.rel1_2023.7/bin/../lib/gcc/arm-none-eabi/12.2.1/thumb/v7e-m+fp/softfp\libc_nano.a(libc_a-puts.o)
                0x082081c0                puts
 .text.__sread  0x082081d0       0x22 c:/siliconlabs/simplicitystudio/v5/developer/toolchains/gnu_arm/12.2.rel1_2023.7/bin/../lib/gcc/arm-none-eabi/12.2.1/thumb/v7e-m+fp/softfp\libc_nano.a(libc_a-stdio.o)
                0x082081d0                __sread
 .text.__swrite
                0x082081f2       0x38 c:/siliconlabs/simplicitystudio/v5/developer/toolchains/gnu_arm/12.2.rel1_2023.7/bin/../lib/gcc/arm-none-eabi/12.2.1/thumb/v7e-m+fp/softfp\libc_nano.a(libc_a-stdio.o)
                0x082081f2                __swrite
 .text.__sseek  0x0820822a       0x24 c:/siliconlabs/simplicitystudio/v5/developer/toolchains/gnu_arm/12.2.rel1_2023.7/bin/../lib/gcc/arm-none-eabi/12.2.1/thumb/v7e-m+fp/softfp\libc_nano.a(libc_a-stdio.o)
                0x0820822a                __sseek
 .text.__sclose
                0x0820824e        0x8 c:/siliconlabs/simplicitystudio/v5/developer/toolchains/gnu_arm/12.2.rel1_2023.7/bin/../lib/gcc/arm-none-eabi/12.2.1/thumb/v7e-m+fp/softfp\libc_nano.a(libc_a-stdio.o)
                0x0820824e                __sclose
 .text.__swbuf_r
                0x08208256       0x7c c:/siliconlabs/simplicitystudio/v5/developer/toolchains/gnu_arm/12.2.rel1_2023.7/bin/../lib/gcc/arm-none-eabi/12.2.1/thumb/v7e-m+fp/softfp\libc_nano.a(libc_a-wbuf.o)
                0x08208256                __swbuf_r
 *fill*         0x082082d2        0x2 
 .text.__swsetup_r
                0x082082d4       0xac c:/siliconlabs/simplicitystudio/v5/developer/toolchains/gnu_arm/12.2.rel1_2023.7/bin/../lib/gcc/arm-none-eabi/12.2.1/thumb/v7e-m+fp/softfp\libc_nano.a(libc_a-wsetup.o)
                0x082082d4                __swsetup_r
 .text.memset   0x08208380       0x10 c:/siliconlabs/simplicitystudio/v5/developer/toolchains/gnu_arm/12.2.rel1_2023.7/bin/../lib/gcc/arm-none-eabi/12.2.1/thumb/v7e-m+fp/softfp\libc_nano.a(libc_a-memset.o)
                0x08208380                memset
 .text._localeconv_r
                0x08208390        0x8 c:/siliconlabs/simplicitystudio/v5/developer/toolchains/gnu_arm/12.2.rel1_2023.7/bin/../lib/gcc/arm-none-eabi/12.2.1/thumb/v7e-m+fp/softfp\libc_nano.a(libc_a-localeconv.o)
                0x08208390                _localeconv_r
 .text._close_r
                0x08208398       0x20 c:/siliconlabs/simplicitystudio/v5/developer/toolchains/gnu_arm/12.2.rel1_2023.7/bin/../lib/gcc/arm-none-eabi/12.2.1/thumb/v7e-m+fp/softfp\libc_nano.a(libc_a-closer.o)
                0x08208398                _close_r
 .text._lseek_r
                0x082083b8       0x24 c:/siliconlabs/simplicitystudio/v5/developer/toolchains/gnu_arm/12.2.rel1_2023.7/bin/../lib/gcc/arm-none-eabi/12.2.1/thumb/v7e-m+fp/softfp\libc_nano.a(libc_a-lseekr.o)
                0x082083b8                _lseek_r
 .text._read_r  0x082083dc       0x24 c:/siliconlabs/simplicitystudio/v5/developer/toolchains/gnu_arm/12.2.rel1_2023.7/bin/../lib/gcc/arm-none-eabi/12.2.1/thumb/v7e-m+fp/softfp\libc_nano.a(libc_a-readr.o)
                0x082083dc                _read_r
 .text._write_r
                0x08208400       0x24 c:/siliconlabs/simplicitystudio/v5/developer/toolchains/gnu_arm/12.2.rel1_2023.7/bin/../lib/gcc/arm-none-eabi/12.2.1/thumb/v7e-m+fp/softfp\libc_nano.a(libc_a-writer.o)
                0x08208400                _write_r
 .text.__errno  0x08208424        0xc c:/siliconlabs/simplicitystudio/v5/developer/toolchains/gnu_arm/12.2.rel1_2023.7/bin/../lib/gcc/arm-none-eabi/12.2.1/thumb/v7e-m+fp/softfp\libc_nano.a(libc_a-errno.o)
                0x08208424                __errno
 .text.__retarget_lock_init_recursive
                0x08208430        0x2 c:/siliconlabs/simplicitystudio/v5/developer/toolchains/gnu_arm/12.2.rel1_2023.7/bin/../lib/gcc/arm-none-eabi/12.2.1/thumb/v7e-m+fp/softfp\libc_nano.a(libc_a-lock.o)
                0x08208430                __retarget_lock_init_recursive
 .text.__retarget_lock_acquire_recursive
                0x08208432        0x2 c:/siliconlabs/simplicitystudio/v5/developer/toolchains/gnu_arm/12.2.rel1_2023.7/bin/../lib/gcc/arm-none-eabi/12.2.1/thumb/v7e-m+fp/softfp\libc_nano.a(libc_a-lock.o)
                0x08208432                __retarget_lock_acquire_recursive
 .text.__retarget_lock_release_recursive
                0x08208434        0x2 c:/siliconlabs/simplicitystudio/v5/developer/toolchains/gnu_arm/12.2.rel1_2023.7/bin/../lib/gcc/arm-none-eabi/12.2.1/thumb/v7e-m+fp/softfp\libc_nano.a(libc_a-lock.o)
                0x08208434                __retarget_lock_release_recursive
 *fill*         0x08208436        0xa 
 .text          0x08208440       0xa0 c:/siliconlabs/simplicitystudio/v5/developer/toolchains/gnu_arm/12.2.rel1_2023.7/bin/../lib/gcc/arm-none-eabi/12.2.1/thumb/v7e-m+fp/softfp\libc_nano.a(libc_a-memchr.o)
                0x08208440                memchr
 .text          0x082084e0       0x10 c:/siliconlabs/simplicitystudio/v5/developer/toolchains/gnu_arm/12.2.rel1_2023.7/bin/../lib/gcc/arm-none-eabi/12.2.1/thumb/v7e-m+fp/softfp\libc_nano.a(libc_a-strlen.o)
                0x082084e0                strlen
 .text.quorem   0x082084f0      0x110 c:/siliconlabs/simplicitystudio/v5/developer/toolchains/gnu_arm/12.2.rel1_2023.7/bin/../lib/gcc/arm-none-eabi/12.2.1/thumb/v7e-m+fp/softfp\libc_nano.a(libc_a-dtoa.o)
 .text._dtoa_r  0x08208600      0xc54 c:/siliconlabs/simplicitystudio/v5/developer/toolchains/gnu_arm/12.2.rel1_2023.7/bin/../lib/gcc/arm-none-eabi/12.2.1/thumb/v7e-m+fp/softfp\libc_nano.a(libc_a-dtoa.o)
                0x08208600                _dtoa_r
 .text._free_r  0x08209254       0x94 c:/siliconlabs/simplicitystudio/v5/developer/toolchains/gnu_arm/12.2.rel1_2023.7/bin/../lib/gcc/arm-none-eabi/12.2.1/thumb/v7e-m+fp/softfp\libc_nano.a(libc_a-freer.o)
                0x08209254                _free_r
 .text.malloc   0x082092e8       0x10 c:/siliconlabs/simplicitystudio/v5/developer/toolchains/gnu_arm/12.2.rel1_2023.7/bin/../lib/gcc/arm-none-eabi/12.2.1/thumb/v7e-m+fp/softfp\libc_nano.a(libc_a-malloc.o)
                0x082092e8                malloc
 .text.sbrk_aligned
                0x082092f8       0x44 c:/siliconlabs/simplicitystudio/v5/developer/toolchains/gnu_arm/12.2.rel1_2023.7/bin/../lib/gcc/arm-none-eabi/12.2.1/thumb/v7e-m+fp/softfp\libc_nano.a(libc_a-mallocr.o)
 .text._malloc_r
                0x0820933c       0xf0 c:/siliconlabs/simplicitystudio/v5/developer/toolchains/gnu_arm/12.2.rel1_2023.7/bin/../lib/gcc/arm-none-eabi/12.2.1/thumb/v7e-m+fp/softfp\libc_nano.a(libc_a-mallocr.o)
                0x0820933c                _malloc_r
 .text.__malloc_lock
                0x0820942c        0xc c:/siliconlabs/simplicitystudio/v5/developer/toolchains/gnu_arm/12.2.rel1_2023.7/bin/../lib/gcc/arm-none-eabi/12.2.1/thumb/v7e-m+fp/softfp\libc_nano.a(libc_a-mlock.o)
                0x0820942c                __malloc_lock
 .text.__malloc_unlock
                0x08209438        0xc c:/siliconlabs/simplicitystudio/v5/developer/toolchains/gnu_arm/12.2.rel1_2023.7/bin/../lib/gcc/arm-none-eabi/12.2.1/thumb/v7e-m+fp/softfp\libc_nano.a(libc_a-mlock.o)
                0x08209438                __malloc_unlock
 .text._Balloc  0x08209444       0x80 c:/siliconlabs/simplicitystudio/v5/developer/toolchains/gnu_arm/12.2.rel1_2023.7/bin/../lib/gcc/arm-none-eabi/12.2.1/thumb/v7e-m+fp/softfp\libc_nano.a(libc_a-mprec.o)
                0x08209444                _Balloc
 .text._Bfree   0x082094c4       0x44 c:/siliconlabs/simplicitystudio/v5/developer/toolchains/gnu_arm/12.2.rel1_2023.7/bin/../lib/gcc/arm-none-eabi/12.2.1/thumb/v7e-m+fp/softfp\libc_nano.a(libc_a-mprec.o)
                0x082094c4                _Bfree
 .text.__multadd
                0x08209508       0x8c c:/siliconlabs/simplicitystudio/v5/developer/toolchains/gnu_arm/12.2.rel1_2023.7/bin/../lib/gcc/arm-none-eabi/12.2.1/thumb/v7e-m+fp/softfp\libc_nano.a(libc_a-mprec.o)
                0x08209508                __multadd
 .text.__hi0bits
                0x08209594       0x44 c:/siliconlabs/simplicitystudio/v5/developer/toolchains/gnu_arm/12.2.rel1_2023.7/bin/../lib/gcc/arm-none-eabi/12.2.1/thumb/v7e-m+fp/softfp\libc_nano.a(libc_a-mprec.o)
                0x08209594                __hi0bits
 .text.__lo0bits
                0x082095d8       0x5a c:/siliconlabs/simplicitystudio/v5/developer/toolchains/gnu_arm/12.2.rel1_2023.7/bin/../lib/gcc/arm-none-eabi/12.2.1/thumb/v7e-m+fp/softfp\libc_nano.a(libc_a-mprec.o)
                0x082095d8                __lo0bits
 *fill*         0x08209632        0x2 
 .text.__i2b    0x08209634       0x2c c:/siliconlabs/simplicitystudio/v5/developer/toolchains/gnu_arm/12.2.rel1_2023.7/bin/../lib/gcc/arm-none-eabi/12.2.1/thumb/v7e-m+fp/softfp\libc_nano.a(libc_a-mprec.o)
                0x08209634                __i2b
 .text.__multiply
                0x08209660      0x154 c:/siliconlabs/simplicitystudio/v5/developer/toolchains/gnu_arm/12.2.rel1_2023.7/bin/../lib/gcc/arm-none-eabi/12.2.1/thumb/v7e-m+fp/softfp\libc_nano.a(libc_a-mprec.o)
                0x08209660                __multiply
 .text.__pow5mult
                0x082097b4       0xb4 c:/siliconlabs/simplicitystudio/v5/developer/toolchains/gnu_arm/12.2.rel1_2023.7/bin/../lib/gcc/arm-none-eabi/12.2.1/thumb/v7e-m+fp/softfp\libc_nano.a(libc_a-mprec.o)
                0x082097b4                __pow5mult
 .text.__lshift
                0x08209868       0xd8 c:/siliconlabs/simplicitystudio/v5/developer/toolchains/gnu_arm/12.2.rel1_2023.7/bin/../lib/gcc/arm-none-eabi/12.2.1/thumb/v7e-m+fp/softfp\libc_nano.a(libc_a-mprec.o)
                0x08209868                __lshift
 .text.__mcmp   0x08209940       0x36 c:/siliconlabs/simplicitystudio/v5/developer/toolchains/gnu_arm/12.2.rel1_2023.7/bin/../lib/gcc/arm-none-eabi/12.2.1/thumb/v7e-m+fp/softfp\libc_nano.a(libc_a-mprec.o)
                0x08209940                __mcmp
 *fill*         0x08209976        0x2 
 .text.__mdiff  0x08209978      0x128 c:/siliconlabs/simplicitystudio/v5/developer/toolchains/gnu_arm/12.2.rel1_2023.7/bin/../lib/gcc/arm-none-eabi/12.2.1/thumb/v7e-m+fp/softfp\libc_nano.a(libc_a-mprec.o)
                0x08209978                __mdiff
 .text.__d2b    0x08209aa0       0xb0 c:/siliconlabs/simplicitystudio/v5/developer/toolchains/gnu_arm/12.2.rel1_2023.7/bin/../lib/gcc/arm-none-eabi/12.2.1/thumb/v7e-m+fp/softfp\libc_nano.a(libc_a-mprec.o)
                0x08209aa0                __d2b
 .text.__sfputc_r
                0x08209b50       0x2e c:/siliconlabs/simplicitystudio/v5/developer/toolchains/gnu_arm/12.2.rel1_2023.7/bin/../lib/gcc/arm-none-eabi/12.2.1/thumb/v7e-m+fp/softfp\libc_nano.a(libc_a-nano-vfprintf.o)
 .text.__sfputs_r
                0x08209b7e       0x24 c:/siliconlabs/simplicitystudio/v5/developer/toolchains/gnu_arm/12.2.rel1_2023.7/bin/../lib/gcc/arm-none-eabi/12.2.1/thumb/v7e-m+fp/softfp\libc_nano.a(libc_a-nano-vfprintf.o)
                0x08209b7e                __sfputs_r
 *fill*         0x08209ba2        0x2 
 .text._vfprintf_r
                0x08209ba4      0x230 c:/siliconlabs/simplicitystudio/v5/developer/toolchains/gnu_arm/12.2.rel1_2023.7/bin/../lib/gcc/arm-none-eabi/12.2.1/thumb/v7e-m+fp/softfp\libc_nano.a(libc_a-nano-vfprintf.o)
                0x08209ba4                _vfprintf_r
                0x08209ba4                _vfiprintf_r
 .text.__sflush_r
                0x08209dd4      0x108 c:/siliconlabs/simplicitystudio/v5/developer/toolchains/gnu_arm/12.2.rel1_2023.7/bin/../lib/gcc/arm-none-eabi/12.2.1/thumb/v7e-m+fp/softfp\libc_nano.a(libc_a-fflush.o)
                0x08209dd4                __sflush_r
 .text._fflush_r
                0x08209edc       0x50 c:/siliconlabs/simplicitystudio/v5/developer/toolchains/gnu_arm/12.2.rel1_2023.7/bin/../lib/gcc/arm-none-eabi/12.2.1/thumb/v7e-m+fp/softfp\libc_nano.a(libc_a-fflush.o)
                0x08209edc                _fflush_r
 .text.__swhatbuf_r
                0x08209f2c       0x4c c:/siliconlabs/simplicitystudio/v5/developer/toolchains/gnu_arm/12.2.rel1_2023.7/bin/../lib/gcc/arm-none-eabi/12.2.1/thumb/v7e-m+fp/softfp\libc_nano.a(libc_a-makebuf.o)
                0x08209f2c                __swhatbuf_r
 .text.__smakebuf_r
                0x08209f78       0x78 c:/siliconlabs/simplicitystudio/v5/developer/toolchains/gnu_arm/12.2.rel1_2023.7/bin/../lib/gcc/arm-none-eabi/12.2.1/thumb/v7e-m+fp/softfp\libc_nano.a(libc_a-makebuf.o)
                0x08209f78                __smakebuf_r
 .text._fstat_r
                0x08209ff0       0x24 c:/siliconlabs/simplicitystudio/v5/developer/toolchains/gnu_arm/12.2.rel1_2023.7/bin/../lib/gcc/arm-none-eabi/12.2.1/thumb/v7e-m+fp/softfp\libc_nano.a(libc_a-fstatr.o)
                0x08209ff0                _fstat_r
 .text._isatty_r
                0x0820a014       0x20 c:/siliconlabs/simplicitystudio/v5/developer/toolchains/gnu_arm/12.2.rel1_2023.7/bin/../lib/gcc/arm-none-eabi/12.2.1/thumb/v7e-m+fp/softfp\libc_nano.a(libc_a-isattyr.o)
                0x0820a014                _isatty_r
 .text._sbrk_r  0x0820a034       0x20 c:/siliconlabs/simplicitystudio/v5/developer/toolchains/gnu_arm/12.2.rel1_2023.7/bin/../lib/gcc/arm-none-eabi/12.2.1/thumb/v7e-m+fp/softfp\libc_nano.a(libc_a-sbrkr.o)
                0x0820a034                _sbrk_r
 .text.memcpy   0x0820a054       0x1c c:/siliconlabs/simplicitystudio/v5/developer/toolchains/gnu_arm/12.2.rel1_2023.7/bin/../lib/gcc/arm-none-eabi/12.2.1/thumb/v7e-m+fp/softfp\libc_nano.a(libc_a-memcpy-stub.o)
                0x0820a054                memcpy
 .text.__assert_func
                0x0820a070       0x3c c:/siliconlabs/simplicitystudio/v5/developer/toolchains/gnu_arm/12.2.rel1_2023.7/bin/../lib/gcc/arm-none-eabi/12.2.1/thumb/v7e-m+fp/softfp\libc_nano.a(libc_a-assert.o)
                0x0820a070                __assert_func
 .text._calloc_r
                0x0820a0ac       0x28 c:/siliconlabs/simplicitystudio/v5/developer/toolchains/gnu_arm/12.2.rel1_2023.7/bin/../lib/gcc/arm-none-eabi/12.2.1/thumb/v7e-m+fp/softfp\libc_nano.a(libc_a-callocr.o)
                0x0820a0ac                _calloc_r
 .text.__ascii_mbtowc
                0x0820a0d4       0x24 c:/siliconlabs/simplicitystudio/v5/developer/toolchains/gnu_arm/12.2.rel1_2023.7/bin/../lib/gcc/arm-none-eabi/12.2.1/thumb/v7e-m+fp/softfp\libc_nano.a(libc_a-mbtowc_r.o)
                0x0820a0d4                __ascii_mbtowc
 .text.__ascii_wctomb
                0x0820a0f8       0x1a c:/siliconlabs/simplicitystudio/v5/developer/toolchains/gnu_arm/12.2.rel1_2023.7/bin/../lib/gcc/arm-none-eabi/12.2.1/thumb/v7e-m+fp/softfp\libc_nano.a(libc_a-wctomb_r.o)
                0x0820a0f8                __ascii_wctomb
 *fill*         0x0820a112        0x2 
 .text.fprintf  0x0820a114       0x24 c:/siliconlabs/simplicitystudio/v5/developer/toolchains/gnu_arm/12.2.rel1_2023.7/bin/../lib/gcc/arm-none-eabi/12.2.1/thumb/v7e-m+fp/softfp\libc_nano.a(libc_a-fprintf.o)
                0x0820a114                fiprintf
                0x0820a114                fprintf
 .text.abort    0x0820a138        0xe c:/siliconlabs/simplicitystudio/v5/developer/toolchains/gnu_arm/12.2.rel1_2023.7/bin/../lib/gcc/arm-none-eabi/12.2.1/thumb/v7e-m+fp/softfp\libc_nano.a(libc_a-abort.o)
                0x0820a138                abort
 .text._raise_r
                0x0820a146       0x50 c:/siliconlabs/simplicitystudio/v5/developer/toolchains/gnu_arm/12.2.rel1_2023.7/bin/../lib/gcc/arm-none-eabi/12.2.1/thumb/v7e-m+fp/softfp\libc_nano.a(libc_a-signal.o)
                0x0820a146                _raise_r
 *fill*         0x0820a196        0x2 
 .text.raise    0x0820a198       0x10 c:/siliconlabs/simplicitystudio/v5/developer/toolchains/gnu_arm/12.2.rel1_2023.7/bin/../lib/gcc/arm-none-eabi/12.2.1/thumb/v7e-m+fp/softfp\libc_nano.a(libc_a-signal.o)
                0x0820a198                raise
 .text._kill_r  0x0820a1a8       0x24 c:/siliconlabs/simplicitystudio/v5/developer/toolchains/gnu_arm/12.2.rel1_2023.7/bin/../lib/gcc/arm-none-eabi/12.2.1/thumb/v7e-m+fp/softfp\libc_nano.a(libc_a-signalr.o)
                0x0820a1a8                _kill_r
 .text._getpid_r
                0x0820a1cc        0x4 c:/siliconlabs/simplicitystudio/v5/developer/toolchains/gnu_arm/12.2.rel1_2023.7/bin/../lib/gcc/arm-none-eabi/12.2.1/thumb/v7e-m+fp/softfp\libc_nano.a(libc_a-signalr.o)
                0x0820a1cc                _getpid_r
 .text          0x0820a1d0      0x110 c:/siliconlabs/simplicitystudio/v5/developer/toolchains/gnu_arm/12.2.rel1_2023.7/bin/../lib/gcc/arm-none-eabi/12.2.1/thumb/v7e-m+fp/softfp\libgcc.a(_arm_cmpdf2.o)
                0x0820a1d0                __gtdf2
                0x0820a1d0                __gedf2
                0x0820a1d8                __ltdf2
                0x0820a1d8                __ledf2
                0x0820a1e0                __nedf2
                0x0820a1e0                __eqdf2
                0x0820a1e0                __cmpdf2
                0x0820a25c                __aeabi_cdrcmple
                0x0820a26c                __aeabi_cdcmpeq
                0x0820a26c                __aeabi_cdcmple
                0x0820a27c                __aeabi_dcmpeq
                0x0820a290                __aeabi_dcmplt
                0x0820a2a4                __aeabi_dcmple
                0x0820a2b8                __aeabi_dcmpge
                0x0820a2cc                __aeabi_dcmpgt
 .text          0x0820a2e0       0x2c c:/siliconlabs/simplicitystudio/v5/developer/toolchains/gnu_arm/12.2.rel1_2023.7/bin/../lib/gcc/arm-none-eabi/12.2.1/thumb/v7e-m+fp/softfp\libgcc.a(_arm_unorddf2.o)
                0x0820a2e0                __unorddf2
                0x0820a2e0                __aeabi_dcmpun
 .text          0x0820a30c       0x50 c:/siliconlabs/simplicitystudio/v5/developer/toolchains/gnu_arm/12.2.rel1_2023.7/bin/../lib/gcc/arm-none-eabi/12.2.1/thumb/v7e-m+fp/softfp\libgcc.a(_arm_fixdfsi.o)
                0x0820a30c                __aeabi_d2iz
                0x0820a30c                __fixdfsi
 *(.init)
 .init          0x0820a35c        0x4 c:/siliconlabs/simplicitystudio/v5/developer/toolchains/gnu_arm/12.2.rel1_2023.7/bin/../lib/gcc/arm-none-eabi/12.2.1/thumb/v7e-m+fp/softfp/crti.o
                0x0820a35c                _init
 .init          0x0820a360        0x8 c:/siliconlabs/simplicitystudio/v5/developer/toolchains/gnu_arm/12.2.rel1_2023.7/bin/../lib/gcc/arm-none-eabi/12.2.1/thumb/v7e-m+fp/softfp/crtn.o
 *(.fini)
 .fini          0x0820a368        0x4 c:/siliconlabs/simplicitystudio/v5/developer/toolchains/gnu_arm/12.2.rel1_2023.7/bin/../lib/gcc/arm-none-eabi/12.2.1/thumb/v7e-m+fp/softfp/crti.o
                0x0820a368                _fini
 .fini          0x0820a36c        0x8 c:/siliconlabs/simplicitystudio/v5/developer/toolchains/gnu_arm/12.2.rel1_2023.7/bin/../lib/gcc/arm-none-eabi/12.2.1/thumb/v7e-m+fp/softfp/crtn.o
 *crtbegin.o(.ctors)
 *crtbegin?.o(.ctors)
 *(EXCLUDE_FILE(*crtend.o *crtend?.o) .ctors)
 *(SORT_BY_NAME(.ctors.*))
 *(.ctors)
 *crtbegin.o(.dtors)
 *crtbegin?.o(.dtors)
 *(EXCLUDE_FILE(*crtend.o *crtend?.o) .dtors)
 *(SORT_BY_NAME(.dtors.*))
 *(.dtors)
 *(.rodata*)
 .rodata.compare_loop_back_data.str1.1
                0x0820a374       0x62 ./gspi_example.o
 .rodata.gspi_example_init.str1.1
                0x0820a3d6      0x2da ./gspi_example.o
 .rodata.gspi_example_process_action.str1.1
                0x0820a6b0      0x1a4 ./gspi_example.o
 .rodata.Driver_GSPI_MASTER
                0x0820a854       0x2c ./wiseconnect3_sdk_3.3.0/components/device/silabs/si91x/mcu/drivers/cmsis_driver/GSPI.o
                0x0820a854                Driver_GSPI_MASTER
 .rodata.GSPI_MASTER_Resources
                0x0820a880       0x3c ./wiseconnect3_sdk_3.3.0/components/device/silabs/si91x/mcu/drivers/cmsis_driver/GSPI.o
 .rodata.gspi_miso
                0x0820a8bc        0x4 ./wiseconnect3_sdk_3.3.0/components/device/silabs/si91x/mcu/drivers/cmsis_driver/GSPI.o
 .rodata.gspi_mosi
                0x0820a8c0        0x4 ./wiseconnect3_sdk_3.3.0/components/device/silabs/si91x/mcu/drivers/cmsis_driver/GSPI.o
 .rodata.gspi_cs2
                0x0820a8c4        0x4 ./wiseconnect3_sdk_3.3.0/components/device/silabs/si91x/mcu/drivers/cmsis_driver/GSPI.o
 .rodata.gspi_cs1
                0x0820a8c8        0x4 ./wiseconnect3_sdk_3.3.0/components/device/silabs/si91x/mcu/drivers/cmsis_driver/GSPI.o
 .rodata.gspi_cs0
                0x0820a8cc        0x4 ./wiseconnect3_sdk_3.3.0/components/device/silabs/si91x/mcu/drivers/cmsis_driver/GSPI.o
 .rodata.gspi_clock
                0x0820a8d0        0x4 ./wiseconnect3_sdk_3.3.0/components/device/silabs/si91x/mcu/drivers/cmsis_driver/GSPI.o
 .rodata.DriverVersion
                0x0820a8d4        0x4 ./wiseconnect3_sdk_3.3.0/components/device/silabs/si91x/mcu/drivers/cmsis_driver/GSPI.o
 .rodata.Driver_ULP_UART
                0x0820a8d8       0x38 ./wiseconnect3_sdk_3.3.0/components/device/silabs/si91x/mcu/drivers/cmsis_driver/USART.o
                0x0820a8d8                Driver_ULP_UART
 .rodata.ulp_uart_rts
                0x0820a910        0x4 ./wiseconnect3_sdk_3.3.0/components/device/silabs/si91x/mcu/drivers/cmsis_driver/USART.o
 .rodata.ulp_uart_cts
                0x0820a914        0x4 ./wiseconnect3_sdk_3.3.0/components/device/silabs/si91x/mcu/drivers/cmsis_driver/USART.o
 .rodata.ulp_uart_rx
                0x0820a918        0x4 ./wiseconnect3_sdk_3.3.0/components/device/silabs/si91x/mcu/drivers/cmsis_driver/USART.o
 .rodata.ulp_uart_tx
                0x0820a91c        0x4 ./wiseconnect3_sdk_3.3.0/components/device/silabs/si91x/mcu/drivers/cmsis_driver/USART.o
 .rodata.uart1_rts
                0x0820a920        0x4 ./wiseconnect3_sdk_3.3.0/components/device/silabs/si91x/mcu/drivers/cmsis_driver/USART.o
 .rodata.uart1_cts
                0x0820a924        0x4 ./wiseconnect3_sdk_3.3.0/components/device/silabs/si91x/mcu/drivers/cmsis_driver/USART.o
 .rodata.uart1_rx
                0x0820a928        0x4 ./wiseconnect3_sdk_3.3.0/components/device/silabs/si91x/mcu/drivers/cmsis_driver/USART.o
 .rodata.uart1_tx
                0x0820a92c        0x4 ./wiseconnect3_sdk_3.3.0/components/device/silabs/si91x/mcu/drivers/cmsis_driver/USART.o
 .rodata.usart0_ir_rx
                0x0820a930        0x4 ./wiseconnect3_sdk_3.3.0/components/device/silabs/si91x/mcu/drivers/cmsis_driver/USART.o
 .rodata.usart0_ir_tx
                0x0820a934        0x4 ./wiseconnect3_sdk_3.3.0/components/device/silabs/si91x/mcu/drivers/cmsis_driver/USART.o
 .rodata.usart0_rts
                0x0820a938        0x4 ./wiseconnect3_sdk_3.3.0/components/device/silabs/si91x/mcu/drivers/cmsis_driver/USART.o
 .rodata.usart0_cts
                0x0820a93c        0x4 ./wiseconnect3_sdk_3.3.0/components/device/silabs/si91x/mcu/drivers/cmsis_driver/USART.o
 .rodata.usart0_rx
                0x0820a940        0x4 ./wiseconnect3_sdk_3.3.0/components/device/silabs/si91x/mcu/drivers/cmsis_driver/USART.o
 .rodata.usart0_tx
                0x0820a944        0x4 ./wiseconnect3_sdk_3.3.0/components/device/silabs/si91x/mcu/drivers/cmsis_driver/USART.o
 .rodata.usart0_clock
                0x0820a948        0x4 ./wiseconnect3_sdk_3.3.0/components/device/silabs/si91x/mcu/drivers/cmsis_driver/USART.o
 .rodata.UsartDriverVersion
                0x0820a94c        0x4 ./wiseconnect3_sdk_3.3.0/components/device/silabs/si91x/mcu/drivers/cmsis_driver/USART.o
 .rodata.CSWTCH.9
                0x0820a950        0xc ./wiseconnect3_sdk_3.3.0/components/device/silabs/si91x/mcu/drivers/unified_api/src/sl_si91x_gspi.o
 .rodata.ulp_timer_irq_numbers
                0x0820a95c        0x4 ./wiseconnect3_sdk_3.3.0/components/device/silabs/si91x/mcu/drivers/unified_api/src/sl_si91x_ulp_timer.o
 .rodata._printf_float.str1.1
                0x0820a960       0x12 c:/siliconlabs/simplicitystudio/v5/developer/toolchains/gnu_arm/12.2.rel1_2023.7/bin/../lib/gcc/arm-none-eabi/12.2.1/thumb/v7e-m+fp/softfp\libc_nano.a(libc_a-nano-vfprintf_float.o)
 .rodata._printf_i.str1.1
                0x0820a972       0x22 c:/siliconlabs/simplicitystudio/v5/developer/toolchains/gnu_arm/12.2.rel1_2023.7/bin/../lib/gcc/arm-none-eabi/12.2.1/thumb/v7e-m+fp/softfp\libc_nano.a(libc_a-nano-vfprintf_i.o)
 .rodata._dtoa_r.str1.1
                0x0820a994       0x8e c:/siliconlabs/simplicitystudio/v5/developer/toolchains/gnu_arm/12.2.rel1_2023.7/bin/../lib/gcc/arm-none-eabi/12.2.1/thumb/v7e-m+fp/softfp\libc_nano.a(libc_a-dtoa.o)
                                 0x90 (size before relaxing)
 .rodata._Balloc.str1.1
                0x0820aa22       0x5a c:/siliconlabs/simplicitystudio/v5/developer/toolchains/gnu_arm/12.2.rel1_2023.7/bin/../lib/gcc/arm-none-eabi/12.2.1/thumb/v7e-m+fp/softfp\libc_nano.a(libc_a-mprec.o)
                                 0x71 (size before relaxing)
 .rodata.__multadd.str1.1
                0x0820aa7c       0x11 c:/siliconlabs/simplicitystudio/v5/developer/toolchains/gnu_arm/12.2.rel1_2023.7/bin/../lib/gcc/arm-none-eabi/12.2.1/thumb/v7e-m+fp/softfp\libc_nano.a(libc_a-mprec.o)
 .rodata.p05.0  0x0820aa7c        0xc c:/siliconlabs/simplicitystudio/v5/developer/toolchains/gnu_arm/12.2.rel1_2023.7/bin/../lib/gcc/arm-none-eabi/12.2.1/thumb/v7e-m+fp/softfp\libc_nano.a(libc_a-mprec.o)
 .rodata.__mprec_bigtens
                0x0820aa88       0x28 c:/siliconlabs/simplicitystudio/v5/developer/toolchains/gnu_arm/12.2.rel1_2023.7/bin/../lib/gcc/arm-none-eabi/12.2.1/thumb/v7e-m+fp/softfp\libc_nano.a(libc_a-mprec.o)
                0x0820aa88                __mprec_bigtens
 .rodata.__mprec_tens
                0x0820aab0       0xc8 c:/siliconlabs/simplicitystudio/v5/developer/toolchains/gnu_arm/12.2.rel1_2023.7/bin/../lib/gcc/arm-none-eabi/12.2.1/thumb/v7e-m+fp/softfp\libc_nano.a(libc_a-mprec.o)
                0x0820aab0                __mprec_tens
 .rodata._vfprintf_r.str1.1
                0x0820ab78       0x11 c:/siliconlabs/simplicitystudio/v5/developer/toolchains/gnu_arm/12.2.rel1_2023.7/bin/../lib/gcc/arm-none-eabi/12.2.1/thumb/v7e-m+fp/softfp\libc_nano.a(libc_a-nano-vfprintf.o)
 .rodata._setlocale_r.str1.1
                0x0820ab89        0x8 c:/siliconlabs/simplicitystudio/v5/developer/toolchains/gnu_arm/12.2.rel1_2023.7/bin/../lib/gcc/arm-none-eabi/12.2.1/thumb/v7e-m+fp/softfp\libc_nano.a(libc_a-locale.o)
                                  0x9 (size before relaxing)
 .rodata.str1.1
                0x0820ab91        0x2 c:/siliconlabs/simplicitystudio/v5/developer/toolchains/gnu_arm/12.2.rel1_2023.7/bin/../lib/gcc/arm-none-eabi/12.2.1/thumb/v7e-m+fp/softfp\libc_nano.a(libc_a-locale.o)
 .rodata.__assert_func.str1.1
                0x0820ab93       0x3c c:/siliconlabs/simplicitystudio/v5/developer/toolchains/gnu_arm/12.2.rel1_2023.7/bin/../lib/gcc/arm-none-eabi/12.2.1/thumb/v7e-m+fp/softfp\libc_nano.a(libc_a-assert.o)
                                 0x3d (size before relaxing)
 .rodata._ctype_
                0x0820abcf      0x101 c:/siliconlabs/simplicitystudio/v5/developer/toolchains/gnu_arm/12.2.rel1_2023.7/bin/../lib/gcc/arm-none-eabi/12.2.1/thumb/v7e-m+fp/softfp\libc_nano.a(libc_a-ctype_.o)
                0x0820abcf                _ctype_
 *(.eh_fram e*)

.eh_frame       0x0820acd0        0x0
 .eh_frame      0x0820acd0        0x0 c:/siliconlabs/simplicitystudio/v5/developer/toolchains/gnu_arm/12.2.rel1_2023.7/bin/../lib/gcc/arm-none-eabi/12.2.1/thumb/v7e-m+fp/softfp/crtbegin.o

.glue_7         0x0820acd0        0x0
 .glue_7        0x0820acd0        0x0 linker stubs

.glue_7t        0x0820acd0        0x0
 .glue_7t       0x0820acd0        0x0 linker stubs

.vfp11_veneer   0x0820acd0        0x0
 .vfp11_veneer  0x0820acd0        0x0 linker stubs

.v4_bx          0x0820acd0        0x0
 .v4_bx         0x0820acd0        0x0 linker stubs

.iplt           0x0820acd0        0x0
 .iplt          0x0820acd0        0x0 c:/siliconlabs/simplicitystudio/v5/developer/toolchains/gnu_arm/12.2.rel1_2023.7/bin/../lib/gcc/arm-none-eabi/12.2.1/thumb/v7e-m+fp/softfp/crtbegin.o

.common_tcm_code
                0x0820acd0      0x21c
 .common_tcm_code
                0x0820acd0      0x21c ./wiseconnect3_sdk_3.3.0/components/device/silabs/si91x/mcu/core/chip/src/iPMU_prog/iPMU_dotc/ipmu_apis.o
                0x0820acd0                update_ipmu_calib_data

.rel.dyn        0x0820aeec        0x0
 .rel.iplt      0x0820aeec        0x0 c:/siliconlabs/simplicitystudio/v5/developer/toolchains/gnu_arm/12.2.rel1_2023.7/bin/../lib/gcc/arm-none-eabi/12.2.1/thumb/v7e-m+fp/softfp/crtbegin.o

.ARM.extab
 *(.ARM.extab* .gnu.linkonce.armextab.*)
                0x0820aeec                __exidx_start = .

.ARM.exidx
 *(.ARM.exidx* .gnu.linkonce.armexidx.*)
                0x0820aeec                __exidx_end = .
                0x0820aeec                __etext = .
                0x0820aeec                _sidata = __etext

.data           0x0000000c      0x798 load address 0x0820aeec
                0x0000000c                __data_start__ = .
                0x0000000c                _sdata = __data_start__
 *(.data*)
 .data.begin_transmission
                0x0000000c        0x1 ./gspi_example.o
 *fill*         0x0000000d        0x1 
 .data.gspi_division_factor
                0x0000000e        0x2 ./gspi_example.o
 .data.sl_timer_clk_handle
                0x00000010        0x4 ./gspi_example.o
                0x00000010                sl_timer_clk_handle
 .data.sl_timer_handle_timer0
                0x00000014        0xc ./autogen/sl_ulp_timer_init.o
                0x00000014                sl_timer_handle_timer0
 .data.retnLP_volt_trim_efuse
                0x00000020        0xc ./wiseconnect3_sdk_3.3.0/components/device/silabs/si91x/mcu/core/chip/src/iPMU_prog/iPMU_dotc/rsi_system_config_917.o
                0x00000020                retnLP_volt_trim_efuse
 .data.hpldo_volt_trim_efuse
                0x0000002c        0xc ./wiseconnect3_sdk_3.3.0/components/device/silabs/si91x/mcu/core/chip/src/iPMU_prog/iPMU_dotc/rsi_system_config_917.o
                0x0000002c                hpldo_volt_trim_efuse
 .data.scdc_volt_trim_efuse
                0x00000038        0xc ./wiseconnect3_sdk_3.3.0/components/device/silabs/si91x/mcu/core/chip/src/iPMU_prog/iPMU_dotc/rsi_system_config_917.o
                0x00000038                scdc_volt_trim_efuse
 .data.dpwm_freq_trim_efuse
                0x00000044        0xc ./wiseconnect3_sdk_3.3.0/components/device/silabs/si91x/mcu/core/chip/src/iPMU_prog/iPMU_dotc/rsi_system_config_917.o
                0x00000044                dpwm_freq_trim_efuse
 .data.ldosoc_trim_efuse
                0x00000050        0xc ./wiseconnect3_sdk_3.3.0/components/device/silabs/si91x/mcu/core/chip/src/iPMU_prog/iPMU_dotc/rsi_system_config_917.o
                0x00000050                ldosoc_trim_efuse
 .data.buck_trim_efuse
                0x0000005c        0xc ./wiseconnect3_sdk_3.3.0/components/device/silabs/si91x/mcu/core/chip/src/iPMU_prog/iPMU_dotc/rsi_system_config_917.o
                0x0000005c                buck_trim_efuse
 .data.auxadc_gain_se_efuse
                0x00000068        0xc ./wiseconnect3_sdk_3.3.0/components/device/silabs/si91x/mcu/core/chip/src/iPMU_prog/iPMU_dotc/rsi_system_config_917.o
                0x00000068                auxadc_gain_se_efuse
 .data.auxadc_off_se_efuse
                0x00000074        0xc ./wiseconnect3_sdk_3.3.0/components/device/silabs/si91x/mcu/core/chip/src/iPMU_prog/iPMU_dotc/rsi_system_config_917.o
                0x00000074                auxadc_off_se_efuse
 .data.auxadc_gain_diff_efuse
                0x00000080        0xc ./wiseconnect3_sdk_3.3.0/components/device/silabs/si91x/mcu/core/chip/src/iPMU_prog/iPMU_dotc/rsi_system_config_917.o
                0x00000080                auxadc_gain_diff_efuse
 .data.auxadc_off_diff_efuse
                0x0000008c        0xc ./wiseconnect3_sdk_3.3.0/components/device/silabs/si91x/mcu/core/chip/src/iPMU_prog/iPMU_dotc/rsi_system_config_917.o
                0x0000008c                auxadc_off_diff_efuse
 .data.delvbe_tsbjt_efuse
                0x00000098        0xc ./wiseconnect3_sdk_3.3.0/components/device/silabs/si91x/mcu/core/chip/src/iPMU_prog/iPMU_dotc/rsi_system_config_917.o
                0x00000098                delvbe_tsbjt_efuse
 .data.vbg_tsbjt_efuse
                0x000000a4        0xc ./wiseconnect3_sdk_3.3.0/components/device/silabs/si91x/mcu/core/chip/src/iPMU_prog/iPMU_dotc/rsi_system_config_917.o
                0x000000a4                vbg_tsbjt_efuse
 .data.ro_ts_efuse
                0x000000b0        0xc ./wiseconnect3_sdk_3.3.0/components/device/silabs/si91x/mcu/core/chip/src/iPMU_prog/iPMU_dotc/rsi_system_config_917.o
                0x000000b0                ro_ts_efuse
 .data.vbatt_status_trim_efuse
                0x000000bc        0xc ./wiseconnect3_sdk_3.3.0/components/device/silabs/si91x/mcu/core/chip/src/iPMU_prog/iPMU_dotc/rsi_system_config_917.o
                0x000000bc                vbatt_status_trim_efuse
 .data.m20ro_osc_trim_efuse
                0x000000c8        0xc ./wiseconnect3_sdk_3.3.0/components/device/silabs/si91x/mcu/core/chip/src/iPMU_prog/iPMU_dotc/rsi_system_config_917.o
                0x000000c8                m20ro_osc_trim_efuse
 .data.xtal2_bias_efuse
                0x000000d4        0xc ./wiseconnect3_sdk_3.3.0/components/device/silabs/si91x/mcu/core/chip/src/iPMU_prog/iPMU_dotc/rsi_system_config_917.o
                0x000000d4                xtal2_bias_efuse
 .data.xtal1_bias_efuse
                0x000000e0        0xc ./wiseconnect3_sdk_3.3.0/components/device/silabs/si91x/mcu/core/chip/src/iPMU_prog/iPMU_dotc/rsi_system_config_917.o
                0x000000e0                xtal1_bias_efuse
 .data.rc_32khz_trim_efuse
                0x000000ec       0x1c ./wiseconnect3_sdk_3.3.0/components/device/silabs/si91x/mcu/core/chip/src/iPMU_prog/iPMU_dotc/rsi_system_config_917.o
                0x000000ec                rc_32khz_trim_efuse
 .data.rc_64khz_trim_efuse
                0x00000108       0x1c ./wiseconnect3_sdk_3.3.0/components/device/silabs/si91x/mcu/core/chip/src/iPMU_prog/iPMU_dotc/rsi_system_config_917.o
                0x00000108                rc_64khz_trim_efuse
 .data.rc_16khz_trim_efuse
                0x00000124       0x1c ./wiseconnect3_sdk_3.3.0/components/device/silabs/si91x/mcu/core/chip/src/iPMU_prog/iPMU_dotc/rsi_system_config_917.o
                0x00000124                rc_16khz_trim_efuse
 .data.ro_32khz_trim00_efuse
                0x00000140        0xc ./wiseconnect3_sdk_3.3.0/components/device/silabs/si91x/mcu/core/chip/src/iPMU_prog/iPMU_dotc/rsi_system_config_917.o
                0x00000140                ro_32khz_trim00_efuse
 .data.ro_32khz_trim_efuse
                0x0000014c        0xc ./wiseconnect3_sdk_3.3.0/components/device/silabs/si91x/mcu/core/chip/src/iPMU_prog/iPMU_dotc/rsi_system_config_917.o
                0x0000014c                ro_32khz_trim_efuse
 .data.dblr_32m_trim_efuse
                0x00000158        0xc ./wiseconnect3_sdk_3.3.0/components/device/silabs/si91x/mcu/core/chip/src/iPMU_prog/iPMU_dotc/rsi_system_config_917.o
                0x00000158                dblr_32m_trim_efuse
 .data.m20rc_osc_trim_efuse
                0x00000164        0xc ./wiseconnect3_sdk_3.3.0/components/device/silabs/si91x/mcu/core/chip/src/iPMU_prog/iPMU_dotc/rsi_system_config_917.o
                0x00000164                m20rc_osc_trim_efuse
 .data.m32rc_osc_trim_efuse
                0x00000170        0xc ./wiseconnect3_sdk_3.3.0/components/device/silabs/si91x/mcu/core/chip/src/iPMU_prog/iPMU_dotc/rsi_system_config_917.o
                0x00000170                m32rc_osc_trim_efuse
 .data.blackout_trim_efuse
                0x0000017c        0xc ./wiseconnect3_sdk_3.3.0/components/device/silabs/si91x/mcu/core/chip/src/iPMU_prog/iPMU_dotc/rsi_system_config_917.o
                0x0000017c                blackout_trim_efuse
 .data.bg_trim_efuse
                0x00000188       0x14 ./wiseconnect3_sdk_3.3.0/components/device/silabs/si91x/mcu/core/chip/src/iPMU_prog/iPMU_dotc/rsi_system_config_917.o
                0x00000188                bg_trim_efuse
 .data.poc_bias_efuse
                0x0000019c        0xc ./wiseconnect3_sdk_3.3.0/components/device/silabs/si91x/mcu/core/chip/src/iPMU_prog/iPMU_dotc/rsi_system_config_917.o
                0x0000019c                poc_bias_efuse
 .data.ro_tempsense_config
                0x000001a8        0xc ./wiseconnect3_sdk_3.3.0/components/device/silabs/si91x/mcu/core/chip/src/iPMU_prog/iPMU_dotc/rsi_system_config_917.o
                0x000001a8                ro_tempsense_config
 .data.retn_ldo_lpmode
                0x000001b4       0x14 ./wiseconnect3_sdk_3.3.0/components/device/silabs/si91x/mcu/core/chip/src/iPMU_prog/iPMU_dotc/rsi_system_config_917.o
                0x000001b4                retn_ldo_lpmode
 .data.hpldo_tran
                0x000001c8        0xc ./wiseconnect3_sdk_3.3.0/components/device/silabs/si91x/mcu/core/chip/src/iPMU_prog/iPMU_dotc/rsi_system_config_917.o
                0x000001c8                hpldo_tran
 .data.lp_scdc_extcapmode
                0x000001d4       0x2c ./wiseconnect3_sdk_3.3.0/components/device/silabs/si91x/mcu/core/chip/src/iPMU_prog/iPMU_dotc/rsi_system_config_917.o
                0x000001d4                lp_scdc_extcapmode
 .data.ipmu_scdc_enable
                0x00000200       0x14 ./wiseconnect3_sdk_3.3.0/components/device/silabs/si91x/mcu/core/chip/src/iPMU_prog/iPMU_dotc/rsi_system_config_917.o
                0x00000200                ipmu_scdc_enable
 .data.LDOFLASH_BYPASS
                0x00000214        0xc ./wiseconnect3_sdk_3.3.0/components/device/silabs/si91x/mcu/core/chip/src/iPMU_prog/iPMU_dotc/rsi_system_config_917.o
                0x00000214                LDOFLASH_BYPASS
 .data.buck_fast_transient_duty_1p8
                0x00000220       0x1c ./wiseconnect3_sdk_3.3.0/components/device/silabs/si91x/mcu/core/chip/src/iPMU_prog/iPMU_dotc/rsi_system_config_917.o
                0x00000220                buck_fast_transient_duty_1p8
 .data.pmu_common_config
                0x0000023c       0x9c ./wiseconnect3_sdk_3.3.0/components/device/silabs/si91x/mcu/core/chip/src/iPMU_prog/iPMU_dotc/rsi_system_config_917.o
                0x0000023c                pmu_common_config
 .data.ipmu_common_config
                0x000002d8       0x4c ./wiseconnect3_sdk_3.3.0/components/device/silabs/si91x/mcu/core/chip/src/iPMU_prog/iPMU_dotc/rsi_system_config_917.o
                0x000002d8                ipmu_common_config
 .data.SystemCoreClock
                0x00000324        0x4 ./wiseconnect3_sdk_3.3.0/components/device/silabs/si91x/mcu/core/chip/src/system_si91x.o
                0x00000324                SystemCoreClock
 .data.heap_end.0
                0x00000328        0x4 ./wiseconnect3_sdk_3.3.0/components/device/silabs/si91x/mcu/core/common/src/syscalls.o
 .data.gspi_slavenumber
                0x0000032c        0x1 ./wiseconnect3_sdk_3.3.0/components/device/silabs/si91x/mcu/drivers/cmsis_driver/GSPI.o
                0x0000032c                gspi_slavenumber
 *fill*         0x0000032d        0x3 
 .data.GSPI_MASTER_UDMA_RX_CHNL
                0x00000330       0x24 ./wiseconnect3_sdk_3.3.0/components/device/silabs/si91x/mcu/drivers/cmsis_driver/GSPI.o
 .data.GSPI_MASTER_UDMA_TX_CHNL